{"timestamp":"2026-01-14T11:13:54.695857Z","level":"info","event":"DAG bundles loaded: dags-folder","logger":"airflow.dag_processing.bundles.manager.DagBundlesManager","filename":"manager.py","lineno":179}
{"timestamp":"2026-01-14T11:13:54.696261Z","level":"info","event":"Filling up the DagBag from /opt/airflow/dags/spark_minio.py","logger":"airflow.models.dagbag.DagBag","filename":"dagbag.py","lineno":593}
{"timestamp":"2026-01-14T11:13:54.848730Z","level":"warning","event":"The `airflow.operators.bash.BashOperator` attribute is deprecated. Please use `'airflow.providers.standard.operators.bash.BashOperator'`.","category":"DeprecatedImportWarning","filename":"/opt/airflow/dags/spark_minio.py","lineno":4,"logger":"py.warnings"}
{"timestamp":"2026-01-14T11:13:54.868635Z","level":"info","event":"Spark-Submit cmd: spark-submit --master spark://spark-master:7077 --name minio --verbose --deploy-mode client /opt/spark/jobs/minio.py","logger":"airflow.task.hooks.airflow.providers.apache.spark.hooks.spark_submit.SparkSubmitHook","filename":"spark_submit.py","lineno":473}
{"timestamp":"2026-01-14T11:13:54.946539Z","level":"info","event":"WARNING: Using incubator modules: jdk.incubator.vector","logger":"airflow.task.hooks.airflow.providers.apache.spark.hooks.spark_submit.SparkSubmitHook","filename":"spark_submit.py","lineno":643}
{"timestamp":"2026-01-14T11:13:55.457720Z","level":"info","event":"Parsed arguments:","logger":"airflow.task.hooks.airflow.providers.apache.spark.hooks.spark_submit.SparkSubmitHook","filename":"spark_submit.py","lineno":643}
{"timestamp":"2026-01-14T11:13:55.457887Z","level":"info","event":"master                  spark://spark-master:7077","logger":"airflow.task.hooks.airflow.providers.apache.spark.hooks.spark_submit.SparkSubmitHook","filename":"spark_submit.py","lineno":643}
{"timestamp":"2026-01-14T11:13:55.457930Z","level":"info","event":"remote                  null","logger":"airflow.task.hooks.airflow.providers.apache.spark.hooks.spark_submit.SparkSubmitHook","filename":"spark_submit.py","lineno":643}
{"timestamp":"2026-01-14T11:13:55.457960Z","level":"info","event":"deployMode              client","logger":"airflow.task.hooks.airflow.providers.apache.spark.hooks.spark_submit.SparkSubmitHook","filename":"spark_submit.py","lineno":643}
{"timestamp":"2026-01-14T11:13:55.457986Z","level":"info","event":"executorMemory          null","logger":"airflow.task.hooks.airflow.providers.apache.spark.hooks.spark_submit.SparkSubmitHook","filename":"spark_submit.py","lineno":643}
{"timestamp":"2026-01-14T11:13:55.458020Z","level":"info","event":"executorCores           null","logger":"airflow.task.hooks.airflow.providers.apache.spark.hooks.spark_submit.SparkSubmitHook","filename":"spark_submit.py","lineno":643}
{"timestamp":"2026-01-14T11:13:55.458144Z","level":"info","event":"totalExecutorCores      null","logger":"airflow.task.hooks.airflow.providers.apache.spark.hooks.spark_submit.SparkSubmitHook","filename":"spark_submit.py","lineno":643}
{"timestamp":"2026-01-14T11:13:55.458191Z","level":"info","event":"propertiesFile          null","logger":"airflow.task.hooks.airflow.providers.apache.spark.hooks.spark_submit.SparkSubmitHook","filename":"spark_submit.py","lineno":643}
{"timestamp":"2026-01-14T11:13:55.458219Z","level":"info","event":"driverMemory            null","logger":"airflow.task.hooks.airflow.providers.apache.spark.hooks.spark_submit.SparkSubmitHook","filename":"spark_submit.py","lineno":643}
{"timestamp":"2026-01-14T11:13:55.458246Z","level":"info","event":"driverCores             null","logger":"airflow.task.hooks.airflow.providers.apache.spark.hooks.spark_submit.SparkSubmitHook","filename":"spark_submit.py","lineno":643}
{"timestamp":"2026-01-14T11:13:55.458271Z","level":"info","event":"driverExtraClassPath    null","logger":"airflow.task.hooks.airflow.providers.apache.spark.hooks.spark_submit.SparkSubmitHook","filename":"spark_submit.py","lineno":643}
{"timestamp":"2026-01-14T11:13:55.458300Z","level":"info","event":"driverExtraLibraryPath  null","logger":"airflow.task.hooks.airflow.providers.apache.spark.hooks.spark_submit.SparkSubmitHook","filename":"spark_submit.py","lineno":643}
{"timestamp":"2026-01-14T11:13:55.458325Z","level":"info","event":"driverExtraJavaOptions  null","logger":"airflow.task.hooks.airflow.providers.apache.spark.hooks.spark_submit.SparkSubmitHook","filename":"spark_submit.py","lineno":643}
{"timestamp":"2026-01-14T11:13:55.458350Z","level":"info","event":"supervise               false","logger":"airflow.task.hooks.airflow.providers.apache.spark.hooks.spark_submit.SparkSubmitHook","filename":"spark_submit.py","lineno":643}
{"timestamp":"2026-01-14T11:13:55.458377Z","level":"info","event":"queue                   null","logger":"airflow.task.hooks.airflow.providers.apache.spark.hooks.spark_submit.SparkSubmitHook","filename":"spark_submit.py","lineno":643}
{"timestamp":"2026-01-14T11:13:55.458401Z","level":"info","event":"numExecutors            null","logger":"airflow.task.hooks.airflow.providers.apache.spark.hooks.spark_submit.SparkSubmitHook","filename":"spark_submit.py","lineno":643}
{"timestamp":"2026-01-14T11:13:55.458427Z","level":"info","event":"files                   null","logger":"airflow.task.hooks.airflow.providers.apache.spark.hooks.spark_submit.SparkSubmitHook","filename":"spark_submit.py","lineno":643}
{"timestamp":"2026-01-14T11:13:55.458450Z","level":"info","event":"pyFiles                 null","logger":"airflow.task.hooks.airflow.providers.apache.spark.hooks.spark_submit.SparkSubmitHook","filename":"spark_submit.py","lineno":643}
{"timestamp":"2026-01-14T11:13:55.458473Z","level":"info","event":"archives                null","logger":"airflow.task.hooks.airflow.providers.apache.spark.hooks.spark_submit.SparkSubmitHook","filename":"spark_submit.py","lineno":643}
{"timestamp":"2026-01-14T11:13:55.458512Z","level":"info","event":"mainClass               null","logger":"airflow.task.hooks.airflow.providers.apache.spark.hooks.spark_submit.SparkSubmitHook","filename":"spark_submit.py","lineno":643}
{"timestamp":"2026-01-14T11:13:55.458539Z","level":"info","event":"primaryResource         file:/opt/spark/jobs/minio.py","logger":"airflow.task.hooks.airflow.providers.apache.spark.hooks.spark_submit.SparkSubmitHook","filename":"spark_submit.py","lineno":643}
{"timestamp":"2026-01-14T11:13:55.458564Z","level":"info","event":"name                    minio","logger":"airflow.task.hooks.airflow.providers.apache.spark.hooks.spark_submit.SparkSubmitHook","filename":"spark_submit.py","lineno":643}
{"timestamp":"2026-01-14T11:13:55.458590Z","level":"info","event":"childArgs               []","logger":"airflow.task.hooks.airflow.providers.apache.spark.hooks.spark_submit.SparkSubmitHook","filename":"spark_submit.py","lineno":643}
{"timestamp":"2026-01-14T11:13:55.458616Z","level":"info","event":"jars                    null","logger":"airflow.task.hooks.airflow.providers.apache.spark.hooks.spark_submit.SparkSubmitHook","filename":"spark_submit.py","lineno":643}
{"timestamp":"2026-01-14T11:13:55.458643Z","level":"info","event":"packages                null","logger":"airflow.task.hooks.airflow.providers.apache.spark.hooks.spark_submit.SparkSubmitHook","filename":"spark_submit.py","lineno":643}
{"timestamp":"2026-01-14T11:13:55.458671Z","level":"info","event":"packagesExclusions      null","logger":"airflow.task.hooks.airflow.providers.apache.spark.hooks.spark_submit.SparkSubmitHook","filename":"spark_submit.py","lineno":643}
{"timestamp":"2026-01-14T11:13:55.458695Z","level":"info","event":"repositories            null","logger":"airflow.task.hooks.airflow.providers.apache.spark.hooks.spark_submit.SparkSubmitHook","filename":"spark_submit.py","lineno":643}
{"timestamp":"2026-01-14T11:13:55.458723Z","level":"info","event":"verbose                 true","logger":"airflow.task.hooks.airflow.providers.apache.spark.hooks.spark_submit.SparkSubmitHook","filename":"spark_submit.py","lineno":643}
{"timestamp":"2026-01-14T11:13:55.458748Z","level":"info","event":"","logger":"airflow.task.hooks.airflow.providers.apache.spark.hooks.spark_submit.SparkSubmitHook","filename":"spark_submit.py","lineno":643}
{"timestamp":"2026-01-14T11:13:55.458881Z","level":"info","event":"Spark properties used, including those specified through","logger":"airflow.task.hooks.airflow.providers.apache.spark.hooks.spark_submit.SparkSubmitHook","filename":"spark_submit.py","lineno":643}
{"timestamp":"2026-01-14T11:13:55.458935Z","level":"info","event":"--conf and those from the properties file null:","logger":"airflow.task.hooks.airflow.providers.apache.spark.hooks.spark_submit.SparkSubmitHook","filename":"spark_submit.py","lineno":643}
{"timestamp":"2026-01-14T11:13:55.458964Z","level":"info","event":"","logger":"airflow.task.hooks.airflow.providers.apache.spark.hooks.spark_submit.SparkSubmitHook","filename":"spark_submit.py","lineno":643}
{"timestamp":"2026-01-14T11:13:55.458990Z","level":"info","event":"","logger":"airflow.task.hooks.airflow.providers.apache.spark.hooks.spark_submit.SparkSubmitHook","filename":"spark_submit.py","lineno":643}
{"timestamp":"2026-01-14T11:13:55.459044Z","level":"info","event":"","logger":"airflow.task.hooks.airflow.providers.apache.spark.hooks.spark_submit.SparkSubmitHook","filename":"spark_submit.py","lineno":643}
{"timestamp":"2026-01-14T11:13:55.550589Z","level":"info","event":"Main class:","logger":"airflow.task.hooks.airflow.providers.apache.spark.hooks.spark_submit.SparkSubmitHook","filename":"spark_submit.py","lineno":643}
{"timestamp":"2026-01-14T11:13:55.550675Z","level":"info","event":"org.apache.spark.deploy.PythonRunner","logger":"airflow.task.hooks.airflow.providers.apache.spark.hooks.spark_submit.SparkSubmitHook","filename":"spark_submit.py","lineno":643}
{"timestamp":"2026-01-14T11:13:55.550699Z","level":"info","event":"Arguments:","logger":"airflow.task.hooks.airflow.providers.apache.spark.hooks.spark_submit.SparkSubmitHook","filename":"spark_submit.py","lineno":643}
{"timestamp":"2026-01-14T11:13:55.550712Z","level":"info","event":"file:/opt/spark/jobs/minio.py","logger":"airflow.task.hooks.airflow.providers.apache.spark.hooks.spark_submit.SparkSubmitHook","filename":"spark_submit.py","lineno":643}
{"timestamp":"2026-01-14T11:13:55.550725Z","level":"info","event":"null","logger":"airflow.task.hooks.airflow.providers.apache.spark.hooks.spark_submit.SparkSubmitHook","filename":"spark_submit.py","lineno":643}
{"timestamp":"2026-01-14T11:13:55.551288Z","level":"info","event":"Spark config:","logger":"airflow.task.hooks.airflow.providers.apache.spark.hooks.spark_submit.SparkSubmitHook","filename":"spark_submit.py","lineno":643}
{"timestamp":"2026-01-14T11:13:55.551313Z","level":"info","event":"(spark.app.name,minio)","logger":"airflow.task.hooks.airflow.providers.apache.spark.hooks.spark_submit.SparkSubmitHook","filename":"spark_submit.py","lineno":643}
{"timestamp":"2026-01-14T11:13:55.551327Z","level":"info","event":"(spark.app.submitTime,1768389235532)","logger":"airflow.task.hooks.airflow.providers.apache.spark.hooks.spark_submit.SparkSubmitHook","filename":"spark_submit.py","lineno":643}
{"timestamp":"2026-01-14T11:13:55.551339Z","level":"info","event":"(spark.master,spark://spark-master:7077)","logger":"airflow.task.hooks.airflow.providers.apache.spark.hooks.spark_submit.SparkSubmitHook","filename":"spark_submit.py","lineno":643}
{"timestamp":"2026-01-14T11:13:55.551351Z","level":"info","event":"(spark.submit.deployMode,client)","logger":"airflow.task.hooks.airflow.providers.apache.spark.hooks.spark_submit.SparkSubmitHook","filename":"spark_submit.py","lineno":643}
{"timestamp":"2026-01-14T11:13:55.551362Z","level":"info","event":"(spark.submit.pyFiles,)","logger":"airflow.task.hooks.airflow.providers.apache.spark.hooks.spark_submit.SparkSubmitHook","filename":"spark_submit.py","lineno":643}
{"timestamp":"2026-01-14T11:13:55.551375Z","level":"info","event":"Classpath elements:","logger":"airflow.task.hooks.airflow.providers.apache.spark.hooks.spark_submit.SparkSubmitHook","filename":"spark_submit.py","lineno":643}
{"timestamp":"2026-01-14T11:13:55.551386Z","level":"info","event":"","logger":"airflow.task.hooks.airflow.providers.apache.spark.hooks.spark_submit.SparkSubmitHook","filename":"spark_submit.py","lineno":643}
{"timestamp":"2026-01-14T11:13:55.551610Z","level":"info","event":"","logger":"airflow.task.hooks.airflow.providers.apache.spark.hooks.spark_submit.SparkSubmitHook","filename":"spark_submit.py","lineno":643}
{"timestamp":"2026-01-14T11:13:55.551629Z","level":"info","event":"","logger":"airflow.task.hooks.airflow.providers.apache.spark.hooks.spark_submit.SparkSubmitHook","filename":"spark_submit.py","lineno":643}
{"timestamp":"2026-01-14T11:13:56.055201Z","level":"info","event":"Using Spark's default log4j profile: org/apache/spark/log4j2-defaults.properties","logger":"airflow.task.hooks.airflow.providers.apache.spark.hooks.spark_submit.SparkSubmitHook","filename":"spark_submit.py","lineno":643}
{"timestamp":"2026-01-14T11:13:56.057966Z","level":"info","event":"26/01/14 11:13:56 INFO SparkContext: Running Spark version 4.1.1","logger":"airflow.task.hooks.airflow.providers.apache.spark.hooks.spark_submit.SparkSubmitHook","filename":"spark_submit.py","lineno":643}
{"timestamp":"2026-01-14T11:13:56.059054Z","level":"info","event":"26/01/14 11:13:56 INFO SparkContext: OS info Linux, 6.12.54-linuxkit, aarch64","logger":"airflow.task.hooks.airflow.providers.apache.spark.hooks.spark_submit.SparkSubmitHook","filename":"spark_submit.py","lineno":643}
{"timestamp":"2026-01-14T11:13:56.059184Z","level":"info","event":"26/01/14 11:13:56 INFO SparkContext: Java version 17.0.17+10-Debian-1deb12u1","logger":"airflow.task.hooks.airflow.providers.apache.spark.hooks.spark_submit.SparkSubmitHook","filename":"spark_submit.py","lineno":643}
{"timestamp":"2026-01-14T11:13:56.087919Z","level":"info","event":"26/01/14 11:13:56 WARN NativeCodeLoader: Unable to load native-hadoop library for your platform... using builtin-java classes where applicable","logger":"airflow.task.hooks.airflow.providers.apache.spark.hooks.spark_submit.SparkSubmitHook","filename":"spark_submit.py","lineno":643}
{"timestamp":"2026-01-14T11:13:56.104834Z","level":"info","event":"26/01/14 11:13:56 INFO ResourceUtils: ==============================================================","logger":"airflow.task.hooks.airflow.providers.apache.spark.hooks.spark_submit.SparkSubmitHook","filename":"spark_submit.py","lineno":643}
{"timestamp":"2026-01-14T11:13:56.104924Z","level":"info","event":"26/01/14 11:13:56 INFO ResourceUtils: No custom resources configured for spark.driver.","logger":"airflow.task.hooks.airflow.providers.apache.spark.hooks.spark_submit.SparkSubmitHook","filename":"spark_submit.py","lineno":643}
{"timestamp":"2026-01-14T11:13:56.104982Z","level":"info","event":"26/01/14 11:13:56 INFO ResourceUtils: ==============================================================","logger":"airflow.task.hooks.airflow.providers.apache.spark.hooks.spark_submit.SparkSubmitHook","filename":"spark_submit.py","lineno":643}
{"timestamp":"2026-01-14T11:13:56.105196Z","level":"info","event":"26/01/14 11:13:56 INFO SparkContext: Submitted application: HelloWorldToMinIO","logger":"airflow.task.hooks.airflow.providers.apache.spark.hooks.spark_submit.SparkSubmitHook","filename":"spark_submit.py","lineno":643}
{"timestamp":"2026-01-14T11:13:56.125204Z","level":"info","event":"26/01/14 11:13:56 INFO SecurityManager: Changing view acls to: airflow","logger":"airflow.task.hooks.airflow.providers.apache.spark.hooks.spark_submit.SparkSubmitHook","filename":"spark_submit.py","lineno":643}
{"timestamp":"2026-01-14T11:13:56.125314Z","level":"info","event":"26/01/14 11:13:56 INFO SecurityManager: Changing modify acls to: airflow","logger":"airflow.task.hooks.airflow.providers.apache.spark.hooks.spark_submit.SparkSubmitHook","filename":"spark_submit.py","lineno":643}
{"timestamp":"2026-01-14T11:13:56.125644Z","level":"info","event":"26/01/14 11:13:56 INFO SecurityManager: Changing view acls groups to: airflow","logger":"airflow.task.hooks.airflow.providers.apache.spark.hooks.spark_submit.SparkSubmitHook","filename":"spark_submit.py","lineno":643}
{"timestamp":"2026-01-14T11:13:56.125721Z","level":"info","event":"26/01/14 11:13:56 INFO SecurityManager: Changing modify acls groups to: airflow","logger":"airflow.task.hooks.airflow.providers.apache.spark.hooks.spark_submit.SparkSubmitHook","filename":"spark_submit.py","lineno":643}
{"timestamp":"2026-01-14T11:13:56.125989Z","level":"info","event":"26/01/14 11:13:56 INFO SecurityManager: SecurityManager: authentication disabled; ui acls disabled; users with view permissions: airflow groups with view permissions: EMPTY; users with modify permissions: airflow; groups with modify permissions: EMPTY; RPC SSL disabled","logger":"airflow.task.hooks.airflow.providers.apache.spark.hooks.spark_submit.SparkSubmitHook","filename":"spark_submit.py","lineno":643}
{"timestamp":"2026-01-14T11:13:56.232836Z","level":"info","event":"26/01/14 11:13:56 INFO Utils: Successfully started service 'sparkDriver' on port 37349.","logger":"airflow.task.hooks.airflow.providers.apache.spark.hooks.spark_submit.SparkSubmitHook","filename":"spark_submit.py","lineno":643}
{"timestamp":"2026-01-14T11:13:56.245827Z","level":"info","event":"26/01/14 11:13:56 INFO SparkEnv: Registering MapOutputTracker","logger":"airflow.task.hooks.airflow.providers.apache.spark.hooks.spark_submit.SparkSubmitHook","filename":"spark_submit.py","lineno":643}
{"timestamp":"2026-01-14T11:13:56.249980Z","level":"info","event":"26/01/14 11:13:56 INFO SparkEnv: Registering BlockManagerMaster","logger":"airflow.task.hooks.airflow.providers.apache.spark.hooks.spark_submit.SparkSubmitHook","filename":"spark_submit.py","lineno":643}
{"timestamp":"2026-01-14T11:13:56.254503Z","level":"info","event":"26/01/14 11:13:56 INFO BlockManagerMasterEndpoint: Using org.apache.spark.storage.DefaultTopologyMapper for getting topology information","logger":"airflow.task.hooks.airflow.providers.apache.spark.hooks.spark_submit.SparkSubmitHook","filename":"spark_submit.py","lineno":643}
{"timestamp":"2026-01-14T11:13:56.254662Z","level":"info","event":"26/01/14 11:13:56 INFO BlockManagerMasterEndpoint: BlockManagerMasterEndpoint up","logger":"airflow.task.hooks.airflow.providers.apache.spark.hooks.spark_submit.SparkSubmitHook","filename":"spark_submit.py","lineno":643}
{"timestamp":"2026-01-14T11:13:56.255667Z","level":"info","event":"26/01/14 11:13:56 INFO SparkEnv: Registering BlockManagerMasterHeartbeat","logger":"airflow.task.hooks.airflow.providers.apache.spark.hooks.spark_submit.SparkSubmitHook","filename":"spark_submit.py","lineno":643}
{"timestamp":"2026-01-14T11:13:56.262661Z","level":"info","event":"26/01/14 11:13:56 INFO DiskBlockManager: Created local directory at /tmp/blockmgr-40e69ff0-c7f5-4bbe-b364-ae9eb04343c7","logger":"airflow.task.hooks.airflow.providers.apache.spark.hooks.spark_submit.SparkSubmitHook","filename":"spark_submit.py","lineno":643}
{"timestamp":"2026-01-14T11:13:56.269592Z","level":"info","event":"26/01/14 11:13:56 INFO SparkEnv: Registering OutputCommitCoordinator","logger":"airflow.task.hooks.airflow.providers.apache.spark.hooks.spark_submit.SparkSubmitHook","filename":"spark_submit.py","lineno":643}
{"timestamp":"2026-01-14T11:13:56.312497Z","level":"info","event":"26/01/14 11:13:56 INFO JettyUtils: Start Jetty 0.0.0.0:4040 for SparkUI","logger":"airflow.task.hooks.airflow.providers.apache.spark.hooks.spark_submit.SparkSubmitHook","filename":"spark_submit.py","lineno":643}
{"timestamp":"2026-01-14T11:13:56.342866Z","level":"info","event":"26/01/14 11:13:56 INFO Utils: Successfully started service 'SparkUI' on port 4040.","logger":"airflow.task.hooks.airflow.providers.apache.spark.hooks.spark_submit.SparkSubmitHook","filename":"spark_submit.py","lineno":643}
{"timestamp":"2026-01-14T11:13:56.363477Z","level":"info","event":"26/01/14 11:13:56 INFO ResourceProfile: Default ResourceProfile created, executor resources: Map(memory -> name: memory, amount: 1024, script: , vendor: , offHeap -> name: offHeap, amount: 0, script: , vendor: ), task resources: Map(cpus -> name: cpus, amount: 1.0)","logger":"airflow.task.hooks.airflow.providers.apache.spark.hooks.spark_submit.SparkSubmitHook","filename":"spark_submit.py","lineno":643}
{"timestamp":"2026-01-14T11:13:56.364103Z","level":"info","event":"26/01/14 11:13:56 INFO ResourceProfile: Limiting resource is cpu","logger":"airflow.task.hooks.airflow.providers.apache.spark.hooks.spark_submit.SparkSubmitHook","filename":"spark_submit.py","lineno":643}
{"timestamp":"2026-01-14T11:13:56.364294Z","level":"info","event":"26/01/14 11:13:56 INFO ResourceProfileManager: Added ResourceProfile id: 0","logger":"airflow.task.hooks.airflow.providers.apache.spark.hooks.spark_submit.SparkSubmitHook","filename":"spark_submit.py","lineno":643}
{"timestamp":"2026-01-14T11:13:56.369114Z","level":"info","event":"26/01/14 11:13:56 INFO SecurityManager: Changing view acls to: airflow","logger":"airflow.task.hooks.airflow.providers.apache.spark.hooks.spark_submit.SparkSubmitHook","filename":"spark_submit.py","lineno":643}
{"timestamp":"2026-01-14T11:13:56.369171Z","level":"info","event":"26/01/14 11:13:56 INFO SecurityManager: Changing modify acls to: airflow","logger":"airflow.task.hooks.airflow.providers.apache.spark.hooks.spark_submit.SparkSubmitHook","filename":"spark_submit.py","lineno":643}
{"timestamp":"2026-01-14T11:13:56.369283Z","level":"info","event":"26/01/14 11:13:56 INFO SecurityManager: Changing view acls groups to: airflow","logger":"airflow.task.hooks.airflow.providers.apache.spark.hooks.spark_submit.SparkSubmitHook","filename":"spark_submit.py","lineno":643}
{"timestamp":"2026-01-14T11:13:56.369337Z","level":"info","event":"26/01/14 11:13:56 INFO SecurityManager: Changing modify acls groups to: airflow","logger":"airflow.task.hooks.airflow.providers.apache.spark.hooks.spark_submit.SparkSubmitHook","filename":"spark_submit.py","lineno":643}
{"timestamp":"2026-01-14T11:13:56.369484Z","level":"info","event":"26/01/14 11:13:56 INFO SecurityManager: SecurityManager: authentication disabled; ui acls disabled; users with view permissions: airflow groups with view permissions: EMPTY; users with modify permissions: airflow; groups with modify permissions: EMPTY; RPC SSL disabled","logger":"airflow.task.hooks.airflow.providers.apache.spark.hooks.spark_submit.SparkSubmitHook","filename":"spark_submit.py","lineno":643}
{"timestamp":"2026-01-14T11:13:56.416249Z","level":"info","event":"26/01/14 11:13:56 INFO StandaloneAppClient$ClientEndpoint: Connecting to master spark://spark-master:7077...","logger":"airflow.task.hooks.airflow.providers.apache.spark.hooks.spark_submit.SparkSubmitHook","filename":"spark_submit.py","lineno":643}
{"timestamp":"2026-01-14T11:13:56.435079Z","level":"info","event":"26/01/14 11:13:56 INFO TransportClientFactory: Successfully created connection to spark-master/172.18.0.2:7077 after 9 ms (0 ms spent in bootstraps)","logger":"airflow.task.hooks.airflow.providers.apache.spark.hooks.spark_submit.SparkSubmitHook","filename":"spark_submit.py","lineno":643}
{"timestamp":"2026-01-14T11:13:56.484444Z","level":"info","event":"26/01/14 11:13:56 INFO StandaloneSchedulerBackend: Connected to Spark cluster with app ID app-20260114111356-0003","logger":"airflow.task.hooks.airflow.providers.apache.spark.hooks.spark_submit.SparkSubmitHook","filename":"spark_submit.py","lineno":643}
{"timestamp":"2026-01-14T11:13:56.485307Z","level":"info","event":"26/01/14 11:13:56 INFO StandaloneAppClient$ClientEndpoint: Executor added: app-20260114111356-0003/0 on worker-20260114092255-172.18.0.9-41893 (172.18.0.9:41893) with 2 core(s)","logger":"airflow.task.hooks.airflow.providers.apache.spark.hooks.spark_submit.SparkSubmitHook","filename":"spark_submit.py","lineno":643}
{"timestamp":"2026-01-14T11:13:56.486164Z","level":"info","event":"26/01/14 11:13:56 INFO StandaloneSchedulerBackend: Granted executor ID app-20260114111356-0003/0 on hostPort 172.18.0.9:41893 with 2 core(s), 1024.0 MiB RAM","logger":"airflow.task.hooks.airflow.providers.apache.spark.hooks.spark_submit.SparkSubmitHook","filename":"spark_submit.py","lineno":643}
{"timestamp":"2026-01-14T11:13:56.486311Z","level":"info","event":"26/01/14 11:13:56 INFO StandaloneAppClient$ClientEndpoint: Executor added: app-20260114111356-0003/1 on worker-20260114092255-172.18.0.8-34665 (172.18.0.8:34665) with 2 core(s)","logger":"airflow.task.hooks.airflow.providers.apache.spark.hooks.spark_submit.SparkSubmitHook","filename":"spark_submit.py","lineno":643}
{"timestamp":"2026-01-14T11:13:56.486387Z","level":"info","event":"26/01/14 11:13:56 INFO StandaloneSchedulerBackend: Granted executor ID app-20260114111356-0003/1 on hostPort 172.18.0.8:34665 with 2 core(s), 1024.0 MiB RAM","logger":"airflow.task.hooks.airflow.providers.apache.spark.hooks.spark_submit.SparkSubmitHook","filename":"spark_submit.py","lineno":643}
{"timestamp":"2026-01-14T11:13:56.489938Z","level":"info","event":"26/01/14 11:13:56 INFO Utils: Successfully started service 'org.apache.spark.network.netty.NettyBlockTransferService' on port 45725.","logger":"airflow.task.hooks.airflow.providers.apache.spark.hooks.spark_submit.SparkSubmitHook","filename":"spark_submit.py","lineno":643}
{"timestamp":"2026-01-14T11:13:56.490085Z","level":"info","event":"26/01/14 11:13:56 INFO NettyBlockTransferService: Server created on f1589074dbba:45725","logger":"airflow.task.hooks.airflow.providers.apache.spark.hooks.spark_submit.SparkSubmitHook","filename":"spark_submit.py","lineno":643}
{"timestamp":"2026-01-14T11:13:56.490937Z","level":"info","event":"26/01/14 11:13:56 INFO BlockManager: Using org.apache.spark.storage.RandomBlockReplicationPolicy for block replication policy","logger":"airflow.task.hooks.airflow.providers.apache.spark.hooks.spark_submit.SparkSubmitHook","filename":"spark_submit.py","lineno":643}
{"timestamp":"2026-01-14T11:13:56.497918Z","level":"info","event":"26/01/14 11:13:56 INFO BlockManagerMaster: Registering BlockManager BlockManagerId(driver, f1589074dbba, 45725, None)","logger":"airflow.task.hooks.airflow.providers.apache.spark.hooks.spark_submit.SparkSubmitHook","filename":"spark_submit.py","lineno":643}
{"timestamp":"2026-01-14T11:13:56.501133Z","level":"info","event":"26/01/14 11:13:56 INFO BlockManagerMasterEndpoint: Registering block manager f1589074dbba:45725 with 434.4 MiB RAM, BlockManagerId(driver, f1589074dbba, 45725, None)","logger":"airflow.task.hooks.airflow.providers.apache.spark.hooks.spark_submit.SparkSubmitHook","filename":"spark_submit.py","lineno":643}
{"timestamp":"2026-01-14T11:13:56.502839Z","level":"info","event":"26/01/14 11:13:56 INFO BlockManagerMaster: Registered BlockManager BlockManagerId(driver, f1589074dbba, 45725, None)","logger":"airflow.task.hooks.airflow.providers.apache.spark.hooks.spark_submit.SparkSubmitHook","filename":"spark_submit.py","lineno":643}
{"timestamp":"2026-01-14T11:13:56.503536Z","level":"info","event":"26/01/14 11:13:56 INFO StandaloneAppClient$ClientEndpoint: Executor updated: app-20260114111356-0003/0 is now RUNNING","logger":"airflow.task.hooks.airflow.providers.apache.spark.hooks.spark_submit.SparkSubmitHook","filename":"spark_submit.py","lineno":643}
{"timestamp":"2026-01-14T11:13:56.504359Z","level":"info","event":"26/01/14 11:13:56 INFO BlockManager: Initialized BlockManager: BlockManagerId(driver, f1589074dbba, 45725, None)","logger":"airflow.task.hooks.airflow.providers.apache.spark.hooks.spark_submit.SparkSubmitHook","filename":"spark_submit.py","lineno":643}
{"timestamp":"2026-01-14T11:13:56.505893Z","level":"info","event":"26/01/14 11:13:56 INFO StandaloneAppClient$ClientEndpoint: Executor updated: app-20260114111356-0003/1 is now RUNNING","logger":"airflow.task.hooks.airflow.providers.apache.spark.hooks.spark_submit.SparkSubmitHook","filename":"spark_submit.py","lineno":643}
{"timestamp":"2026-01-14T11:13:56.600638Z","level":"info","event":"26/01/14 11:13:56 INFO StandaloneSchedulerBackend: SchedulerBackend is ready for scheduling beginning after reached minRegisteredResourcesRatio: 0.0","logger":"airflow.task.hooks.airflow.providers.apache.spark.hooks.spark_submit.SparkSubmitHook","filename":"spark_submit.py","lineno":643}
{"timestamp":"2026-01-14T11:13:57.638808Z","level":"info","event":"26/01/14 11:13:57 INFO StandaloneSchedulerBackend$StandaloneDriverEndpoint: Registered executor NettyRpcEndpointRef(spark-client://Executor) (172.18.0.9:39944) with ID 0, ResourceProfileId 0","logger":"airflow.task.hooks.airflow.providers.apache.spark.hooks.spark_submit.SparkSubmitHook","filename":"spark_submit.py","lineno":643}
{"timestamp":"2026-01-14T11:13:57.713318Z","level":"info","event":"26/01/14 11:13:57 INFO StandaloneSchedulerBackend$StandaloneDriverEndpoint: Registered executor NettyRpcEndpointRef(spark-client://Executor) (172.18.0.8:44738) with ID 1, ResourceProfileId 0","logger":"airflow.task.hooks.airflow.providers.apache.spark.hooks.spark_submit.SparkSubmitHook","filename":"spark_submit.py","lineno":643}
{"timestamp":"2026-01-14T11:13:57.768447Z","level":"info","event":"26/01/14 11:13:57 INFO BlockManagerMasterEndpoint: Registering block manager 172.18.0.9:40887 with 434.4 MiB RAM, BlockManagerId(0, 172.18.0.9, 40887, None)","logger":"airflow.task.hooks.airflow.providers.apache.spark.hooks.spark_submit.SparkSubmitHook","filename":"spark_submit.py","lineno":643}
{"timestamp":"2026-01-14T11:13:57.771586Z","level":"info","event":"--- Đang tạo DataFrame ---","logger":"airflow.task.hooks.airflow.providers.apache.spark.hooks.spark_submit.SparkSubmitHook","filename":"spark_submit.py","lineno":643}
{"timestamp":"2026-01-14T11:13:57.802570Z","level":"info","event":"26/01/14 11:13:57 INFO SharedState: Setting hive.metastore.warehouse.dir ('null') to the value of spark.sql.warehouse.dir.","logger":"airflow.task.hooks.airflow.providers.apache.spark.hooks.spark_submit.SparkSubmitHook","filename":"spark_submit.py","lineno":643}
{"timestamp":"2026-01-14T11:13:57.806873Z","level":"info","event":"26/01/14 11:13:57 INFO SharedState: Warehouse path is 'file:/opt/airflow/spark-warehouse'.","logger":"airflow.task.hooks.airflow.providers.apache.spark.hooks.spark_submit.SparkSubmitHook","filename":"spark_submit.py","lineno":643}
{"timestamp":"2026-01-14T11:13:57.826182Z","level":"info","event":"26/01/14 11:13:57 INFO BlockManagerMasterEndpoint: Registering block manager 172.18.0.8:37431 with 434.4 MiB RAM, BlockManagerId(1, 172.18.0.8, 37431, None)","logger":"airflow.task.hooks.airflow.providers.apache.spark.hooks.spark_submit.SparkSubmitHook","filename":"spark_submit.py","lineno":643}
{"timestamp":"2026-01-14T11:13:58.458992Z","level":"info","event":"26/01/14 11:13:58 INFO CodeGenerator: Code generated in 56.673834 ms","logger":"airflow.task.hooks.airflow.providers.apache.spark.hooks.spark_submit.SparkSubmitHook","filename":"spark_submit.py","lineno":643}
{"timestamp":"2026-01-14T11:13:58.472437Z","level":"info","event":"26/01/14 11:13:58 INFO SparkContext: Starting job: showString at NativeMethodAccessorImpl.java:0","logger":"airflow.task.hooks.airflow.providers.apache.spark.hooks.spark_submit.SparkSubmitHook","filename":"spark_submit.py","lineno":643}
{"timestamp":"2026-01-14T11:13:58.476899Z","level":"info","event":"26/01/14 11:13:58 INFO DAGScheduler: Got job 0 (showString at NativeMethodAccessorImpl.java:0) with 1 output partitions","logger":"airflow.task.hooks.airflow.providers.apache.spark.hooks.spark_submit.SparkSubmitHook","filename":"spark_submit.py","lineno":643}
{"timestamp":"2026-01-14T11:13:58.477102Z","level":"info","event":"26/01/14 11:13:58 INFO DAGScheduler: Final stage: ResultStage 0 (showString at NativeMethodAccessorImpl.java:0)","logger":"airflow.task.hooks.airflow.providers.apache.spark.hooks.spark_submit.SparkSubmitHook","filename":"spark_submit.py","lineno":643}
{"timestamp":"2026-01-14T11:13:58.477194Z","level":"info","event":"26/01/14 11:13:58 INFO DAGScheduler: Parents of final stage: List()","logger":"airflow.task.hooks.airflow.providers.apache.spark.hooks.spark_submit.SparkSubmitHook","filename":"spark_submit.py","lineno":643}
{"timestamp":"2026-01-14T11:13:58.477530Z","level":"info","event":"26/01/14 11:13:58 INFO DAGScheduler: Missing parents: List()","logger":"airflow.task.hooks.airflow.providers.apache.spark.hooks.spark_submit.SparkSubmitHook","filename":"spark_submit.py","lineno":643}
{"timestamp":"2026-01-14T11:13:58.478319Z","level":"info","event":"26/01/14 11:13:58 INFO DAGScheduler: Missing parents found for ResultStage 0: List()","logger":"airflow.task.hooks.airflow.providers.apache.spark.hooks.spark_submit.SparkSubmitHook","filename":"spark_submit.py","lineno":643}
{"timestamp":"2026-01-14T11:13:58.478535Z","level":"info","event":"26/01/14 11:13:58 INFO DAGScheduler: Submitting ResultStage 0 (MapPartitionsRDD[6] at showString at NativeMethodAccessorImpl.java:0), which has no missing parents","logger":"airflow.task.hooks.airflow.providers.apache.spark.hooks.spark_submit.SparkSubmitHook","filename":"spark_submit.py","lineno":643}
{"timestamp":"2026-01-14T11:13:58.494762Z","level":"info","event":"26/01/14 11:13:58 INFO MemoryStore: MemoryStore started with capacity 434.4 MiB","logger":"airflow.task.hooks.airflow.providers.apache.spark.hooks.spark_submit.SparkSubmitHook","filename":"spark_submit.py","lineno":643}
{"timestamp":"2026-01-14T11:13:58.502434Z","level":"info","event":"26/01/14 11:13:58 INFO MemoryStore: Block broadcast_0 stored as values in memory (estimated size 14.1 KiB, free 434.4 MiB)","logger":"airflow.task.hooks.airflow.providers.apache.spark.hooks.spark_submit.SparkSubmitHook","filename":"spark_submit.py","lineno":643}
{"timestamp":"2026-01-14T11:13:58.510493Z","level":"info","event":"26/01/14 11:13:58 INFO MemoryStore: Block broadcast_0_piece0 stored as bytes in memory (estimated size 7.2 KiB, free 434.4 MiB)","logger":"airflow.task.hooks.airflow.providers.apache.spark.hooks.spark_submit.SparkSubmitHook","filename":"spark_submit.py","lineno":643}
{"timestamp":"2026-01-14T11:13:58.512702Z","level":"info","event":"26/01/14 11:13:58 INFO SparkContext: Created broadcast 0 from broadcast at DAGScheduler.scala:1686","logger":"airflow.task.hooks.airflow.providers.apache.spark.hooks.spark_submit.SparkSubmitHook","filename":"spark_submit.py","lineno":643}
{"timestamp":"2026-01-14T11:13:58.521209Z","level":"info","event":"26/01/14 11:13:58 INFO DAGScheduler: Submitting 1 missing tasks from ResultStage 0 (MapPartitionsRDD[6] at showString at NativeMethodAccessorImpl.java:0) (first 15 tasks are for partitions Vector(0))","logger":"airflow.task.hooks.airflow.providers.apache.spark.hooks.spark_submit.SparkSubmitHook","filename":"spark_submit.py","lineno":643}
{"timestamp":"2026-01-14T11:13:58.522954Z","level":"info","event":"26/01/14 11:13:58 INFO TaskSchedulerImpl: Adding task set 0.0 with 1 tasks resource profile 0","logger":"airflow.task.hooks.airflow.providers.apache.spark.hooks.spark_submit.SparkSubmitHook","filename":"spark_submit.py","lineno":643}
{"timestamp":"2026-01-14T11:13:58.541405Z","level":"info","event":"26/01/14 11:13:58 INFO TaskSetManager: Starting task 0.0 in stage 0.0 (TID 0) (172.18.0.8,executor 1, partition 0, PROCESS_LOCAL, 9679 bytes)","logger":"airflow.task.hooks.airflow.providers.apache.spark.hooks.spark_submit.SparkSubmitHook","filename":"spark_submit.py","lineno":643}
{"timestamp":"2026-01-14T11:13:59.156001Z","level":"info","event":"26/01/14 11:13:59 INFO TaskSetManager: Finished task 0.0 in stage 0.0 (TID 0) in 619 ms on 172.18.0.8 (executor 1) (1/1)","logger":"airflow.task.hooks.airflow.providers.apache.spark.hooks.spark_submit.SparkSubmitHook","filename":"spark_submit.py","lineno":643}
{"timestamp":"2026-01-14T11:13:59.156540Z","level":"info","event":"26/01/14 11:13:59 INFO TaskSchedulerImpl: Removed TaskSet 0.0 whose tasks have all completed, from pool","logger":"airflow.task.hooks.airflow.providers.apache.spark.hooks.spark_submit.SparkSubmitHook","filename":"spark_submit.py","lineno":643}
{"timestamp":"2026-01-14T11:13:59.158158Z","level":"info","event":"26/01/14 11:13:59 INFO PythonAccumulatorV2: Connected to AccumulatorServer at host: 127.0.0.1 port: 52959","logger":"airflow.task.hooks.airflow.providers.apache.spark.hooks.spark_submit.SparkSubmitHook","filename":"spark_submit.py","lineno":643}
{"timestamp":"2026-01-14T11:13:59.159420Z","level":"info","event":"26/01/14 11:13:59 INFO DAGScheduler: ResultStage 0 (showString at NativeMethodAccessorImpl.java:0) finished in 677 ms","logger":"airflow.task.hooks.airflow.providers.apache.spark.hooks.spark_submit.SparkSubmitHook","filename":"spark_submit.py","lineno":643}
{"timestamp":"2026-01-14T11:13:59.160175Z","level":"info","event":"26/01/14 11:13:59 INFO DAGScheduler: Job 0 is finished. Cancelling potential speculative or zombie tasks for this job","logger":"airflow.task.hooks.airflow.providers.apache.spark.hooks.spark_submit.SparkSubmitHook","filename":"spark_submit.py","lineno":643}
{"timestamp":"2026-01-14T11:13:59.160292Z","level":"info","event":"26/01/14 11:13:59 INFO TaskSchedulerImpl: Canceling stage 0","logger":"airflow.task.hooks.airflow.providers.apache.spark.hooks.spark_submit.SparkSubmitHook","filename":"spark_submit.py","lineno":643}
{"timestamp":"2026-01-14T11:13:59.160432Z","level":"info","event":"26/01/14 11:13:59 INFO TaskSchedulerImpl: Killing all running tasks in stage 0: Stage finished","logger":"airflow.task.hooks.airflow.providers.apache.spark.hooks.spark_submit.SparkSubmitHook","filename":"spark_submit.py","lineno":643}
{"timestamp":"2026-01-14T11:13:59.161178Z","level":"info","event":"26/01/14 11:13:59 INFO DAGScheduler: Job 0 finished: showString at NativeMethodAccessorImpl.java:0, took 688.653501 ms","logger":"airflow.task.hooks.airflow.providers.apache.spark.hooks.spark_submit.SparkSubmitHook","filename":"spark_submit.py","lineno":643}
{"timestamp":"2026-01-14T11:13:59.165555Z","level":"info","event":"26/01/14 11:13:59 INFO SparkContext: Starting job: showString at NativeMethodAccessorImpl.java:0","logger":"airflow.task.hooks.airflow.providers.apache.spark.hooks.spark_submit.SparkSubmitHook","filename":"spark_submit.py","lineno":643}
{"timestamp":"2026-01-14T11:13:59.165921Z","level":"info","event":"26/01/14 11:13:59 INFO DAGScheduler: Got job 1 (showString at NativeMethodAccessorImpl.java:0) with 3 output partitions","logger":"airflow.task.hooks.airflow.providers.apache.spark.hooks.spark_submit.SparkSubmitHook","filename":"spark_submit.py","lineno":643}
{"timestamp":"2026-01-14T11:13:59.165966Z","level":"info","event":"26/01/14 11:13:59 INFO DAGScheduler: Final stage: ResultStage 1 (showString at NativeMethodAccessorImpl.java:0)","logger":"airflow.task.hooks.airflow.providers.apache.spark.hooks.spark_submit.SparkSubmitHook","filename":"spark_submit.py","lineno":643}
{"timestamp":"2026-01-14T11:13:59.166034Z","level":"info","event":"26/01/14 11:13:59 INFO DAGScheduler: Parents of final stage: List()","logger":"airflow.task.hooks.airflow.providers.apache.spark.hooks.spark_submit.SparkSubmitHook","filename":"spark_submit.py","lineno":643}
{"timestamp":"2026-01-14T11:13:59.166121Z","level":"info","event":"26/01/14 11:13:59 INFO DAGScheduler: Missing parents: List()","logger":"airflow.task.hooks.airflow.providers.apache.spark.hooks.spark_submit.SparkSubmitHook","filename":"spark_submit.py","lineno":643}
{"timestamp":"2026-01-14T11:13:59.166367Z","level":"info","event":"26/01/14 11:13:59 INFO DAGScheduler: Missing parents found for ResultStage 1: List()","logger":"airflow.task.hooks.airflow.providers.apache.spark.hooks.spark_submit.SparkSubmitHook","filename":"spark_submit.py","lineno":643}
{"timestamp":"2026-01-14T11:13:59.166447Z","level":"info","event":"26/01/14 11:13:59 INFO DAGScheduler: Submitting ResultStage 1 (MapPartitionsRDD[6] at showString at NativeMethodAccessorImpl.java:0), which has no missing parents","logger":"airflow.task.hooks.airflow.providers.apache.spark.hooks.spark_submit.SparkSubmitHook","filename":"spark_submit.py","lineno":643}
{"timestamp":"2026-01-14T11:13:59.167917Z","level":"info","event":"26/01/14 11:13:59 INFO MemoryStore: Block broadcast_1 stored as values in memory (estimated size 14.1 KiB, free 434.4 MiB)","logger":"airflow.task.hooks.airflow.providers.apache.spark.hooks.spark_submit.SparkSubmitHook","filename":"spark_submit.py","lineno":643}
{"timestamp":"2026-01-14T11:13:59.168451Z","level":"info","event":"26/01/14 11:13:59 INFO MemoryStore: Block broadcast_1_piece0 stored as bytes in memory (estimated size 7.2 KiB, free 434.4 MiB)","logger":"airflow.task.hooks.airflow.providers.apache.spark.hooks.spark_submit.SparkSubmitHook","filename":"spark_submit.py","lineno":643}
{"timestamp":"2026-01-14T11:13:59.168891Z","level":"info","event":"26/01/14 11:13:59 INFO SparkContext: Created broadcast 1 from broadcast at DAGScheduler.scala:1686","logger":"airflow.task.hooks.airflow.providers.apache.spark.hooks.spark_submit.SparkSubmitHook","filename":"spark_submit.py","lineno":643}
{"timestamp":"2026-01-14T11:13:59.169251Z","level":"info","event":"26/01/14 11:13:59 INFO DAGScheduler: Submitting 3 missing tasks from ResultStage 1 (MapPartitionsRDD[6] at showString at NativeMethodAccessorImpl.java:0) (first 15 tasks are for partitions Vector(1, 2, 3))","logger":"airflow.task.hooks.airflow.providers.apache.spark.hooks.spark_submit.SparkSubmitHook","filename":"spark_submit.py","lineno":643}
{"timestamp":"2026-01-14T11:13:59.169322Z","level":"info","event":"26/01/14 11:13:59 INFO TaskSchedulerImpl: Adding task set 1.0 with 3 tasks resource profile 0","logger":"airflow.task.hooks.airflow.providers.apache.spark.hooks.spark_submit.SparkSubmitHook","filename":"spark_submit.py","lineno":643}
{"timestamp":"2026-01-14T11:13:59.169927Z","level":"info","event":"26/01/14 11:13:59 INFO TaskSetManager: Starting task 0.0 in stage 1.0 (TID 1) (172.18.0.9,executor 0, partition 1, PROCESS_LOCAL, 9724 bytes)","logger":"airflow.task.hooks.airflow.providers.apache.spark.hooks.spark_submit.SparkSubmitHook","filename":"spark_submit.py","lineno":643}
{"timestamp":"2026-01-14T11:13:59.170139Z","level":"info","event":"26/01/14 11:13:59 INFO TaskSetManager: Starting task 1.0 in stage 1.0 (TID 2) (172.18.0.8,executor 1, partition 2, PROCESS_LOCAL, 9726 bytes)","logger":"airflow.task.hooks.airflow.providers.apache.spark.hooks.spark_submit.SparkSubmitHook","filename":"spark_submit.py","lineno":643}
{"timestamp":"2026-01-14T11:13:59.170314Z","level":"info","event":"26/01/14 11:13:59 INFO TaskSetManager: Starting task 2.0 in stage 1.0 (TID 3) (172.18.0.9,executor 0, partition 3, PROCESS_LOCAL, 9729 bytes)","logger":"airflow.task.hooks.airflow.providers.apache.spark.hooks.spark_submit.SparkSubmitHook","filename":"spark_submit.py","lineno":643}
{"timestamp":"2026-01-14T11:13:59.242260Z","level":"info","event":"26/01/14 11:13:59 INFO TaskSetManager: Finished task 1.0 in stage 1.0 (TID 2) in 72 ms on 172.18.0.8 (executor 1) (1/3)","logger":"airflow.task.hooks.airflow.providers.apache.spark.hooks.spark_submit.SparkSubmitHook","filename":"spark_submit.py","lineno":643}
{"timestamp":"2026-01-14T11:13:59.813983Z","level":"info","event":"26/01/14 11:13:59 INFO TaskSetManager: Finished task 2.0 in stage 1.0 (TID 3) in 643 ms on 172.18.0.9 (executor 0) (2/3)","logger":"airflow.task.hooks.airflow.providers.apache.spark.hooks.spark_submit.SparkSubmitHook","filename":"spark_submit.py","lineno":643}
{"timestamp":"2026-01-14T11:13:59.814185Z","level":"info","event":"26/01/14 11:13:59 INFO TaskSetManager: Finished task 0.0 in stage 1.0 (TID 1) in 645 ms on 172.18.0.9 (executor 0) (3/3)","logger":"airflow.task.hooks.airflow.providers.apache.spark.hooks.spark_submit.SparkSubmitHook","filename":"spark_submit.py","lineno":643}
{"timestamp":"2026-01-14T11:13:59.814238Z","level":"info","event":"26/01/14 11:13:59 INFO TaskSchedulerImpl: Removed TaskSet 1.0 whose tasks have all completed, from pool","logger":"airflow.task.hooks.airflow.providers.apache.spark.hooks.spark_submit.SparkSubmitHook","filename":"spark_submit.py","lineno":643}
{"timestamp":"2026-01-14T11:13:59.815030Z","level":"info","event":"26/01/14 11:13:59 INFO DAGScheduler: ResultStage 1 (showString at NativeMethodAccessorImpl.java:0) finished in 648 ms","logger":"airflow.task.hooks.airflow.providers.apache.spark.hooks.spark_submit.SparkSubmitHook","filename":"spark_submit.py","lineno":643}
{"timestamp":"2026-01-14T11:13:59.815114Z","level":"info","event":"26/01/14 11:13:59 INFO DAGScheduler: Job 1 is finished. Cancelling potential speculative or zombie tasks for this job","logger":"airflow.task.hooks.airflow.providers.apache.spark.hooks.spark_submit.SparkSubmitHook","filename":"spark_submit.py","lineno":643}
{"timestamp":"2026-01-14T11:13:59.815150Z","level":"info","event":"26/01/14 11:13:59 INFO TaskSchedulerImpl: Canceling stage 1","logger":"airflow.task.hooks.airflow.providers.apache.spark.hooks.spark_submit.SparkSubmitHook","filename":"spark_submit.py","lineno":643}
{"timestamp":"2026-01-14T11:13:59.815179Z","level":"info","event":"26/01/14 11:13:59 INFO TaskSchedulerImpl: Killing all running tasks in stage 1: Stage finished","logger":"airflow.task.hooks.airflow.providers.apache.spark.hooks.spark_submit.SparkSubmitHook","filename":"spark_submit.py","lineno":643}
{"timestamp":"2026-01-14T11:13:59.815546Z","level":"info","event":"26/01/14 11:13:59 INFO DAGScheduler: Job 1 finished: showString at NativeMethodAccessorImpl.java:0, took 649.7535 ms","logger":"airflow.task.hooks.airflow.providers.apache.spark.hooks.spark_submit.SparkSubmitHook","filename":"spark_submit.py","lineno":643}
{"timestamp":"2026-01-14T11:13:59.831392Z","level":"info","event":"26/01/14 11:13:59 INFO CodeGenerator: Code generated in 7.087666 ms","logger":"airflow.task.hooks.airflow.providers.apache.spark.hooks.spark_submit.SparkSubmitHook","filename":"spark_submit.py","lineno":643}
{"timestamp":"2026-01-14T11:13:59.835805Z","level":"info","event":"+-----+----------+---+","logger":"airflow.task.hooks.airflow.providers.apache.spark.hooks.spark_submit.SparkSubmitHook","filename":"spark_submit.py","lineno":643}
{"timestamp":"2026-01-14T11:13:59.835876Z","level":"info","event":"| col1|      col2| id|","logger":"airflow.task.hooks.airflow.providers.apache.spark.hooks.spark_submit.SparkSubmitHook","filename":"spark_submit.py","lineno":643}
{"timestamp":"2026-01-14T11:13:59.835893Z","level":"info","event":"+-----+----------+---+","logger":"airflow.task.hooks.airflow.providers.apache.spark.hooks.spark_submit.SparkSubmitHook","filename":"spark_submit.py","lineno":643}
{"timestamp":"2026-01-14T11:13:59.835906Z","level":"info","event":"|Hello|     World|  1|","logger":"airflow.task.hooks.airflow.providers.apache.spark.hooks.spark_submit.SparkSubmitHook","filename":"spark_submit.py","lineno":643}
{"timestamp":"2026-01-14T11:13:59.835917Z","level":"info","event":"|MinIO|   Storage|  2|","logger":"airflow.task.hooks.airflow.providers.apache.spark.hooks.spark_submit.SparkSubmitHook","filename":"spark_submit.py","lineno":643}
{"timestamp":"2026-01-14T11:13:59.835928Z","level":"info","event":"|Spark|Processing|  3|","logger":"airflow.task.hooks.airflow.providers.apache.spark.hooks.spark_submit.SparkSubmitHook","filename":"spark_submit.py","lineno":643}
{"timestamp":"2026-01-14T11:13:59.835939Z","level":"info","event":"+-----+----------+---+","logger":"airflow.task.hooks.airflow.providers.apache.spark.hooks.spark_submit.SparkSubmitHook","filename":"spark_submit.py","lineno":643}
{"timestamp":"2026-01-14T11:13:59.835950Z","level":"info","event":"","logger":"airflow.task.hooks.airflow.providers.apache.spark.hooks.spark_submit.SparkSubmitHook","filename":"spark_submit.py","lineno":643}
{"timestamp":"2026-01-14T11:13:59.835962Z","level":"info","event":"--- Đang ghi dữ liệu vào: s3a://datalake/hello_world_parquet ---","logger":"airflow.task.hooks.airflow.providers.apache.spark.hooks.spark_submit.SparkSubmitHook","filename":"spark_submit.py","lineno":643}
{"timestamp":"2026-01-14T11:13:59.887205Z","level":"info","event":"===SPARK_JOB_FAILED===","logger":"airflow.task.hooks.airflow.providers.apache.spark.hooks.spark_submit.SparkSubmitHook","filename":"spark_submit.py","lineno":643}
{"timestamp":"2026-01-14T11:13:59.887502Z","level":"info","event":"Error: An error occurred while calling o62.parquet.","logger":"airflow.task.hooks.airflow.providers.apache.spark.hooks.spark_submit.SparkSubmitHook","filename":"spark_submit.py","lineno":643}
{"timestamp":"2026-01-14T11:13:59.887582Z","level":"info","event":": java.lang.RuntimeException: java.lang.ClassNotFoundException: Class org.apache.hadoop.fs.s3a.S3AFileSystem not found","logger":"airflow.task.hooks.airflow.providers.apache.spark.hooks.spark_submit.SparkSubmitHook","filename":"spark_submit.py","lineno":643}
{"timestamp":"2026-01-14T11:13:59.887600Z","level":"info","event":"at org.apache.hadoop.conf.Configuration.getClass(Configuration.java:2737)","logger":"airflow.task.hooks.airflow.providers.apache.spark.hooks.spark_submit.SparkSubmitHook","filename":"spark_submit.py","lineno":643}
{"timestamp":"2026-01-14T11:13:59.887613Z","level":"info","event":"at org.apache.hadoop.fs.FileSystem.getFileSystemClass(FileSystem.java:3569)","logger":"airflow.task.hooks.airflow.providers.apache.spark.hooks.spark_submit.SparkSubmitHook","filename":"spark_submit.py","lineno":643}
{"timestamp":"2026-01-14T11:13:59.887625Z","level":"info","event":"at org.apache.hadoop.fs.FileSystem.createFileSystem(FileSystem.java:3612)","logger":"airflow.task.hooks.airflow.providers.apache.spark.hooks.spark_submit.SparkSubmitHook","filename":"spark_submit.py","lineno":643}
{"timestamp":"2026-01-14T11:13:59.887637Z","level":"info","event":"at org.apache.hadoop.fs.FileSystem.access$300(FileSystem.java:172)","logger":"airflow.task.hooks.airflow.providers.apache.spark.hooks.spark_submit.SparkSubmitHook","filename":"spark_submit.py","lineno":643}
{"timestamp":"2026-01-14T11:13:59.887648Z","level":"info","event":"at org.apache.hadoop.fs.FileSystem$Cache.getInternal(FileSystem.java:3716)","logger":"airflow.task.hooks.airflow.providers.apache.spark.hooks.spark_submit.SparkSubmitHook","filename":"spark_submit.py","lineno":643}
{"timestamp":"2026-01-14T11:13:59.887658Z","level":"info","event":"at org.apache.hadoop.fs.FileSystem$Cache.get(FileSystem.java:3667)","logger":"airflow.task.hooks.airflow.providers.apache.spark.hooks.spark_submit.SparkSubmitHook","filename":"spark_submit.py","lineno":643}
{"timestamp":"2026-01-14T11:13:59.887669Z","level":"info","event":"at org.apache.hadoop.fs.FileSystem.get(FileSystem.java:557)","logger":"airflow.task.hooks.airflow.providers.apache.spark.hooks.spark_submit.SparkSubmitHook","filename":"spark_submit.py","lineno":643}
{"timestamp":"2026-01-14T11:13:59.887680Z","level":"info","event":"at org.apache.hadoop.fs.Path.getFileSystem(Path.java:366)","logger":"airflow.task.hooks.airflow.providers.apache.spark.hooks.spark_submit.SparkSubmitHook","filename":"spark_submit.py","lineno":643}
{"timestamp":"2026-01-14T11:13:59.887691Z","level":"info","event":"at org.apache.spark.sql.execution.datasources.DataSource.makeQualified(DataSource.scala:128)","logger":"airflow.task.hooks.airflow.providers.apache.spark.hooks.spark_submit.SparkSubmitHook","filename":"spark_submit.py","lineno":643}
{"timestamp":"2026-01-14T11:13:59.887703Z","level":"info","event":"at org.apache.spark.sql.execution.datasources.DataSource.planForWritingFileFormat(DataSource.scala:471)","logger":"airflow.task.hooks.airflow.providers.apache.spark.hooks.spark_submit.SparkSubmitHook","filename":"spark_submit.py","lineno":643}
{"timestamp":"2026-01-14T11:13:59.887714Z","level":"info","event":"at org.apache.spark.sql.execution.datasources.DataSource.planForWriting(DataSource.scala:559)","logger":"airflow.task.hooks.airflow.providers.apache.spark.hooks.spark_submit.SparkSubmitHook","filename":"spark_submit.py","lineno":643}
{"timestamp":"2026-01-14T11:13:59.887724Z","level":"info","event":"at org.apache.spark.sql.classic.DataFrameWriter.saveToV1SourceCommand(DataFrameWriter.scala:273)","logger":"airflow.task.hooks.airflow.providers.apache.spark.hooks.spark_submit.SparkSubmitHook","filename":"spark_submit.py","lineno":643}
{"timestamp":"2026-01-14T11:13:59.887735Z","level":"info","event":"at org.apache.spark.sql.classic.DataFrameWriter.saveCommand(DataFrameWriter.scala:242)","logger":"airflow.task.hooks.airflow.providers.apache.spark.hooks.spark_submit.SparkSubmitHook","filename":"spark_submit.py","lineno":643}
{"timestamp":"2026-01-14T11:13:59.887746Z","level":"info","event":"at org.apache.spark.sql.classic.DataFrameWriter.save(DataFrameWriter.scala:115)","logger":"airflow.task.hooks.airflow.providers.apache.spark.hooks.spark_submit.SparkSubmitHook","filename":"spark_submit.py","lineno":643}
{"timestamp":"2026-01-14T11:13:59.887756Z","level":"info","event":"at org.apache.spark.sql.DataFrameWriter.parquet(DataFrameWriter.scala:369)","logger":"airflow.task.hooks.airflow.providers.apache.spark.hooks.spark_submit.SparkSubmitHook","filename":"spark_submit.py","lineno":643}
{"timestamp":"2026-01-14T11:13:59.887766Z","level":"info","event":"at java.base/jdk.internal.reflect.NativeMethodAccessorImpl.invoke0(Native Method)","logger":"airflow.task.hooks.airflow.providers.apache.spark.hooks.spark_submit.SparkSubmitHook","filename":"spark_submit.py","lineno":643}
{"timestamp":"2026-01-14T11:13:59.887787Z","level":"info","event":"at java.base/jdk.internal.reflect.NativeMethodAccessorImpl.invoke(NativeMethodAccessorImpl.java:77)","logger":"airflow.task.hooks.airflow.providers.apache.spark.hooks.spark_submit.SparkSubmitHook","filename":"spark_submit.py","lineno":643}
{"timestamp":"2026-01-14T11:13:59.887799Z","level":"info","event":"at java.base/jdk.internal.reflect.DelegatingMethodAccessorImpl.invoke(DelegatingMethodAccessorImpl.java:43)","logger":"airflow.task.hooks.airflow.providers.apache.spark.hooks.spark_submit.SparkSubmitHook","filename":"spark_submit.py","lineno":643}
{"timestamp":"2026-01-14T11:13:59.887809Z","level":"info","event":"at java.base/java.lang.reflect.Method.invoke(Method.java:569)","logger":"airflow.task.hooks.airflow.providers.apache.spark.hooks.spark_submit.SparkSubmitHook","filename":"spark_submit.py","lineno":643}
{"timestamp":"2026-01-14T11:13:59.887820Z","level":"info","event":"at py4j.reflection.MethodInvoker.invoke(MethodInvoker.java:244)","logger":"airflow.task.hooks.airflow.providers.apache.spark.hooks.spark_submit.SparkSubmitHook","filename":"spark_submit.py","lineno":643}
{"timestamp":"2026-01-14T11:13:59.887830Z","level":"info","event":"at py4j.reflection.ReflectionEngine.invoke(ReflectionEngine.java:374)","logger":"airflow.task.hooks.airflow.providers.apache.spark.hooks.spark_submit.SparkSubmitHook","filename":"spark_submit.py","lineno":643}
{"timestamp":"2026-01-14T11:13:59.887841Z","level":"info","event":"at py4j.Gateway.invoke(Gateway.java:282)","logger":"airflow.task.hooks.airflow.providers.apache.spark.hooks.spark_submit.SparkSubmitHook","filename":"spark_submit.py","lineno":643}
{"timestamp":"2026-01-14T11:13:59.887852Z","level":"info","event":"at py4j.commands.AbstractCommand.invokeMethod(AbstractCommand.java:132)","logger":"airflow.task.hooks.airflow.providers.apache.spark.hooks.spark_submit.SparkSubmitHook","filename":"spark_submit.py","lineno":643}
{"timestamp":"2026-01-14T11:13:59.887875Z","level":"info","event":"at py4j.commands.CallCommand.execute(CallCommand.java:79)","logger":"airflow.task.hooks.airflow.providers.apache.spark.hooks.spark_submit.SparkSubmitHook","filename":"spark_submit.py","lineno":643}
{"timestamp":"2026-01-14T11:13:59.887891Z","level":"info","event":"at py4j.ClientServerConnection.waitForCommands(ClientServerConnection.java:184)","logger":"airflow.task.hooks.airflow.providers.apache.spark.hooks.spark_submit.SparkSubmitHook","filename":"spark_submit.py","lineno":643}
{"timestamp":"2026-01-14T11:13:59.887902Z","level":"info","event":"at py4j.ClientServerConnection.run(ClientServerConnection.java:108)","logger":"airflow.task.hooks.airflow.providers.apache.spark.hooks.spark_submit.SparkSubmitHook","filename":"spark_submit.py","lineno":643}
{"timestamp":"2026-01-14T11:13:59.887913Z","level":"info","event":"at java.base/java.lang.Thread.run(Thread.java:840)","logger":"airflow.task.hooks.airflow.providers.apache.spark.hooks.spark_submit.SparkSubmitHook","filename":"spark_submit.py","lineno":643}
{"timestamp":"2026-01-14T11:13:59.887924Z","level":"info","event":"Caused by: java.lang.ClassNotFoundException: Class org.apache.hadoop.fs.s3a.S3AFileSystem not found","logger":"airflow.task.hooks.airflow.providers.apache.spark.hooks.spark_submit.SparkSubmitHook","filename":"spark_submit.py","lineno":643}
{"timestamp":"2026-01-14T11:13:59.887935Z","level":"info","event":"at org.apache.hadoop.conf.Configuration.getClassByName(Configuration.java:2641)","logger":"airflow.task.hooks.airflow.providers.apache.spark.hooks.spark_submit.SparkSubmitHook","filename":"spark_submit.py","lineno":643}
{"timestamp":"2026-01-14T11:13:59.887946Z","level":"info","event":"at org.apache.hadoop.conf.Configuration.getClass(Configuration.java:2735)","logger":"airflow.task.hooks.airflow.providers.apache.spark.hooks.spark_submit.SparkSubmitHook","filename":"spark_submit.py","lineno":643}
{"timestamp":"2026-01-14T11:13:59.887957Z","level":"info","event":"... 26 more","logger":"airflow.task.hooks.airflow.providers.apache.spark.hooks.spark_submit.SparkSubmitHook","filename":"spark_submit.py","lineno":643}
{"timestamp":"2026-01-14T11:13:59.887968Z","level":"info","event":"","logger":"airflow.task.hooks.airflow.providers.apache.spark.hooks.spark_submit.SparkSubmitHook","filename":"spark_submit.py","lineno":643}
{"timestamp":"2026-01-14T11:13:59.888370Z","level":"info","event":"26/01/14 11:13:59 INFO SparkContext: SparkContext is stopping with exitCode 0 from stop at NativeMethodAccessorImpl.java:0.","logger":"airflow.task.hooks.airflow.providers.apache.spark.hooks.spark_submit.SparkSubmitHook","filename":"spark_submit.py","lineno":643}
{"timestamp":"2026-01-14T11:13:59.900038Z","level":"info","event":"26/01/14 11:13:59 INFO SparkUI: Stopped Spark web UI at http://f1589074dbba:4040","logger":"airflow.task.hooks.airflow.providers.apache.spark.hooks.spark_submit.SparkSubmitHook","filename":"spark_submit.py","lineno":643}
{"timestamp":"2026-01-14T11:13:59.900906Z","level":"info","event":"26/01/14 11:13:59 INFO StandaloneSchedulerBackend: Shutting down all executors","logger":"airflow.task.hooks.airflow.providers.apache.spark.hooks.spark_submit.SparkSubmitHook","filename":"spark_submit.py","lineno":643}
{"timestamp":"2026-01-14T11:13:59.901115Z","level":"info","event":"26/01/14 11:13:59 INFO StandaloneSchedulerBackend$StandaloneDriverEndpoint: Asking each executor to shut down","logger":"airflow.task.hooks.airflow.providers.apache.spark.hooks.spark_submit.SparkSubmitHook","filename":"spark_submit.py","lineno":643}
{"timestamp":"2026-01-14T11:13:59.910347Z","level":"info","event":"26/01/14 11:13:59 INFO MapOutputTrackerMasterEndpoint: MapOutputTrackerMasterEndpoint stopped!","logger":"airflow.task.hooks.airflow.providers.apache.spark.hooks.spark_submit.SparkSubmitHook","filename":"spark_submit.py","lineno":643}
{"timestamp":"2026-01-14T11:13:59.924210Z","level":"info","event":"26/01/14 11:13:59 INFO MemoryStore: MemoryStore cleared","logger":"airflow.task.hooks.airflow.providers.apache.spark.hooks.spark_submit.SparkSubmitHook","filename":"spark_submit.py","lineno":643}
{"timestamp":"2026-01-14T11:13:59.924371Z","level":"info","event":"26/01/14 11:13:59 INFO BlockManager: BlockManager stopped","logger":"airflow.task.hooks.airflow.providers.apache.spark.hooks.spark_submit.SparkSubmitHook","filename":"spark_submit.py","lineno":643}
{"timestamp":"2026-01-14T11:13:59.929715Z","level":"info","event":"26/01/14 11:13:59 INFO BlockManagerMaster: BlockManagerMaster stopped","logger":"airflow.task.hooks.airflow.providers.apache.spark.hooks.spark_submit.SparkSubmitHook","filename":"spark_submit.py","lineno":643}
{"timestamp":"2026-01-14T11:13:59.931196Z","level":"info","event":"26/01/14 11:13:59 INFO OutputCommitCoordinator$OutputCommitCoordinatorEndpoint: OutputCommitCoordinator stopped!","logger":"airflow.task.hooks.airflow.providers.apache.spark.hooks.spark_submit.SparkSubmitHook","filename":"spark_submit.py","lineno":643}
{"timestamp":"2026-01-14T11:13:59.936618Z","level":"info","event":"26/01/14 11:13:59 INFO SparkContext: Successfully stopped SparkContext (Uptime: 3885 ms)","logger":"airflow.task.hooks.airflow.providers.apache.spark.hooks.spark_submit.SparkSubmitHook","filename":"spark_submit.py","lineno":643}
{"timestamp":"2026-01-14T11:14:00.819826Z","level":"info","event":"Traceback (most recent call last):","logger":"airflow.task.hooks.airflow.providers.apache.spark.hooks.spark_submit.SparkSubmitHook","filename":"spark_submit.py","lineno":643}
{"timestamp":"2026-01-14T11:14:00.820151Z","level":"info","event":"File \"/opt/spark/jobs/minio.py\", line 41, in <module>","logger":"airflow.task.hooks.airflow.providers.apache.spark.hooks.spark_submit.SparkSubmitHook","filename":"spark_submit.py","lineno":643}
{"timestamp":"2026-01-14T11:14:00.821024Z","level":"info","event":"df.write.mode(\"overwrite\").parquet(output_path)","logger":"airflow.task.hooks.airflow.providers.apache.spark.hooks.spark_submit.SparkSubmitHook","filename":"spark_submit.py","lineno":643}
{"timestamp":"2026-01-14T11:14:00.821121Z","level":"info","event":"File \"/opt/spark-4.1.1-bin-hadoop3/python/lib/pyspark.zip/pyspark/sql/readwriter.py\", line 2003, in parquet","logger":"airflow.task.hooks.airflow.providers.apache.spark.hooks.spark_submit.SparkSubmitHook","filename":"spark_submit.py","lineno":643}
{"timestamp":"2026-01-14T11:14:00.822228Z","level":"info","event":"File \"/opt/spark-4.1.1-bin-hadoop3/python/lib/py4j-0.10.9.9-src.zip/py4j/java_gateway.py\", line 1362, in __call__","logger":"airflow.task.hooks.airflow.providers.apache.spark.hooks.spark_submit.SparkSubmitHook","filename":"spark_submit.py","lineno":643}
{"timestamp":"2026-01-14T11:14:00.822808Z","level":"info","event":"File \"/opt/spark-4.1.1-bin-hadoop3/python/lib/pyspark.zip/pyspark/errors/exceptions/captured.py\", line 263, in deco","logger":"airflow.task.hooks.airflow.providers.apache.spark.hooks.spark_submit.SparkSubmitHook","filename":"spark_submit.py","lineno":643}
{"timestamp":"2026-01-14T11:14:00.823317Z","level":"info","event":"File \"/opt/spark-4.1.1-bin-hadoop3/python/lib/py4j-0.10.9.9-src.zip/py4j/protocol.py\", line 327, in get_return_value","logger":"airflow.task.hooks.airflow.providers.apache.spark.hooks.spark_submit.SparkSubmitHook","filename":"spark_submit.py","lineno":643}
{"timestamp":"2026-01-14T11:14:00.824767Z","level":"info","event":"py4j.protocol.Py4JJavaError: An error occurred while calling o62.parquet.","logger":"airflow.task.hooks.airflow.providers.apache.spark.hooks.spark_submit.SparkSubmitHook","filename":"spark_submit.py","lineno":643}
{"timestamp":"2026-01-14T11:14:00.824909Z","level":"info","event":": java.lang.RuntimeException: java.lang.ClassNotFoundException: Class org.apache.hadoop.fs.s3a.S3AFileSystem not found","logger":"airflow.task.hooks.airflow.providers.apache.spark.hooks.spark_submit.SparkSubmitHook","filename":"spark_submit.py","lineno":643}
{"timestamp":"2026-01-14T11:14:00.825022Z","level":"info","event":"at org.apache.hadoop.conf.Configuration.getClass(Configuration.java:2737)","logger":"airflow.task.hooks.airflow.providers.apache.spark.hooks.spark_submit.SparkSubmitHook","filename":"spark_submit.py","lineno":643}
{"timestamp":"2026-01-14T11:14:00.825075Z","level":"info","event":"at org.apache.hadoop.fs.FileSystem.getFileSystemClass(FileSystem.java:3569)","logger":"airflow.task.hooks.airflow.providers.apache.spark.hooks.spark_submit.SparkSubmitHook","filename":"spark_submit.py","lineno":643}
{"timestamp":"2026-01-14T11:14:00.825112Z","level":"info","event":"at org.apache.hadoop.fs.FileSystem.createFileSystem(FileSystem.java:3612)","logger":"airflow.task.hooks.airflow.providers.apache.spark.hooks.spark_submit.SparkSubmitHook","filename":"spark_submit.py","lineno":643}
{"timestamp":"2026-01-14T11:14:00.825148Z","level":"info","event":"at org.apache.hadoop.fs.FileSystem.access$300(FileSystem.java:172)","logger":"airflow.task.hooks.airflow.providers.apache.spark.hooks.spark_submit.SparkSubmitHook","filename":"spark_submit.py","lineno":643}
{"timestamp":"2026-01-14T11:14:00.825184Z","level":"info","event":"at org.apache.hadoop.fs.FileSystem$Cache.getInternal(FileSystem.java:3716)","logger":"airflow.task.hooks.airflow.providers.apache.spark.hooks.spark_submit.SparkSubmitHook","filename":"spark_submit.py","lineno":643}
{"timestamp":"2026-01-14T11:14:00.825217Z","level":"info","event":"at org.apache.hadoop.fs.FileSystem$Cache.get(FileSystem.java:3667)","logger":"airflow.task.hooks.airflow.providers.apache.spark.hooks.spark_submit.SparkSubmitHook","filename":"spark_submit.py","lineno":643}
{"timestamp":"2026-01-14T11:14:00.825251Z","level":"info","event":"at org.apache.hadoop.fs.FileSystem.get(FileSystem.java:557)","logger":"airflow.task.hooks.airflow.providers.apache.spark.hooks.spark_submit.SparkSubmitHook","filename":"spark_submit.py","lineno":643}
{"timestamp":"2026-01-14T11:14:00.825294Z","level":"info","event":"at org.apache.hadoop.fs.Path.getFileSystem(Path.java:366)","logger":"airflow.task.hooks.airflow.providers.apache.spark.hooks.spark_submit.SparkSubmitHook","filename":"spark_submit.py","lineno":643}
{"timestamp":"2026-01-14T11:14:00.825329Z","level":"info","event":"at org.apache.spark.sql.execution.datasources.DataSource.makeQualified(DataSource.scala:128)","logger":"airflow.task.hooks.airflow.providers.apache.spark.hooks.spark_submit.SparkSubmitHook","filename":"spark_submit.py","lineno":643}
{"timestamp":"2026-01-14T11:14:00.825367Z","level":"info","event":"at org.apache.spark.sql.execution.datasources.DataSource.planForWritingFileFormat(DataSource.scala:471)","logger":"airflow.task.hooks.airflow.providers.apache.spark.hooks.spark_submit.SparkSubmitHook","filename":"spark_submit.py","lineno":643}
{"timestamp":"2026-01-14T11:14:00.825402Z","level":"info","event":"at org.apache.spark.sql.execution.datasources.DataSource.planForWriting(DataSource.scala:559)","logger":"airflow.task.hooks.airflow.providers.apache.spark.hooks.spark_submit.SparkSubmitHook","filename":"spark_submit.py","lineno":643}
{"timestamp":"2026-01-14T11:14:00.825435Z","level":"info","event":"at org.apache.spark.sql.classic.DataFrameWriter.saveToV1SourceCommand(DataFrameWriter.scala:273)","logger":"airflow.task.hooks.airflow.providers.apache.spark.hooks.spark_submit.SparkSubmitHook","filename":"spark_submit.py","lineno":643}
{"timestamp":"2026-01-14T11:14:00.825468Z","level":"info","event":"at org.apache.spark.sql.classic.DataFrameWriter.saveCommand(DataFrameWriter.scala:242)","logger":"airflow.task.hooks.airflow.providers.apache.spark.hooks.spark_submit.SparkSubmitHook","filename":"spark_submit.py","lineno":643}
{"timestamp":"2026-01-14T11:14:00.825505Z","level":"info","event":"at org.apache.spark.sql.classic.DataFrameWriter.save(DataFrameWriter.scala:115)","logger":"airflow.task.hooks.airflow.providers.apache.spark.hooks.spark_submit.SparkSubmitHook","filename":"spark_submit.py","lineno":643}
{"timestamp":"2026-01-14T11:14:00.825537Z","level":"info","event":"at org.apache.spark.sql.DataFrameWriter.parquet(DataFrameWriter.scala:369)","logger":"airflow.task.hooks.airflow.providers.apache.spark.hooks.spark_submit.SparkSubmitHook","filename":"spark_submit.py","lineno":643}
{"timestamp":"2026-01-14T11:14:00.825570Z","level":"info","event":"at java.base/jdk.internal.reflect.NativeMethodAccessorImpl.invoke0(Native Method)","logger":"airflow.task.hooks.airflow.providers.apache.spark.hooks.spark_submit.SparkSubmitHook","filename":"spark_submit.py","lineno":643}
{"timestamp":"2026-01-14T11:14:00.825603Z","level":"info","event":"at java.base/jdk.internal.reflect.NativeMethodAccessorImpl.invoke(NativeMethodAccessorImpl.java:77)","logger":"airflow.task.hooks.airflow.providers.apache.spark.hooks.spark_submit.SparkSubmitHook","filename":"spark_submit.py","lineno":643}
{"timestamp":"2026-01-14T11:14:00.825635Z","level":"info","event":"at java.base/jdk.internal.reflect.DelegatingMethodAccessorImpl.invoke(DelegatingMethodAccessorImpl.java:43)","logger":"airflow.task.hooks.airflow.providers.apache.spark.hooks.spark_submit.SparkSubmitHook","filename":"spark_submit.py","lineno":643}
{"timestamp":"2026-01-14T11:14:00.825755Z","level":"info","event":"at java.base/java.lang.reflect.Method.invoke(Method.java:569)","logger":"airflow.task.hooks.airflow.providers.apache.spark.hooks.spark_submit.SparkSubmitHook","filename":"spark_submit.py","lineno":643}
{"timestamp":"2026-01-14T11:14:00.825830Z","level":"info","event":"at py4j.reflection.MethodInvoker.invoke(MethodInvoker.java:244)","logger":"airflow.task.hooks.airflow.providers.apache.spark.hooks.spark_submit.SparkSubmitHook","filename":"spark_submit.py","lineno":643}
{"timestamp":"2026-01-14T11:14:00.825864Z","level":"info","event":"at py4j.reflection.ReflectionEngine.invoke(ReflectionEngine.java:374)","logger":"airflow.task.hooks.airflow.providers.apache.spark.hooks.spark_submit.SparkSubmitHook","filename":"spark_submit.py","lineno":643}
{"timestamp":"2026-01-14T11:14:00.825898Z","level":"info","event":"at py4j.Gateway.invoke(Gateway.java:282)","logger":"airflow.task.hooks.airflow.providers.apache.spark.hooks.spark_submit.SparkSubmitHook","filename":"spark_submit.py","lineno":643}
{"timestamp":"2026-01-14T11:14:00.825935Z","level":"info","event":"at py4j.commands.AbstractCommand.invokeMethod(AbstractCommand.java:132)","logger":"airflow.task.hooks.airflow.providers.apache.spark.hooks.spark_submit.SparkSubmitHook","filename":"spark_submit.py","lineno":643}
{"timestamp":"2026-01-14T11:14:00.825969Z","level":"info","event":"at py4j.commands.CallCommand.execute(CallCommand.java:79)","logger":"airflow.task.hooks.airflow.providers.apache.spark.hooks.spark_submit.SparkSubmitHook","filename":"spark_submit.py","lineno":643}
{"timestamp":"2026-01-14T11:14:00.826001Z","level":"info","event":"at py4j.ClientServerConnection.waitForCommands(ClientServerConnection.java:184)","logger":"airflow.task.hooks.airflow.providers.apache.spark.hooks.spark_submit.SparkSubmitHook","filename":"spark_submit.py","lineno":643}
{"timestamp":"2026-01-14T11:14:00.826034Z","level":"info","event":"at py4j.ClientServerConnection.run(ClientServerConnection.java:108)","logger":"airflow.task.hooks.airflow.providers.apache.spark.hooks.spark_submit.SparkSubmitHook","filename":"spark_submit.py","lineno":643}
{"timestamp":"2026-01-14T11:14:00.826068Z","level":"info","event":"at java.base/java.lang.Thread.run(Thread.java:840)","logger":"airflow.task.hooks.airflow.providers.apache.spark.hooks.spark_submit.SparkSubmitHook","filename":"spark_submit.py","lineno":643}
{"timestamp":"2026-01-14T11:14:00.826101Z","level":"info","event":"Caused by: java.lang.ClassNotFoundException: Class org.apache.hadoop.fs.s3a.S3AFileSystem not found","logger":"airflow.task.hooks.airflow.providers.apache.spark.hooks.spark_submit.SparkSubmitHook","filename":"spark_submit.py","lineno":643}
{"timestamp":"2026-01-14T11:14:00.826134Z","level":"info","event":"at org.apache.hadoop.conf.Configuration.getClassByName(Configuration.java:2641)","logger":"airflow.task.hooks.airflow.providers.apache.spark.hooks.spark_submit.SparkSubmitHook","filename":"spark_submit.py","lineno":643}
{"timestamp":"2026-01-14T11:14:00.826169Z","level":"info","event":"at org.apache.hadoop.conf.Configuration.getClass(Configuration.java:2735)","logger":"airflow.task.hooks.airflow.providers.apache.spark.hooks.spark_submit.SparkSubmitHook","filename":"spark_submit.py","lineno":643}
{"timestamp":"2026-01-14T11:14:00.826202Z","level":"info","event":"... 26 more","logger":"airflow.task.hooks.airflow.providers.apache.spark.hooks.spark_submit.SparkSubmitHook","filename":"spark_submit.py","lineno":643}
{"timestamp":"2026-01-14T11:14:00.826338Z","level":"info","event":"","logger":"airflow.task.hooks.airflow.providers.apache.spark.hooks.spark_submit.SparkSubmitHook","filename":"spark_submit.py","lineno":643}
{"timestamp":"2026-01-14T11:14:00.918375Z","level":"error","event":"Task failed with exception","logger":"task","filename":"task_runner.py","lineno":1056,"error_detail":[{"exc_type":"AirflowException","exc_value":"Cannot execute: spark-submit --master spark://spark-master:7077 --name minio --verbose --deploy-mode client /opt/spark/jobs/minio.py. Error code is: 1.","exc_notes":[],"syntax_error":null,"is_cause":false,"frames":[{"filename":"/opt/airflow/venv/lib/python3.10/site-packages/airflow/sdk/execution_time/task_runner.py","lineno":1004,"name":"run"},{"filename":"/opt/airflow/venv/lib/python3.10/site-packages/airflow/sdk/execution_time/task_runner.py","lineno":1405,"name":"_execute_task"},{"filename":"/opt/airflow/venv/lib/python3.10/site-packages/airflow/sdk/bases/operator.py","lineno":417,"name":"wrapper"},{"filename":"/opt/airflow/venv/lib/python3.10/site-packages/airflow/providers/apache/spark/operators/spark_submit.py","lineno":195,"name":"execute"},{"filename":"/opt/airflow/venv/lib/python3.10/site-packages/airflow/providers/apache/spark/hooks/spark_submit.py","lineno":565,"name":"submit"}],"is_group":false,"exceptions":[]}]}
