{"timestamp":"2026-01-15T09:01:08.134478Z","level":"info","event":"DAG bundles loaded: dags-folder","logger":"airflow.dag_processing.bundles.manager.DagBundlesManager","filename":"manager.py","lineno":179}
{"timestamp":"2026-01-15T09:01:08.134935Z","level":"info","event":"Filling up the DagBag from /opt/airflow/dags/spark_minio.py","logger":"airflow.models.dagbag.DagBag","filename":"dagbag.py","lineno":593}
{"timestamp":"2026-01-15T09:01:08.453697Z","level":"info","event":"Spark-Submit cmd: spark-submit --master spark://spark-master:7077 --name arrow-spark --verbose /opt/spark/jobs/minio.py","logger":"airflow.task.hooks.airflow.providers.apache.spark.hooks.spark_submit.SparkSubmitHook","filename":"spark_submit.py","lineno":473}
{"timestamp":"2026-01-15T09:01:08.531380Z","level":"info","event":"WARNING: Using incubator modules: jdk.incubator.vector","logger":"airflow.task.hooks.airflow.providers.apache.spark.hooks.spark_submit.SparkSubmitHook","filename":"spark_submit.py","lineno":643}
{"timestamp":"2026-01-15T09:01:08.988594Z","level":"info","event":"Parsed arguments:","logger":"airflow.task.hooks.airflow.providers.apache.spark.hooks.spark_submit.SparkSubmitHook","filename":"spark_submit.py","lineno":643}
{"timestamp":"2026-01-15T09:01:08.988695Z","level":"info","event":"master                  spark://spark-master:7077","logger":"airflow.task.hooks.airflow.providers.apache.spark.hooks.spark_submit.SparkSubmitHook","filename":"spark_submit.py","lineno":643}
{"timestamp":"2026-01-15T09:01:08.988719Z","level":"info","event":"remote                  null","logger":"airflow.task.hooks.airflow.providers.apache.spark.hooks.spark_submit.SparkSubmitHook","filename":"spark_submit.py","lineno":643}
{"timestamp":"2026-01-15T09:01:08.988732Z","level":"info","event":"deployMode              null","logger":"airflow.task.hooks.airflow.providers.apache.spark.hooks.spark_submit.SparkSubmitHook","filename":"spark_submit.py","lineno":643}
{"timestamp":"2026-01-15T09:01:08.988743Z","level":"info","event":"executorMemory          null","logger":"airflow.task.hooks.airflow.providers.apache.spark.hooks.spark_submit.SparkSubmitHook","filename":"spark_submit.py","lineno":643}
{"timestamp":"2026-01-15T09:01:08.988754Z","level":"info","event":"executorCores           null","logger":"airflow.task.hooks.airflow.providers.apache.spark.hooks.spark_submit.SparkSubmitHook","filename":"spark_submit.py","lineno":643}
{"timestamp":"2026-01-15T09:01:08.988772Z","level":"info","event":"totalExecutorCores      null","logger":"airflow.task.hooks.airflow.providers.apache.spark.hooks.spark_submit.SparkSubmitHook","filename":"spark_submit.py","lineno":643}
{"timestamp":"2026-01-15T09:01:08.988783Z","level":"info","event":"propertiesFile          null","logger":"airflow.task.hooks.airflow.providers.apache.spark.hooks.spark_submit.SparkSubmitHook","filename":"spark_submit.py","lineno":643}
{"timestamp":"2026-01-15T09:01:08.988795Z","level":"info","event":"driverMemory            null","logger":"airflow.task.hooks.airflow.providers.apache.spark.hooks.spark_submit.SparkSubmitHook","filename":"spark_submit.py","lineno":643}
{"timestamp":"2026-01-15T09:01:08.988805Z","level":"info","event":"driverCores             null","logger":"airflow.task.hooks.airflow.providers.apache.spark.hooks.spark_submit.SparkSubmitHook","filename":"spark_submit.py","lineno":643}
{"timestamp":"2026-01-15T09:01:08.988816Z","level":"info","event":"driverExtraClassPath    null","logger":"airflow.task.hooks.airflow.providers.apache.spark.hooks.spark_submit.SparkSubmitHook","filename":"spark_submit.py","lineno":643}
{"timestamp":"2026-01-15T09:01:08.988826Z","level":"info","event":"driverExtraLibraryPath  null","logger":"airflow.task.hooks.airflow.providers.apache.spark.hooks.spark_submit.SparkSubmitHook","filename":"spark_submit.py","lineno":643}
{"timestamp":"2026-01-15T09:01:08.988836Z","level":"info","event":"driverExtraJavaOptions  null","logger":"airflow.task.hooks.airflow.providers.apache.spark.hooks.spark_submit.SparkSubmitHook","filename":"spark_submit.py","lineno":643}
{"timestamp":"2026-01-15T09:01:08.988846Z","level":"info","event":"supervise               false","logger":"airflow.task.hooks.airflow.providers.apache.spark.hooks.spark_submit.SparkSubmitHook","filename":"spark_submit.py","lineno":643}
{"timestamp":"2026-01-15T09:01:08.988856Z","level":"info","event":"queue                   null","logger":"airflow.task.hooks.airflow.providers.apache.spark.hooks.spark_submit.SparkSubmitHook","filename":"spark_submit.py","lineno":643}
{"timestamp":"2026-01-15T09:01:08.988867Z","level":"info","event":"numExecutors            null","logger":"airflow.task.hooks.airflow.providers.apache.spark.hooks.spark_submit.SparkSubmitHook","filename":"spark_submit.py","lineno":643}
{"timestamp":"2026-01-15T09:01:08.988877Z","level":"info","event":"files                   null","logger":"airflow.task.hooks.airflow.providers.apache.spark.hooks.spark_submit.SparkSubmitHook","filename":"spark_submit.py","lineno":643}
{"timestamp":"2026-01-15T09:01:08.988887Z","level":"info","event":"pyFiles                 null","logger":"airflow.task.hooks.airflow.providers.apache.spark.hooks.spark_submit.SparkSubmitHook","filename":"spark_submit.py","lineno":643}
{"timestamp":"2026-01-15T09:01:08.988897Z","level":"info","event":"archives                null","logger":"airflow.task.hooks.airflow.providers.apache.spark.hooks.spark_submit.SparkSubmitHook","filename":"spark_submit.py","lineno":643}
{"timestamp":"2026-01-15T09:01:08.988907Z","level":"info","event":"mainClass               null","logger":"airflow.task.hooks.airflow.providers.apache.spark.hooks.spark_submit.SparkSubmitHook","filename":"spark_submit.py","lineno":643}
{"timestamp":"2026-01-15T09:01:08.988917Z","level":"info","event":"primaryResource         file:/opt/spark/jobs/minio.py","logger":"airflow.task.hooks.airflow.providers.apache.spark.hooks.spark_submit.SparkSubmitHook","filename":"spark_submit.py","lineno":643}
{"timestamp":"2026-01-15T09:01:08.988928Z","level":"info","event":"name                    arrow-spark","logger":"airflow.task.hooks.airflow.providers.apache.spark.hooks.spark_submit.SparkSubmitHook","filename":"spark_submit.py","lineno":643}
{"timestamp":"2026-01-15T09:01:08.988939Z","level":"info","event":"childArgs               []","logger":"airflow.task.hooks.airflow.providers.apache.spark.hooks.spark_submit.SparkSubmitHook","filename":"spark_submit.py","lineno":643}
{"timestamp":"2026-01-15T09:01:08.988950Z","level":"info","event":"jars                    null","logger":"airflow.task.hooks.airflow.providers.apache.spark.hooks.spark_submit.SparkSubmitHook","filename":"spark_submit.py","lineno":643}
{"timestamp":"2026-01-15T09:01:08.988968Z","level":"info","event":"packages                null","logger":"airflow.task.hooks.airflow.providers.apache.spark.hooks.spark_submit.SparkSubmitHook","filename":"spark_submit.py","lineno":643}
{"timestamp":"2026-01-15T09:01:08.988984Z","level":"info","event":"packagesExclusions      null","logger":"airflow.task.hooks.airflow.providers.apache.spark.hooks.spark_submit.SparkSubmitHook","filename":"spark_submit.py","lineno":643}
{"timestamp":"2026-01-15T09:01:08.988994Z","level":"info","event":"repositories            null","logger":"airflow.task.hooks.airflow.providers.apache.spark.hooks.spark_submit.SparkSubmitHook","filename":"spark_submit.py","lineno":643}
{"timestamp":"2026-01-15T09:01:08.989004Z","level":"info","event":"verbose                 true","logger":"airflow.task.hooks.airflow.providers.apache.spark.hooks.spark_submit.SparkSubmitHook","filename":"spark_submit.py","lineno":643}
{"timestamp":"2026-01-15T09:01:08.989026Z","level":"info","event":"","logger":"airflow.task.hooks.airflow.providers.apache.spark.hooks.spark_submit.SparkSubmitHook","filename":"spark_submit.py","lineno":643}
{"timestamp":"2026-01-15T09:01:08.989038Z","level":"info","event":"Spark properties used, including those specified through","logger":"airflow.task.hooks.airflow.providers.apache.spark.hooks.spark_submit.SparkSubmitHook","filename":"spark_submit.py","lineno":643}
{"timestamp":"2026-01-15T09:01:08.989049Z","level":"info","event":"--conf and those from the properties file null:","logger":"airflow.task.hooks.airflow.providers.apache.spark.hooks.spark_submit.SparkSubmitHook","filename":"spark_submit.py","lineno":643}
{"timestamp":"2026-01-15T09:01:08.989059Z","level":"info","event":"","logger":"airflow.task.hooks.airflow.providers.apache.spark.hooks.spark_submit.SparkSubmitHook","filename":"spark_submit.py","lineno":643}
{"timestamp":"2026-01-15T09:01:08.989070Z","level":"info","event":"","logger":"airflow.task.hooks.airflow.providers.apache.spark.hooks.spark_submit.SparkSubmitHook","filename":"spark_submit.py","lineno":643}
{"timestamp":"2026-01-15T09:01:08.989080Z","level":"info","event":"","logger":"airflow.task.hooks.airflow.providers.apache.spark.hooks.spark_submit.SparkSubmitHook","filename":"spark_submit.py","lineno":643}
{"timestamp":"2026-01-15T09:01:09.074513Z","level":"info","event":"Main class:","logger":"airflow.task.hooks.airflow.providers.apache.spark.hooks.spark_submit.SparkSubmitHook","filename":"spark_submit.py","lineno":643}
{"timestamp":"2026-01-15T09:01:09.074719Z","level":"info","event":"org.apache.spark.deploy.PythonRunner","logger":"airflow.task.hooks.airflow.providers.apache.spark.hooks.spark_submit.SparkSubmitHook","filename":"spark_submit.py","lineno":643}
{"timestamp":"2026-01-15T09:01:09.074745Z","level":"info","event":"Arguments:","logger":"airflow.task.hooks.airflow.providers.apache.spark.hooks.spark_submit.SparkSubmitHook","filename":"spark_submit.py","lineno":643}
{"timestamp":"2026-01-15T09:01:09.074773Z","level":"info","event":"file:/opt/spark/jobs/minio.py","logger":"airflow.task.hooks.airflow.providers.apache.spark.hooks.spark_submit.SparkSubmitHook","filename":"spark_submit.py","lineno":643}
{"timestamp":"2026-01-15T09:01:09.074787Z","level":"info","event":"null","logger":"airflow.task.hooks.airflow.providers.apache.spark.hooks.spark_submit.SparkSubmitHook","filename":"spark_submit.py","lineno":643}
{"timestamp":"2026-01-15T09:01:09.075248Z","level":"info","event":"Spark config:","logger":"airflow.task.hooks.airflow.providers.apache.spark.hooks.spark_submit.SparkSubmitHook","filename":"spark_submit.py","lineno":643}
{"timestamp":"2026-01-15T09:01:09.075281Z","level":"info","event":"(spark.app.name,arrow-spark)","logger":"airflow.task.hooks.airflow.providers.apache.spark.hooks.spark_submit.SparkSubmitHook","filename":"spark_submit.py","lineno":643}
{"timestamp":"2026-01-15T09:01:09.075296Z","level":"info","event":"(spark.app.submitTime,1768467669056)","logger":"airflow.task.hooks.airflow.providers.apache.spark.hooks.spark_submit.SparkSubmitHook","filename":"spark_submit.py","lineno":643}
{"timestamp":"2026-01-15T09:01:09.075310Z","level":"info","event":"(spark.master,spark://spark-master:7077)","logger":"airflow.task.hooks.airflow.providers.apache.spark.hooks.spark_submit.SparkSubmitHook","filename":"spark_submit.py","lineno":643}
{"timestamp":"2026-01-15T09:01:09.075323Z","level":"info","event":"(spark.submit.deployMode,client)","logger":"airflow.task.hooks.airflow.providers.apache.spark.hooks.spark_submit.SparkSubmitHook","filename":"spark_submit.py","lineno":643}
{"timestamp":"2026-01-15T09:01:09.075335Z","level":"info","event":"(spark.submit.pyFiles,)","logger":"airflow.task.hooks.airflow.providers.apache.spark.hooks.spark_submit.SparkSubmitHook","filename":"spark_submit.py","lineno":643}
{"timestamp":"2026-01-15T09:01:09.075349Z","level":"info","event":"Classpath elements:","logger":"airflow.task.hooks.airflow.providers.apache.spark.hooks.spark_submit.SparkSubmitHook","filename":"spark_submit.py","lineno":643}
{"timestamp":"2026-01-15T09:01:09.075361Z","level":"info","event":"","logger":"airflow.task.hooks.airflow.providers.apache.spark.hooks.spark_submit.SparkSubmitHook","filename":"spark_submit.py","lineno":643}
{"timestamp":"2026-01-15T09:01:09.075546Z","level":"info","event":"","logger":"airflow.task.hooks.airflow.providers.apache.spark.hooks.spark_submit.SparkSubmitHook","filename":"spark_submit.py","lineno":643}
{"timestamp":"2026-01-15T09:01:09.075614Z","level":"info","event":"","logger":"airflow.task.hooks.airflow.providers.apache.spark.hooks.spark_submit.SparkSubmitHook","filename":"spark_submit.py","lineno":643}
{"timestamp":"2026-01-15T09:01:09.593266Z","level":"info","event":"Using Spark's default log4j profile: org/apache/spark/log4j2-defaults.properties","logger":"airflow.task.hooks.airflow.providers.apache.spark.hooks.spark_submit.SparkSubmitHook","filename":"spark_submit.py","lineno":643}
{"timestamp":"2026-01-15T09:01:09.596062Z","level":"info","event":"26/01/15 09:01:09 INFO SparkContext: Running Spark version 4.1.1","logger":"airflow.task.hooks.airflow.providers.apache.spark.hooks.spark_submit.SparkSubmitHook","filename":"spark_submit.py","lineno":643}
{"timestamp":"2026-01-15T09:01:09.597191Z","level":"info","event":"26/01/15 09:01:09 INFO SparkContext: OS info Linux, 6.12.54-linuxkit, aarch64","logger":"airflow.task.hooks.airflow.providers.apache.spark.hooks.spark_submit.SparkSubmitHook","filename":"spark_submit.py","lineno":643}
{"timestamp":"2026-01-15T09:01:09.597324Z","level":"info","event":"26/01/15 09:01:09 INFO SparkContext: Java version 17.0.17+10-Debian-1deb12u1","logger":"airflow.task.hooks.airflow.providers.apache.spark.hooks.spark_submit.SparkSubmitHook","filename":"spark_submit.py","lineno":643}
{"timestamp":"2026-01-15T09:01:09.630518Z","level":"info","event":"26/01/15 09:01:09 WARN NativeCodeLoader: Unable to load native-hadoop library for your platform... using builtin-java classes where applicable","logger":"airflow.task.hooks.airflow.providers.apache.spark.hooks.spark_submit.SparkSubmitHook","filename":"spark_submit.py","lineno":643}
{"timestamp":"2026-01-15T09:01:09.650496Z","level":"info","event":"26/01/15 09:01:09 INFO ResourceUtils: ==============================================================","logger":"airflow.task.hooks.airflow.providers.apache.spark.hooks.spark_submit.SparkSubmitHook","filename":"spark_submit.py","lineno":643}
{"timestamp":"2026-01-15T09:01:09.650578Z","level":"info","event":"26/01/15 09:01:09 INFO ResourceUtils: No custom resources configured for spark.driver.","logger":"airflow.task.hooks.airflow.providers.apache.spark.hooks.spark_submit.SparkSubmitHook","filename":"spark_submit.py","lineno":643}
{"timestamp":"2026-01-15T09:01:09.650691Z","level":"info","event":"26/01/15 09:01:09 INFO ResourceUtils: ==============================================================","logger":"airflow.task.hooks.airflow.providers.apache.spark.hooks.spark_submit.SparkSubmitHook","filename":"spark_submit.py","lineno":643}
{"timestamp":"2026-01-15T09:01:09.650826Z","level":"info","event":"26/01/15 09:01:09 INFO SparkContext: Submitted application: HelloWorldToMinIO_DEBUG","logger":"airflow.task.hooks.airflow.providers.apache.spark.hooks.spark_submit.SparkSubmitHook","filename":"spark_submit.py","lineno":643}
{"timestamp":"2026-01-15T09:01:09.668001Z","level":"info","event":"26/01/15 09:01:09 INFO SecurityManager: Changing view acls to: airflow","logger":"airflow.task.hooks.airflow.providers.apache.spark.hooks.spark_submit.SparkSubmitHook","filename":"spark_submit.py","lineno":643}
{"timestamp":"2026-01-15T09:01:09.668125Z","level":"info","event":"26/01/15 09:01:09 INFO SecurityManager: Changing modify acls to: airflow","logger":"airflow.task.hooks.airflow.providers.apache.spark.hooks.spark_submit.SparkSubmitHook","filename":"spark_submit.py","lineno":643}
{"timestamp":"2026-01-15T09:01:09.668255Z","level":"info","event":"26/01/15 09:01:09 INFO SecurityManager: Changing view acls groups to: airflow","logger":"airflow.task.hooks.airflow.providers.apache.spark.hooks.spark_submit.SparkSubmitHook","filename":"spark_submit.py","lineno":643}
{"timestamp":"2026-01-15T09:01:09.668381Z","level":"info","event":"26/01/15 09:01:09 INFO SecurityManager: Changing modify acls groups to: airflow","logger":"airflow.task.hooks.airflow.providers.apache.spark.hooks.spark_submit.SparkSubmitHook","filename":"spark_submit.py","lineno":643}
{"timestamp":"2026-01-15T09:01:09.668571Z","level":"info","event":"26/01/15 09:01:09 INFO SecurityManager: SecurityManager: authentication disabled; ui acls disabled; users with view permissions: airflow groups with view permissions: EMPTY; users with modify permissions: airflow; groups with modify permissions: EMPTY; RPC SSL disabled","logger":"airflow.task.hooks.airflow.providers.apache.spark.hooks.spark_submit.SparkSubmitHook","filename":"spark_submit.py","lineno":643}
{"timestamp":"2026-01-15T09:01:09.764059Z","level":"info","event":"26/01/15 09:01:09 INFO Utils: Successfully started service 'sparkDriver' on port 41219.","logger":"airflow.task.hooks.airflow.providers.apache.spark.hooks.spark_submit.SparkSubmitHook","filename":"spark_submit.py","lineno":643}
{"timestamp":"2026-01-15T09:01:09.773956Z","level":"info","event":"26/01/15 09:01:09 INFO SparkEnv: Registering MapOutputTracker","logger":"airflow.task.hooks.airflow.providers.apache.spark.hooks.spark_submit.SparkSubmitHook","filename":"spark_submit.py","lineno":643}
{"timestamp":"2026-01-15T09:01:09.778403Z","level":"info","event":"26/01/15 09:01:09 INFO SparkEnv: Registering BlockManagerMaster","logger":"airflow.task.hooks.airflow.providers.apache.spark.hooks.spark_submit.SparkSubmitHook","filename":"spark_submit.py","lineno":643}
{"timestamp":"2026-01-15T09:01:09.783443Z","level":"info","event":"26/01/15 09:01:09 INFO BlockManagerMasterEndpoint: Using org.apache.spark.storage.DefaultTopologyMapper for getting topology information","logger":"airflow.task.hooks.airflow.providers.apache.spark.hooks.spark_submit.SparkSubmitHook","filename":"spark_submit.py","lineno":643}
{"timestamp":"2026-01-15T09:01:09.783609Z","level":"info","event":"26/01/15 09:01:09 INFO BlockManagerMasterEndpoint: BlockManagerMasterEndpoint up","logger":"airflow.task.hooks.airflow.providers.apache.spark.hooks.spark_submit.SparkSubmitHook","filename":"spark_submit.py","lineno":643}
{"timestamp":"2026-01-15T09:01:09.784701Z","level":"info","event":"26/01/15 09:01:09 INFO SparkEnv: Registering BlockManagerMasterHeartbeat","logger":"airflow.task.hooks.airflow.providers.apache.spark.hooks.spark_submit.SparkSubmitHook","filename":"spark_submit.py","lineno":643}
{"timestamp":"2026-01-15T09:01:09.792649Z","level":"info","event":"26/01/15 09:01:09 INFO DiskBlockManager: Created local directory at /tmp/blockmgr-f70825e8-256e-40cb-9304-f2ca3494e656","logger":"airflow.task.hooks.airflow.providers.apache.spark.hooks.spark_submit.SparkSubmitHook","filename":"spark_submit.py","lineno":643}
{"timestamp":"2026-01-15T09:01:09.800661Z","level":"info","event":"26/01/15 09:01:09 INFO SparkEnv: Registering OutputCommitCoordinator","logger":"airflow.task.hooks.airflow.providers.apache.spark.hooks.spark_submit.SparkSubmitHook","filename":"spark_submit.py","lineno":643}
{"timestamp":"2026-01-15T09:01:09.846329Z","level":"info","event":"26/01/15 09:01:09 INFO JettyUtils: Start Jetty 0.0.0.0:4040 for SparkUI","logger":"airflow.task.hooks.airflow.providers.apache.spark.hooks.spark_submit.SparkSubmitHook","filename":"spark_submit.py","lineno":643}
{"timestamp":"2026-01-15T09:01:09.879499Z","level":"info","event":"26/01/15 09:01:09 INFO Utils: Successfully started service 'SparkUI' on port 4040.","logger":"airflow.task.hooks.airflow.providers.apache.spark.hooks.spark_submit.SparkSubmitHook","filename":"spark_submit.py","lineno":643}
{"timestamp":"2026-01-15T09:01:09.900762Z","level":"info","event":"26/01/15 09:01:09 INFO ResourceProfile: Default ResourceProfile created, executor resources: Map(memory -> name: memory, amount: 1024, script: , vendor: , offHeap -> name: offHeap, amount: 0, script: , vendor: ), task resources: Map(cpus -> name: cpus, amount: 1.0)","logger":"airflow.task.hooks.airflow.providers.apache.spark.hooks.spark_submit.SparkSubmitHook","filename":"spark_submit.py","lineno":643}
{"timestamp":"2026-01-15T09:01:09.901424Z","level":"info","event":"26/01/15 09:01:09 INFO ResourceProfile: Limiting resource is cpu","logger":"airflow.task.hooks.airflow.providers.apache.spark.hooks.spark_submit.SparkSubmitHook","filename":"spark_submit.py","lineno":643}
{"timestamp":"2026-01-15T09:01:09.901590Z","level":"info","event":"26/01/15 09:01:09 INFO ResourceProfileManager: Added ResourceProfile id: 0","logger":"airflow.task.hooks.airflow.providers.apache.spark.hooks.spark_submit.SparkSubmitHook","filename":"spark_submit.py","lineno":643}
{"timestamp":"2026-01-15T09:01:09.906561Z","level":"info","event":"26/01/15 09:01:09 INFO SecurityManager: Changing view acls to: airflow","logger":"airflow.task.hooks.airflow.providers.apache.spark.hooks.spark_submit.SparkSubmitHook","filename":"spark_submit.py","lineno":643}
{"timestamp":"2026-01-15T09:01:09.906615Z","level":"info","event":"26/01/15 09:01:09 INFO SecurityManager: Changing modify acls to: airflow","logger":"airflow.task.hooks.airflow.providers.apache.spark.hooks.spark_submit.SparkSubmitHook","filename":"spark_submit.py","lineno":643}
{"timestamp":"2026-01-15T09:01:09.906715Z","level":"info","event":"26/01/15 09:01:09 INFO SecurityManager: Changing view acls groups to: airflow","logger":"airflow.task.hooks.airflow.providers.apache.spark.hooks.spark_submit.SparkSubmitHook","filename":"spark_submit.py","lineno":643}
{"timestamp":"2026-01-15T09:01:09.906765Z","level":"info","event":"26/01/15 09:01:09 INFO SecurityManager: Changing modify acls groups to: airflow","logger":"airflow.task.hooks.airflow.providers.apache.spark.hooks.spark_submit.SparkSubmitHook","filename":"spark_submit.py","lineno":643}
{"timestamp":"2026-01-15T09:01:09.906858Z","level":"info","event":"26/01/15 09:01:09 INFO SecurityManager: SecurityManager: authentication disabled; ui acls disabled; users with view permissions: airflow groups with view permissions: EMPTY; users with modify permissions: airflow; groups with modify permissions: EMPTY; RPC SSL disabled","logger":"airflow.task.hooks.airflow.providers.apache.spark.hooks.spark_submit.SparkSubmitHook","filename":"spark_submit.py","lineno":643}
{"timestamp":"2026-01-15T09:01:09.953944Z","level":"info","event":"26/01/15 09:01:09 INFO StandaloneAppClient$ClientEndpoint: Connecting to master spark://spark-master:7077...","logger":"airflow.task.hooks.airflow.providers.apache.spark.hooks.spark_submit.SparkSubmitHook","filename":"spark_submit.py","lineno":643}
{"timestamp":"2026-01-15T09:01:09.972731Z","level":"info","event":"26/01/15 09:01:09 INFO TransportClientFactory: Successfully created connection to spark-master/172.18.0.4:7077 after 9 ms (0 ms spent in bootstraps)","logger":"airflow.task.hooks.airflow.providers.apache.spark.hooks.spark_submit.SparkSubmitHook","filename":"spark_submit.py","lineno":643}
{"timestamp":"2026-01-15T09:01:10.026227Z","level":"info","event":"26/01/15 09:01:10 INFO StandaloneSchedulerBackend: Connected to Spark cluster with app ID app-20260115090110-0001","logger":"airflow.task.hooks.airflow.providers.apache.spark.hooks.spark_submit.SparkSubmitHook","filename":"spark_submit.py","lineno":643}
{"timestamp":"2026-01-15T09:01:10.029179Z","level":"info","event":"26/01/15 09:01:10 INFO StandaloneAppClient$ClientEndpoint: Executor added: app-20260115090110-0001/0 on worker-20260115084405-172.18.0.6-39447 (172.18.0.6:39447) with 2 core(s)","logger":"airflow.task.hooks.airflow.providers.apache.spark.hooks.spark_submit.SparkSubmitHook","filename":"spark_submit.py","lineno":643}
{"timestamp":"2026-01-15T09:01:10.030786Z","level":"info","event":"26/01/15 09:01:10 INFO StandaloneSchedulerBackend: Granted executor ID app-20260115090110-0001/0 on hostPort 172.18.0.6:39447 with 2 core(s), 1024.0 MiB RAM","logger":"airflow.task.hooks.airflow.providers.apache.spark.hooks.spark_submit.SparkSubmitHook","filename":"spark_submit.py","lineno":643}
{"timestamp":"2026-01-15T09:01:10.031138Z","level":"info","event":"26/01/15 09:01:10 INFO StandaloneAppClient$ClientEndpoint: Executor added: app-20260115090110-0001/1 on worker-20260115084405-172.18.0.5-44343 (172.18.0.5:44343) with 2 core(s)","logger":"airflow.task.hooks.airflow.providers.apache.spark.hooks.spark_submit.SparkSubmitHook","filename":"spark_submit.py","lineno":643}
{"timestamp":"2026-01-15T09:01:10.031425Z","level":"info","event":"26/01/15 09:01:10 INFO StandaloneSchedulerBackend: Granted executor ID app-20260115090110-0001/1 on hostPort 172.18.0.5:44343 with 2 core(s), 1024.0 MiB RAM","logger":"airflow.task.hooks.airflow.providers.apache.spark.hooks.spark_submit.SparkSubmitHook","filename":"spark_submit.py","lineno":643}
{"timestamp":"2026-01-15T09:01:10.033959Z","level":"info","event":"26/01/15 09:01:10 INFO Utils: Successfully started service 'org.apache.spark.network.netty.NettyBlockTransferService' on port 35579.","logger":"airflow.task.hooks.airflow.providers.apache.spark.hooks.spark_submit.SparkSubmitHook","filename":"spark_submit.py","lineno":643}
{"timestamp":"2026-01-15T09:01:10.034773Z","level":"info","event":"26/01/15 09:01:10 INFO NettyBlockTransferService: Server created on d46a4b300aac:35579","logger":"airflow.task.hooks.airflow.providers.apache.spark.hooks.spark_submit.SparkSubmitHook","filename":"spark_submit.py","lineno":643}
{"timestamp":"2026-01-15T09:01:10.036672Z","level":"info","event":"26/01/15 09:01:10 INFO BlockManager: Using org.apache.spark.storage.RandomBlockReplicationPolicy for block replication policy","logger":"airflow.task.hooks.airflow.providers.apache.spark.hooks.spark_submit.SparkSubmitHook","filename":"spark_submit.py","lineno":643}
{"timestamp":"2026-01-15T09:01:10.043997Z","level":"info","event":"26/01/15 09:01:10 INFO BlockManagerMaster: Registering BlockManager BlockManagerId(driver, d46a4b300aac, 35579, None)","logger":"airflow.task.hooks.airflow.providers.apache.spark.hooks.spark_submit.SparkSubmitHook","filename":"spark_submit.py","lineno":643}
{"timestamp":"2026-01-15T09:01:10.049145Z","level":"info","event":"26/01/15 09:01:10 INFO BlockManagerMasterEndpoint: Registering block manager d46a4b300aac:35579 with 434.4 MiB RAM, BlockManagerId(driver, d46a4b300aac, 35579, None)","logger":"airflow.task.hooks.airflow.providers.apache.spark.hooks.spark_submit.SparkSubmitHook","filename":"spark_submit.py","lineno":643}
{"timestamp":"2026-01-15T09:01:10.051735Z","level":"info","event":"26/01/15 09:01:10 INFO BlockManagerMaster: Registered BlockManager BlockManagerId(driver, d46a4b300aac, 35579, None)","logger":"airflow.task.hooks.airflow.providers.apache.spark.hooks.spark_submit.SparkSubmitHook","filename":"spark_submit.py","lineno":643}
{"timestamp":"2026-01-15T09:01:10.056239Z","level":"info","event":"26/01/15 09:01:10 INFO BlockManager: Initialized BlockManager: BlockManagerId(driver, d46a4b300aac, 35579, None)","logger":"airflow.task.hooks.airflow.providers.apache.spark.hooks.spark_submit.SparkSubmitHook","filename":"spark_submit.py","lineno":643}
{"timestamp":"2026-01-15T09:01:10.056804Z","level":"info","event":"26/01/15 09:01:10 INFO StandaloneAppClient$ClientEndpoint: Executor updated: app-20260115090110-0001/1 is now RUNNING","logger":"airflow.task.hooks.airflow.providers.apache.spark.hooks.spark_submit.SparkSubmitHook","filename":"spark_submit.py","lineno":643}
{"timestamp":"2026-01-15T09:01:10.060866Z","level":"info","event":"26/01/15 09:01:10 INFO StandaloneAppClient$ClientEndpoint: Executor updated: app-20260115090110-0001/0 is now RUNNING","logger":"airflow.task.hooks.airflow.providers.apache.spark.hooks.spark_submit.SparkSubmitHook","filename":"spark_submit.py","lineno":643}
{"timestamp":"2026-01-15T09:01:10.134123Z","level":"info","event":"26/01/15 09:01:10 INFO StandaloneSchedulerBackend: SchedulerBackend is ready for scheduling beginning after reached minRegisteredResourcesRatio: 0.0","logger":"airflow.task.hooks.airflow.providers.apache.spark.hooks.spark_submit.SparkSubmitHook","filename":"spark_submit.py","lineno":643}
{"timestamp":"2026-01-15T09:01:11.361900Z","level":"info","event":"26/01/15 09:01:11 INFO StandaloneSchedulerBackend$StandaloneDriverEndpoint: Registered executor NettyRpcEndpointRef(spark-client://Executor) (172.18.0.6:47240) with ID 0, ResourceProfileId 0","logger":"airflow.task.hooks.airflow.providers.apache.spark.hooks.spark_submit.SparkSubmitHook","filename":"spark_submit.py","lineno":643}
{"timestamp":"2026-01-15T09:01:11.368946Z","level":"info","event":"26/01/15 09:01:11 INFO StandaloneSchedulerBackend$StandaloneDriverEndpoint: Registered executor NettyRpcEndpointRef(spark-client://Executor) (172.18.0.5:49416) with ID 1, ResourceProfileId 0","logger":"airflow.task.hooks.airflow.providers.apache.spark.hooks.spark_submit.SparkSubmitHook","filename":"spark_submit.py","lineno":643}
{"timestamp":"2026-01-15T09:01:11.453888Z","level":"info","event":"","logger":"airflow.task.hooks.airflow.providers.apache.spark.hooks.spark_submit.SparkSubmitHook","filename":"spark_submit.py","lineno":643}
{"timestamp":"2026-01-15T09:01:11.454033Z","level":"info","event":"========== DEBUG: Hadoop S3A CONFIG ==========","logger":"airflow.task.hooks.airflow.providers.apache.spark.hooks.spark_submit.SparkSubmitHook","filename":"spark_submit.py","lineno":643}
{"timestamp":"2026-01-15T09:01:11.474106Z","level":"info","event":"26/01/15 09:01:11 INFO BlockManagerMasterEndpoint: Registering block manager 172.18.0.5:33151 with 434.4 MiB RAM, BlockManagerId(1, 172.18.0.5, 33151, None)","logger":"airflow.task.hooks.airflow.providers.apache.spark.hooks.spark_submit.SparkSubmitHook","filename":"spark_submit.py","lineno":643}
{"timestamp":"2026-01-15T09:01:11.479805Z","level":"info","event":"26/01/15 09:01:11 INFO BlockManagerMasterEndpoint: Registering block manager 172.18.0.6:33283 with 434.4 MiB RAM, BlockManagerId(0, 172.18.0.6, 33283, None)","logger":"airflow.task.hooks.airflow.providers.apache.spark.hooks.spark_submit.SparkSubmitHook","filename":"spark_submit.py","lineno":643}
{"timestamp":"2026-01-15T09:01:11.720441Z","level":"info","event":"fs.AbstractFileSystem.s3a.impl = org.apache.hadoop.fs.s3a.S3A","logger":"airflow.task.hooks.airflow.providers.apache.spark.hooks.spark_submit.SparkSubmitHook","filename":"spark_submit.py","lineno":643}
{"timestamp":"2026-01-15T09:01:11.720551Z","level":"info","event":"fs.s3a.access.key = minioadmin","logger":"airflow.task.hooks.airflow.providers.apache.spark.hooks.spark_submit.SparkSubmitHook","filename":"spark_submit.py","lineno":643}
{"timestamp":"2026-01-15T09:01:11.720573Z","level":"info","event":"fs.s3a.accesspoint.required = false","logger":"airflow.task.hooks.airflow.providers.apache.spark.hooks.spark_submit.SparkSubmitHook","filename":"spark_submit.py","lineno":643}
{"timestamp":"2026-01-15T09:01:11.720586Z","level":"info","event":"fs.s3a.assumed.role.credentials.provider = org.apache.hadoop.fs.s3a.SimpleAWSCredentialsProvider","logger":"airflow.task.hooks.airflow.providers.apache.spark.hooks.spark_submit.SparkSubmitHook","filename":"spark_submit.py","lineno":643}
{"timestamp":"2026-01-15T09:01:11.720598Z","level":"info","event":"fs.s3a.assumed.role.session.duration = 30m","logger":"airflow.task.hooks.airflow.providers.apache.spark.hooks.spark_submit.SparkSubmitHook","filename":"spark_submit.py","lineno":643}
{"timestamp":"2026-01-15T09:01:11.720610Z","level":"info","event":"fs.s3a.attempts.maximum = 5","logger":"airflow.task.hooks.airflow.providers.apache.spark.hooks.spark_submit.SparkSubmitHook","filename":"spark_submit.py","lineno":643}
{"timestamp":"2026-01-15T09:01:11.720621Z","level":"info","event":"fs.s3a.audit.enabled = true","logger":"airflow.task.hooks.airflow.providers.apache.spark.hooks.spark_submit.SparkSubmitHook","filename":"spark_submit.py","lineno":643}
{"timestamp":"2026-01-15T09:01:11.720631Z","level":"info","event":"fs.s3a.aws.credentials.provider =","logger":"airflow.task.hooks.airflow.providers.apache.spark.hooks.spark_submit.SparkSubmitHook","filename":"spark_submit.py","lineno":643}
{"timestamp":"2026-01-15T09:01:11.720642Z","level":"info","event":"org.apache.hadoop.fs.s3a.TemporaryAWSCredentialsProvider,","logger":"airflow.task.hooks.airflow.providers.apache.spark.hooks.spark_submit.SparkSubmitHook","filename":"spark_submit.py","lineno":643}
{"timestamp":"2026-01-15T09:01:11.720653Z","level":"info","event":"org.apache.hadoop.fs.s3a.SimpleAWSCredentialsProvider,","logger":"airflow.task.hooks.airflow.providers.apache.spark.hooks.spark_submit.SparkSubmitHook","filename":"spark_submit.py","lineno":643}
{"timestamp":"2026-01-15T09:01:11.720674Z","level":"info","event":"software.amazon.awssdk.auth.credentials.EnvironmentVariableCredentialsProvider,","logger":"airflow.task.hooks.airflow.providers.apache.spark.hooks.spark_submit.SparkSubmitHook","filename":"spark_submit.py","lineno":643}
{"timestamp":"2026-01-15T09:01:11.720687Z","level":"info","event":"org.apache.hadoop.fs.s3a.auth.IAMInstanceCredentialsProvider","logger":"airflow.task.hooks.airflow.providers.apache.spark.hooks.spark_submit.SparkSubmitHook","filename":"spark_submit.py","lineno":643}
{"timestamp":"2026-01-15T09:01:11.720698Z","level":"info","event":"","logger":"airflow.task.hooks.airflow.providers.apache.spark.hooks.spark_submit.SparkSubmitHook","filename":"spark_submit.py","lineno":643}
{"timestamp":"2026-01-15T09:01:11.720724Z","level":"info","event":"fs.s3a.block.size = 32M","logger":"airflow.task.hooks.airflow.providers.apache.spark.hooks.spark_submit.SparkSubmitHook","filename":"spark_submit.py","lineno":643}
{"timestamp":"2026-01-15T09:01:11.720740Z","level":"info","event":"fs.s3a.buffer.dir = ${env.LOCAL_DIRS:-${hadoop.tmp.dir}}/s3a","logger":"airflow.task.hooks.airflow.providers.apache.spark.hooks.spark_submit.SparkSubmitHook","filename":"spark_submit.py","lineno":643}
{"timestamp":"2026-01-15T09:01:11.720756Z","level":"info","event":"fs.s3a.change.detection.mode = server","logger":"airflow.task.hooks.airflow.providers.apache.spark.hooks.spark_submit.SparkSubmitHook","filename":"spark_submit.py","lineno":643}
{"timestamp":"2026-01-15T09:01:11.720767Z","level":"info","event":"fs.s3a.change.detection.source = etag","logger":"airflow.task.hooks.airflow.providers.apache.spark.hooks.spark_submit.SparkSubmitHook","filename":"spark_submit.py","lineno":643}
{"timestamp":"2026-01-15T09:01:11.720788Z","level":"info","event":"fs.s3a.change.detection.version.required = true","logger":"airflow.task.hooks.airflow.providers.apache.spark.hooks.spark_submit.SparkSubmitHook","filename":"spark_submit.py","lineno":643}
{"timestamp":"2026-01-15T09:01:11.720801Z","level":"info","event":"fs.s3a.committer.abort.pending.uploads = true","logger":"airflow.task.hooks.airflow.providers.apache.spark.hooks.spark_submit.SparkSubmitHook","filename":"spark_submit.py","lineno":643}
{"timestamp":"2026-01-15T09:01:11.720811Z","level":"info","event":"fs.s3a.committer.magic.enabled = true","logger":"airflow.task.hooks.airflow.providers.apache.spark.hooks.spark_submit.SparkSubmitHook","filename":"spark_submit.py","lineno":643}
{"timestamp":"2026-01-15T09:01:11.720822Z","level":"info","event":"fs.s3a.committer.name = file","logger":"airflow.task.hooks.airflow.providers.apache.spark.hooks.spark_submit.SparkSubmitHook","filename":"spark_submit.py","lineno":643}
{"timestamp":"2026-01-15T09:01:11.720832Z","level":"info","event":"fs.s3a.committer.staging.conflict-mode = append","logger":"airflow.task.hooks.airflow.providers.apache.spark.hooks.spark_submit.SparkSubmitHook","filename":"spark_submit.py","lineno":643}
{"timestamp":"2026-01-15T09:01:11.720843Z","level":"info","event":"fs.s3a.committer.staging.tmp.path = tmp/staging","logger":"airflow.task.hooks.airflow.providers.apache.spark.hooks.spark_submit.SparkSubmitHook","filename":"spark_submit.py","lineno":643}
{"timestamp":"2026-01-15T09:01:11.720853Z","level":"info","event":"fs.s3a.committer.staging.unique-filenames = true","logger":"airflow.task.hooks.airflow.providers.apache.spark.hooks.spark_submit.SparkSubmitHook","filename":"spark_submit.py","lineno":643}
{"timestamp":"2026-01-15T09:01:11.720864Z","level":"info","event":"fs.s3a.committer.threads = 8","logger":"airflow.task.hooks.airflow.providers.apache.spark.hooks.spark_submit.SparkSubmitHook","filename":"spark_submit.py","lineno":643}
{"timestamp":"2026-01-15T09:01:11.720875Z","level":"info","event":"fs.s3a.connection.establish.timeout = 30s","logger":"airflow.task.hooks.airflow.providers.apache.spark.hooks.spark_submit.SparkSubmitHook","filename":"spark_submit.py","lineno":643}
{"timestamp":"2026-01-15T09:01:11.720895Z","level":"info","event":"fs.s3a.connection.maximum = 500","logger":"airflow.task.hooks.airflow.providers.apache.spark.hooks.spark_submit.SparkSubmitHook","filename":"spark_submit.py","lineno":643}
{"timestamp":"2026-01-15T09:01:11.720907Z","level":"info","event":"fs.s3a.connection.ssl.enabled = false","logger":"airflow.task.hooks.airflow.providers.apache.spark.hooks.spark_submit.SparkSubmitHook","filename":"spark_submit.py","lineno":643}
{"timestamp":"2026-01-15T09:01:11.720917Z","level":"info","event":"fs.s3a.connection.timeout = 200s","logger":"airflow.task.hooks.airflow.providers.apache.spark.hooks.spark_submit.SparkSubmitHook","filename":"spark_submit.py","lineno":643}
{"timestamp":"2026-01-15T09:01:11.720928Z","level":"info","event":"fs.s3a.connection.ttl = 5m","logger":"airflow.task.hooks.airflow.providers.apache.spark.hooks.spark_submit.SparkSubmitHook","filename":"spark_submit.py","lineno":643}
{"timestamp":"2026-01-15T09:01:11.720939Z","level":"info","event":"fs.s3a.downgrade.syncable.exceptions = true","logger":"airflow.task.hooks.airflow.providers.apache.spark.hooks.spark_submit.SparkSubmitHook","filename":"spark_submit.py","lineno":643}
{"timestamp":"2026-01-15T09:01:11.720949Z","level":"info","event":"fs.s3a.endpoint = http://minio:9000","logger":"airflow.task.hooks.airflow.providers.apache.spark.hooks.spark_submit.SparkSubmitHook","filename":"spark_submit.py","lineno":643}
{"timestamp":"2026-01-15T09:01:11.720960Z","level":"info","event":"fs.s3a.etag.checksum.enabled = false","logger":"airflow.task.hooks.airflow.providers.apache.spark.hooks.spark_submit.SparkSubmitHook","filename":"spark_submit.py","lineno":643}
{"timestamp":"2026-01-15T09:01:11.720970Z","level":"info","event":"fs.s3a.executor.capacity = 16","logger":"airflow.task.hooks.airflow.providers.apache.spark.hooks.spark_submit.SparkSubmitHook","filename":"spark_submit.py","lineno":643}
{"timestamp":"2026-01-15T09:01:11.720981Z","level":"info","event":"fs.s3a.fast.upload.active.blocks = 4","logger":"airflow.task.hooks.airflow.providers.apache.spark.hooks.spark_submit.SparkSubmitHook","filename":"spark_submit.py","lineno":643}
{"timestamp":"2026-01-15T09:01:11.720991Z","level":"info","event":"fs.s3a.fast.upload.buffer = disk","logger":"airflow.task.hooks.airflow.providers.apache.spark.hooks.spark_submit.SparkSubmitHook","filename":"spark_submit.py","lineno":643}
{"timestamp":"2026-01-15T09:01:11.721002Z","level":"info","event":"fs.s3a.impl = org.apache.hadoop.fs.s3a.S3AFileSystem","logger":"airflow.task.hooks.airflow.providers.apache.spark.hooks.spark_submit.SparkSubmitHook","filename":"spark_submit.py","lineno":643}
{"timestamp":"2026-01-15T09:01:11.721012Z","level":"info","event":"fs.s3a.list.version = 2","logger":"airflow.task.hooks.airflow.providers.apache.spark.hooks.spark_submit.SparkSubmitHook","filename":"spark_submit.py","lineno":643}
{"timestamp":"2026-01-15T09:01:11.721033Z","level":"info","event":"fs.s3a.max.total.tasks = 32","logger":"airflow.task.hooks.airflow.providers.apache.spark.hooks.spark_submit.SparkSubmitHook","filename":"spark_submit.py","lineno":643}
{"timestamp":"2026-01-15T09:01:11.721068Z","level":"info","event":"fs.s3a.multiobjectdelete.enable = true","logger":"airflow.task.hooks.airflow.providers.apache.spark.hooks.spark_submit.SparkSubmitHook","filename":"spark_submit.py","lineno":643}
{"timestamp":"2026-01-15T09:01:11.721091Z","level":"info","event":"fs.s3a.multipart.purge = false","logger":"airflow.task.hooks.airflow.providers.apache.spark.hooks.spark_submit.SparkSubmitHook","filename":"spark_submit.py","lineno":643}
{"timestamp":"2026-01-15T09:01:11.721106Z","level":"info","event":"fs.s3a.multipart.purge.age = 24h","logger":"airflow.task.hooks.airflow.providers.apache.spark.hooks.spark_submit.SparkSubmitHook","filename":"spark_submit.py","lineno":643}
{"timestamp":"2026-01-15T09:01:11.721116Z","level":"info","event":"fs.s3a.multipart.size = 64M","logger":"airflow.task.hooks.airflow.providers.apache.spark.hooks.spark_submit.SparkSubmitHook","filename":"spark_submit.py","lineno":643}
{"timestamp":"2026-01-15T09:01:11.721127Z","level":"info","event":"fs.s3a.multipart.threshold = 128M","logger":"airflow.task.hooks.airflow.providers.apache.spark.hooks.spark_submit.SparkSubmitHook","filename":"spark_submit.py","lineno":643}
{"timestamp":"2026-01-15T09:01:11.721146Z","level":"info","event":"fs.s3a.paging.maximum = 5000","logger":"airflow.task.hooks.airflow.providers.apache.spark.hooks.spark_submit.SparkSubmitHook","filename":"spark_submit.py","lineno":643}
{"timestamp":"2026-01-15T09:01:11.721159Z","level":"info","event":"fs.s3a.path.style.access = true","logger":"airflow.task.hooks.airflow.providers.apache.spark.hooks.spark_submit.SparkSubmitHook","filename":"spark_submit.py","lineno":643}
{"timestamp":"2026-01-15T09:01:11.721169Z","level":"info","event":"fs.s3a.readahead.range = 64K","logger":"airflow.task.hooks.airflow.providers.apache.spark.hooks.spark_submit.SparkSubmitHook","filename":"spark_submit.py","lineno":643}
{"timestamp":"2026-01-15T09:01:11.721180Z","level":"info","event":"fs.s3a.retry.interval = 500ms","logger":"airflow.task.hooks.airflow.providers.apache.spark.hooks.spark_submit.SparkSubmitHook","filename":"spark_submit.py","lineno":643}
{"timestamp":"2026-01-15T09:01:11.721201Z","level":"info","event":"fs.s3a.retry.limit = 7","logger":"airflow.task.hooks.airflow.providers.apache.spark.hooks.spark_submit.SparkSubmitHook","filename":"spark_submit.py","lineno":643}
{"timestamp":"2026-01-15T09:01:11.721215Z","level":"info","event":"fs.s3a.retry.throttle.interval = 100ms","logger":"airflow.task.hooks.airflow.providers.apache.spark.hooks.spark_submit.SparkSubmitHook","filename":"spark_submit.py","lineno":643}
{"timestamp":"2026-01-15T09:01:11.721226Z","level":"info","event":"fs.s3a.retry.throttle.limit = 20","logger":"airflow.task.hooks.airflow.providers.apache.spark.hooks.spark_submit.SparkSubmitHook","filename":"spark_submit.py","lineno":643}
{"timestamp":"2026-01-15T09:01:11.721241Z","level":"info","event":"fs.s3a.secret.key = minioadmin","logger":"airflow.task.hooks.airflow.providers.apache.spark.hooks.spark_submit.SparkSubmitHook","filename":"spark_submit.py","lineno":643}
{"timestamp":"2026-01-15T09:01:11.721263Z","level":"info","event":"fs.s3a.select.enabled = true","logger":"airflow.task.hooks.airflow.providers.apache.spark.hooks.spark_submit.SparkSubmitHook","filename":"spark_submit.py","lineno":643}
{"timestamp":"2026-01-15T09:01:11.721273Z","level":"info","event":"fs.s3a.select.errors.include.sql = false","logger":"airflow.task.hooks.airflow.providers.apache.spark.hooks.spark_submit.SparkSubmitHook","filename":"spark_submit.py","lineno":643}
{"timestamp":"2026-01-15T09:01:11.721284Z","level":"info","event":"fs.s3a.select.input.compression = none","logger":"airflow.task.hooks.airflow.providers.apache.spark.hooks.spark_submit.SparkSubmitHook","filename":"spark_submit.py","lineno":643}
{"timestamp":"2026-01-15T09:01:11.721294Z","level":"info","event":"fs.s3a.select.input.csv.comment.marker = #","logger":"airflow.task.hooks.airflow.providers.apache.spark.hooks.spark_submit.SparkSubmitHook","filename":"spark_submit.py","lineno":643}
{"timestamp":"2026-01-15T09:01:11.721304Z","level":"info","event":"fs.s3a.select.input.csv.field.delimiter = ,","logger":"airflow.task.hooks.airflow.providers.apache.spark.hooks.spark_submit.SparkSubmitHook","filename":"spark_submit.py","lineno":643}
{"timestamp":"2026-01-15T09:01:11.721314Z","level":"info","event":"fs.s3a.select.input.csv.header = none","logger":"airflow.task.hooks.airflow.providers.apache.spark.hooks.spark_submit.SparkSubmitHook","filename":"spark_submit.py","lineno":643}
{"timestamp":"2026-01-15T09:01:11.721325Z","level":"info","event":"fs.s3a.select.input.csv.quote.character = \"","logger":"airflow.task.hooks.airflow.providers.apache.spark.hooks.spark_submit.SparkSubmitHook","filename":"spark_submit.py","lineno":643}
{"timestamp":"2026-01-15T09:01:11.721335Z","level":"info","event":"fs.s3a.select.input.csv.quote.escape.character = \\\\","logger":"airflow.task.hooks.airflow.providers.apache.spark.hooks.spark_submit.SparkSubmitHook","filename":"spark_submit.py","lineno":643}
{"timestamp":"2026-01-15T09:01:11.721345Z","level":"info","event":"fs.s3a.select.input.csv.record.delimiter = \\n","logger":"airflow.task.hooks.airflow.providers.apache.spark.hooks.spark_submit.SparkSubmitHook","filename":"spark_submit.py","lineno":643}
{"timestamp":"2026-01-15T09:01:11.721355Z","level":"info","event":"fs.s3a.select.output.csv.field.delimiter = ,","logger":"airflow.task.hooks.airflow.providers.apache.spark.hooks.spark_submit.SparkSubmitHook","filename":"spark_submit.py","lineno":643}
{"timestamp":"2026-01-15T09:01:11.721365Z","level":"info","event":"fs.s3a.select.output.csv.quote.character = \"","logger":"airflow.task.hooks.airflow.providers.apache.spark.hooks.spark_submit.SparkSubmitHook","filename":"spark_submit.py","lineno":643}
{"timestamp":"2026-01-15T09:01:11.721375Z","level":"info","event":"fs.s3a.select.output.csv.quote.escape.character = \\\\","logger":"airflow.task.hooks.airflow.providers.apache.spark.hooks.spark_submit.SparkSubmitHook","filename":"spark_submit.py","lineno":643}
{"timestamp":"2026-01-15T09:01:11.721386Z","level":"info","event":"fs.s3a.select.output.csv.quote.fields = always","logger":"airflow.task.hooks.airflow.providers.apache.spark.hooks.spark_submit.SparkSubmitHook","filename":"spark_submit.py","lineno":643}
{"timestamp":"2026-01-15T09:01:11.721396Z","level":"info","event":"fs.s3a.select.output.csv.record.delimiter = \\n","logger":"airflow.task.hooks.airflow.providers.apache.spark.hooks.spark_submit.SparkSubmitHook","filename":"spark_submit.py","lineno":643}
{"timestamp":"2026-01-15T09:01:11.721406Z","level":"info","event":"fs.s3a.socket.recv.buffer = 8192","logger":"airflow.task.hooks.airflow.providers.apache.spark.hooks.spark_submit.SparkSubmitHook","filename":"spark_submit.py","lineno":643}
{"timestamp":"2026-01-15T09:01:11.721416Z","level":"info","event":"fs.s3a.socket.send.buffer = 8192","logger":"airflow.task.hooks.airflow.providers.apache.spark.hooks.spark_submit.SparkSubmitHook","filename":"spark_submit.py","lineno":643}
{"timestamp":"2026-01-15T09:01:11.721426Z","level":"info","event":"fs.s3a.ssl.channel.mode = default_jsse","logger":"airflow.task.hooks.airflow.providers.apache.spark.hooks.spark_submit.SparkSubmitHook","filename":"spark_submit.py","lineno":643}
{"timestamp":"2026-01-15T09:01:11.721436Z","level":"info","event":"fs.s3a.threads.keepalivetime = 60s","logger":"airflow.task.hooks.airflow.providers.apache.spark.hooks.spark_submit.SparkSubmitHook","filename":"spark_submit.py","lineno":643}
{"timestamp":"2026-01-15T09:01:11.721456Z","level":"info","event":"fs.s3a.threads.max = 96","logger":"airflow.task.hooks.airflow.providers.apache.spark.hooks.spark_submit.SparkSubmitHook","filename":"spark_submit.py","lineno":643}
{"timestamp":"2026-01-15T09:01:11.721490Z","level":"info","event":"fs.s3a.vectored.read.max.merged.size = 2M","logger":"airflow.task.hooks.airflow.providers.apache.spark.hooks.spark_submit.SparkSubmitHook","filename":"spark_submit.py","lineno":643}
{"timestamp":"2026-01-15T09:01:11.721507Z","level":"info","event":"fs.s3a.vectored.read.min.seek.size = 128K","logger":"airflow.task.hooks.airflow.providers.apache.spark.hooks.spark_submit.SparkSubmitHook","filename":"spark_submit.py","lineno":643}
{"timestamp":"2026-01-15T09:01:11.721518Z","level":"info","event":"fs.viewfs.overload.scheme.target.s3a.impl = org.apache.hadoop.fs.s3a.S3AFileSystem","logger":"airflow.task.hooks.airflow.providers.apache.spark.hooks.spark_submit.SparkSubmitHook","filename":"spark_submit.py","lineno":643}
{"timestamp":"2026-01-15T09:01:11.721529Z","level":"info","event":"mapreduce.outputcommitter.factory.scheme.s3a = org.apache.hadoop.fs.s3a.commit.S3ACommitterFactory","logger":"airflow.task.hooks.airflow.providers.apache.spark.hooks.spark_submit.SparkSubmitHook","filename":"spark_submit.py","lineno":643}
{"timestamp":"2026-01-15T09:01:11.721539Z","level":"info","event":"==============================================","logger":"airflow.task.hooks.airflow.providers.apache.spark.hooks.spark_submit.SparkSubmitHook","filename":"spark_submit.py","lineno":643}
{"timestamp":"2026-01-15T09:01:11.721550Z","level":"info","event":"","logger":"airflow.task.hooks.airflow.providers.apache.spark.hooks.spark_submit.SparkSubmitHook","filename":"spark_submit.py","lineno":643}
{"timestamp":"2026-01-15T09:01:11.721560Z","level":"info","event":"--- Creating DataFrame ---","logger":"airflow.task.hooks.airflow.providers.apache.spark.hooks.spark_submit.SparkSubmitHook","filename":"spark_submit.py","lineno":643}
{"timestamp":"2026-01-15T09:01:11.746541Z","level":"info","event":"26/01/15 09:01:11 INFO SharedState: Setting hive.metastore.warehouse.dir ('null') to the value of spark.sql.warehouse.dir.","logger":"airflow.task.hooks.airflow.providers.apache.spark.hooks.spark_submit.SparkSubmitHook","filename":"spark_submit.py","lineno":643}
{"timestamp":"2026-01-15T09:01:11.749259Z","level":"info","event":"26/01/15 09:01:11 INFO SharedState: Warehouse path is 'file:/opt/airflow/spark-warehouse'.","logger":"airflow.task.hooks.airflow.providers.apache.spark.hooks.spark_submit.SparkSubmitHook","filename":"spark_submit.py","lineno":643}
{"timestamp":"2026-01-15T09:01:12.513832Z","level":"info","event":"26/01/15 09:01:12 INFO CodeGenerator: Code generated in 73.8475 ms","logger":"airflow.task.hooks.airflow.providers.apache.spark.hooks.spark_submit.SparkSubmitHook","filename":"spark_submit.py","lineno":643}
{"timestamp":"2026-01-15T09:01:12.527639Z","level":"info","event":"26/01/15 09:01:12 INFO SparkContext: Starting job: showString at NativeMethodAccessorImpl.java:0","logger":"airflow.task.hooks.airflow.providers.apache.spark.hooks.spark_submit.SparkSubmitHook","filename":"spark_submit.py","lineno":643}
{"timestamp":"2026-01-15T09:01:12.532163Z","level":"info","event":"26/01/15 09:01:12 INFO DAGScheduler: Got job 0 (showString at NativeMethodAccessorImpl.java:0) with 1 output partitions","logger":"airflow.task.hooks.airflow.providers.apache.spark.hooks.spark_submit.SparkSubmitHook","filename":"spark_submit.py","lineno":643}
{"timestamp":"2026-01-15T09:01:12.532389Z","level":"info","event":"26/01/15 09:01:12 INFO DAGScheduler: Final stage: ResultStage 0 (showString at NativeMethodAccessorImpl.java:0)","logger":"airflow.task.hooks.airflow.providers.apache.spark.hooks.spark_submit.SparkSubmitHook","filename":"spark_submit.py","lineno":643}
{"timestamp":"2026-01-15T09:01:12.532515Z","level":"info","event":"26/01/15 09:01:12 INFO DAGScheduler: Parents of final stage: List()","logger":"airflow.task.hooks.airflow.providers.apache.spark.hooks.spark_submit.SparkSubmitHook","filename":"spark_submit.py","lineno":643}
{"timestamp":"2026-01-15T09:01:12.532824Z","level":"info","event":"26/01/15 09:01:12 INFO DAGScheduler: Missing parents: List()","logger":"airflow.task.hooks.airflow.providers.apache.spark.hooks.spark_submit.SparkSubmitHook","filename":"spark_submit.py","lineno":643}
{"timestamp":"2026-01-15T09:01:12.533607Z","level":"info","event":"26/01/15 09:01:12 INFO DAGScheduler: Missing parents found for ResultStage 0: List()","logger":"airflow.task.hooks.airflow.providers.apache.spark.hooks.spark_submit.SparkSubmitHook","filename":"spark_submit.py","lineno":643}
{"timestamp":"2026-01-15T09:01:12.533937Z","level":"info","event":"26/01/15 09:01:12 INFO DAGScheduler: Submitting ResultStage 0 (MapPartitionsRDD[6] at showString at NativeMethodAccessorImpl.java:0), which has no missing parents","logger":"airflow.task.hooks.airflow.providers.apache.spark.hooks.spark_submit.SparkSubmitHook","filename":"spark_submit.py","lineno":643}
{"timestamp":"2026-01-15T09:01:12.554712Z","level":"info","event":"26/01/15 09:01:12 INFO MemoryStore: MemoryStore started with capacity 434.4 MiB","logger":"airflow.task.hooks.airflow.providers.apache.spark.hooks.spark_submit.SparkSubmitHook","filename":"spark_submit.py","lineno":643}
{"timestamp":"2026-01-15T09:01:12.563489Z","level":"info","event":"26/01/15 09:01:12 INFO MemoryStore: Block broadcast_0 stored as values in memory (estimated size 14.1 KiB, free 434.4 MiB)","logger":"airflow.task.hooks.airflow.providers.apache.spark.hooks.spark_submit.SparkSubmitHook","filename":"spark_submit.py","lineno":643}
{"timestamp":"2026-01-15T09:01:12.578068Z","level":"info","event":"26/01/15 09:01:12 INFO MemoryStore: Block broadcast_0_piece0 stored as bytes in memory (estimated size 7.2 KiB, free 434.4 MiB)","logger":"airflow.task.hooks.airflow.providers.apache.spark.hooks.spark_submit.SparkSubmitHook","filename":"spark_submit.py","lineno":643}
{"timestamp":"2026-01-15T09:01:12.583225Z","level":"info","event":"26/01/15 09:01:12 INFO SparkContext: Created broadcast 0 from broadcast at DAGScheduler.scala:1686","logger":"airflow.task.hooks.airflow.providers.apache.spark.hooks.spark_submit.SparkSubmitHook","filename":"spark_submit.py","lineno":643}
{"timestamp":"2026-01-15T09:01:12.596670Z","level":"info","event":"26/01/15 09:01:12 INFO DAGScheduler: Submitting 1 missing tasks from ResultStage 0 (MapPartitionsRDD[6] at showString at NativeMethodAccessorImpl.java:0) (first 15 tasks are for partitions Vector(0))","logger":"airflow.task.hooks.airflow.providers.apache.spark.hooks.spark_submit.SparkSubmitHook","filename":"spark_submit.py","lineno":643}
{"timestamp":"2026-01-15T09:01:12.597636Z","level":"info","event":"26/01/15 09:01:12 INFO TaskSchedulerImpl: Adding task set 0.0 with 1 tasks resource profile 0","logger":"airflow.task.hooks.airflow.providers.apache.spark.hooks.spark_submit.SparkSubmitHook","filename":"spark_submit.py","lineno":643}
{"timestamp":"2026-01-15T09:01:12.608816Z","level":"info","event":"26/01/15 09:01:12 INFO TaskSetManager: Starting task 0.0 in stage 0.0 (TID 0) (172.18.0.5,executor 1, partition 0, PROCESS_LOCAL, 9679 bytes)","logger":"airflow.task.hooks.airflow.providers.apache.spark.hooks.spark_submit.SparkSubmitHook","filename":"spark_submit.py","lineno":643}
{"timestamp":"2026-01-15T09:01:13.263709Z","level":"info","event":"26/01/15 09:01:13 INFO TaskSetManager: Finished task 0.0 in stage 0.0 (TID 0) in 659 ms on 172.18.0.5 (executor 1) (1/1)","logger":"airflow.task.hooks.airflow.providers.apache.spark.hooks.spark_submit.SparkSubmitHook","filename":"spark_submit.py","lineno":643}
{"timestamp":"2026-01-15T09:01:13.264584Z","level":"info","event":"26/01/15 09:01:13 INFO TaskSchedulerImpl: Removed TaskSet 0.0 whose tasks have all completed, from pool","logger":"airflow.task.hooks.airflow.providers.apache.spark.hooks.spark_submit.SparkSubmitHook","filename":"spark_submit.py","lineno":643}
{"timestamp":"2026-01-15T09:01:13.266404Z","level":"info","event":"26/01/15 09:01:13 INFO PythonAccumulatorV2: Connected to AccumulatorServer at host: 127.0.0.1 port: 40367","logger":"airflow.task.hooks.airflow.providers.apache.spark.hooks.spark_submit.SparkSubmitHook","filename":"spark_submit.py","lineno":643}
{"timestamp":"2026-01-15T09:01:13.268157Z","level":"info","event":"26/01/15 09:01:13 INFO DAGScheduler: ResultStage 0 (showString at NativeMethodAccessorImpl.java:0) finished in 726 ms","logger":"airflow.task.hooks.airflow.providers.apache.spark.hooks.spark_submit.SparkSubmitHook","filename":"spark_submit.py","lineno":643}
{"timestamp":"2026-01-15T09:01:13.269079Z","level":"info","event":"26/01/15 09:01:13 INFO DAGScheduler: Job 0 is finished. Cancelling potential speculative or zombie tasks for this job","logger":"airflow.task.hooks.airflow.providers.apache.spark.hooks.spark_submit.SparkSubmitHook","filename":"spark_submit.py","lineno":643}
{"timestamp":"2026-01-15T09:01:13.269230Z","level":"info","event":"26/01/15 09:01:13 INFO TaskSchedulerImpl: Canceling stage 0","logger":"airflow.task.hooks.airflow.providers.apache.spark.hooks.spark_submit.SparkSubmitHook","filename":"spark_submit.py","lineno":643}
{"timestamp":"2026-01-15T09:01:13.269391Z","level":"info","event":"26/01/15 09:01:13 INFO TaskSchedulerImpl: Killing all running tasks in stage 0: Stage finished","logger":"airflow.task.hooks.airflow.providers.apache.spark.hooks.spark_submit.SparkSubmitHook","filename":"spark_submit.py","lineno":643}
{"timestamp":"2026-01-15T09:01:13.270333Z","level":"info","event":"26/01/15 09:01:13 INFO DAGScheduler: Job 0 finished: showString at NativeMethodAccessorImpl.java:0, took 742.568792 ms","logger":"airflow.task.hooks.airflow.providers.apache.spark.hooks.spark_submit.SparkSubmitHook","filename":"spark_submit.py","lineno":643}
{"timestamp":"2026-01-15T09:01:13.274709Z","level":"info","event":"26/01/15 09:01:13 INFO SparkContext: Starting job: showString at NativeMethodAccessorImpl.java:0","logger":"airflow.task.hooks.airflow.providers.apache.spark.hooks.spark_submit.SparkSubmitHook","filename":"spark_submit.py","lineno":643}
{"timestamp":"2026-01-15T09:01:13.275106Z","level":"info","event":"26/01/15 09:01:13 INFO DAGScheduler: Got job 1 (showString at NativeMethodAccessorImpl.java:0) with 3 output partitions","logger":"airflow.task.hooks.airflow.providers.apache.spark.hooks.spark_submit.SparkSubmitHook","filename":"spark_submit.py","lineno":643}
{"timestamp":"2026-01-15T09:01:13.275205Z","level":"info","event":"26/01/15 09:01:13 INFO DAGScheduler: Final stage: ResultStage 1 (showString at NativeMethodAccessorImpl.java:0)","logger":"airflow.task.hooks.airflow.providers.apache.spark.hooks.spark_submit.SparkSubmitHook","filename":"spark_submit.py","lineno":643}
{"timestamp":"2026-01-15T09:01:13.275245Z","level":"info","event":"26/01/15 09:01:13 INFO DAGScheduler: Parents of final stage: List()","logger":"airflow.task.hooks.airflow.providers.apache.spark.hooks.spark_submit.SparkSubmitHook","filename":"spark_submit.py","lineno":643}
{"timestamp":"2026-01-15T09:01:13.275277Z","level":"info","event":"26/01/15 09:01:13 INFO DAGScheduler: Missing parents: List()","logger":"airflow.task.hooks.airflow.providers.apache.spark.hooks.spark_submit.SparkSubmitHook","filename":"spark_submit.py","lineno":643}
{"timestamp":"2026-01-15T09:01:13.275500Z","level":"info","event":"26/01/15 09:01:13 INFO DAGScheduler: Missing parents found for ResultStage 1: List()","logger":"airflow.task.hooks.airflow.providers.apache.spark.hooks.spark_submit.SparkSubmitHook","filename":"spark_submit.py","lineno":643}
{"timestamp":"2026-01-15T09:01:13.275635Z","level":"info","event":"26/01/15 09:01:13 INFO DAGScheduler: Submitting ResultStage 1 (MapPartitionsRDD[6] at showString at NativeMethodAccessorImpl.java:0), which has no missing parents","logger":"airflow.task.hooks.airflow.providers.apache.spark.hooks.spark_submit.SparkSubmitHook","filename":"spark_submit.py","lineno":643}
{"timestamp":"2026-01-15T09:01:13.277622Z","level":"info","event":"26/01/15 09:01:13 INFO MemoryStore: Block broadcast_1 stored as values in memory (estimated size 14.1 KiB, free 434.4 MiB)","logger":"airflow.task.hooks.airflow.providers.apache.spark.hooks.spark_submit.SparkSubmitHook","filename":"spark_submit.py","lineno":643}
{"timestamp":"2026-01-15T09:01:13.282347Z","level":"info","event":"26/01/15 09:01:13 INFO MemoryStore: Block broadcast_1_piece0 stored as bytes in memory (estimated size 7.2 KiB, free 434.4 MiB)","logger":"airflow.task.hooks.airflow.providers.apache.spark.hooks.spark_submit.SparkSubmitHook","filename":"spark_submit.py","lineno":643}
{"timestamp":"2026-01-15T09:01:13.283397Z","level":"info","event":"26/01/15 09:01:13 INFO SparkContext: Created broadcast 1 from broadcast at DAGScheduler.scala:1686","logger":"airflow.task.hooks.airflow.providers.apache.spark.hooks.spark_submit.SparkSubmitHook","filename":"spark_submit.py","lineno":643}
{"timestamp":"2026-01-15T09:01:13.284499Z","level":"info","event":"26/01/15 09:01:13 INFO DAGScheduler: Submitting 3 missing tasks from ResultStage 1 (MapPartitionsRDD[6] at showString at NativeMethodAccessorImpl.java:0) (first 15 tasks are for partitions Vector(1, 2, 3))","logger":"airflow.task.hooks.airflow.providers.apache.spark.hooks.spark_submit.SparkSubmitHook","filename":"spark_submit.py","lineno":643}
{"timestamp":"2026-01-15T09:01:13.285079Z","level":"info","event":"26/01/15 09:01:13 INFO TaskSchedulerImpl: Adding task set 1.0 with 3 tasks resource profile 0","logger":"airflow.task.hooks.airflow.providers.apache.spark.hooks.spark_submit.SparkSubmitHook","filename":"spark_submit.py","lineno":643}
{"timestamp":"2026-01-15T09:01:13.289569Z","level":"info","event":"26/01/15 09:01:13 INFO TaskSetManager: Starting task 0.0 in stage 1.0 (TID 1) (172.18.0.6,executor 0, partition 1, PROCESS_LOCAL, 9724 bytes)","logger":"airflow.task.hooks.airflow.providers.apache.spark.hooks.spark_submit.SparkSubmitHook","filename":"spark_submit.py","lineno":643}
{"timestamp":"2026-01-15T09:01:13.289753Z","level":"info","event":"26/01/15 09:01:13 INFO TaskSetManager: Starting task 1.0 in stage 1.0 (TID 2) (172.18.0.5,executor 1, partition 2, PROCESS_LOCAL, 9726 bytes)","logger":"airflow.task.hooks.airflow.providers.apache.spark.hooks.spark_submit.SparkSubmitHook","filename":"spark_submit.py","lineno":643}
{"timestamp":"2026-01-15T09:01:13.289983Z","level":"info","event":"26/01/15 09:01:13 INFO TaskSetManager: Starting task 2.0 in stage 1.0 (TID 3) (172.18.0.6,executor 0, partition 3, PROCESS_LOCAL, 9729 bytes)","logger":"airflow.task.hooks.airflow.providers.apache.spark.hooks.spark_submit.SparkSubmitHook","filename":"spark_submit.py","lineno":643}
{"timestamp":"2026-01-15T09:01:13.377449Z","level":"info","event":"26/01/15 09:01:13 INFO TaskSetManager: Finished task 1.0 in stage 1.0 (TID 2) in 88 ms on 172.18.0.5 (executor 1) (1/3)","logger":"airflow.task.hooks.airflow.providers.apache.spark.hooks.spark_submit.SparkSubmitHook","filename":"spark_submit.py","lineno":643}
{"timestamp":"2026-01-15T09:01:13.998918Z","level":"info","event":"26/01/15 09:01:13 INFO TaskSetManager: Finished task 0.0 in stage 1.0 (TID 1) in 710 ms on 172.18.0.6 (executor 0) (2/3)","logger":"airflow.task.hooks.airflow.providers.apache.spark.hooks.spark_submit.SparkSubmitHook","filename":"spark_submit.py","lineno":643}
{"timestamp":"2026-01-15T09:01:13.999112Z","level":"info","event":"26/01/15 09:01:13 INFO TaskSetManager: Finished task 2.0 in stage 1.0 (TID 3) in 709 ms on 172.18.0.6 (executor 0) (3/3)","logger":"airflow.task.hooks.airflow.providers.apache.spark.hooks.spark_submit.SparkSubmitHook","filename":"spark_submit.py","lineno":643}
{"timestamp":"2026-01-15T09:01:13.999367Z","level":"info","event":"26/01/15 09:01:13 INFO TaskSchedulerImpl: Removed TaskSet 1.0 whose tasks have all completed, from pool","logger":"airflow.task.hooks.airflow.providers.apache.spark.hooks.spark_submit.SparkSubmitHook","filename":"spark_submit.py","lineno":643}
{"timestamp":"2026-01-15T09:01:14.000257Z","level":"info","event":"26/01/15 09:01:14 INFO DAGScheduler: ResultStage 1 (showString at NativeMethodAccessorImpl.java:0) finished in 724 ms","logger":"airflow.task.hooks.airflow.providers.apache.spark.hooks.spark_submit.SparkSubmitHook","filename":"spark_submit.py","lineno":643}
{"timestamp":"2026-01-15T09:01:14.000338Z","level":"info","event":"26/01/15 09:01:14 INFO DAGScheduler: Job 1 is finished. Cancelling potential speculative or zombie tasks for this job","logger":"airflow.task.hooks.airflow.providers.apache.spark.hooks.spark_submit.SparkSubmitHook","filename":"spark_submit.py","lineno":643}
{"timestamp":"2026-01-15T09:01:14.000502Z","level":"info","event":"26/01/15 09:01:14 INFO TaskSchedulerImpl: Canceling stage 1","logger":"airflow.task.hooks.airflow.providers.apache.spark.hooks.spark_submit.SparkSubmitHook","filename":"spark_submit.py","lineno":643}
{"timestamp":"2026-01-15T09:01:14.000714Z","level":"info","event":"26/01/15 09:01:14 INFO TaskSchedulerImpl: Killing all running tasks in stage 1: Stage finished","logger":"airflow.task.hooks.airflow.providers.apache.spark.hooks.spark_submit.SparkSubmitHook","filename":"spark_submit.py","lineno":643}
{"timestamp":"2026-01-15T09:01:14.001018Z","level":"info","event":"26/01/15 09:01:14 INFO DAGScheduler: Job 1 finished: showString at NativeMethodAccessorImpl.java:0, took 726.2375 ms","logger":"airflow.task.hooks.airflow.providers.apache.spark.hooks.spark_submit.SparkSubmitHook","filename":"spark_submit.py","lineno":643}
{"timestamp":"2026-01-15T09:01:14.017323Z","level":"info","event":"26/01/15 09:01:14 INFO CodeGenerator: Code generated in 7.380167 ms","logger":"airflow.task.hooks.airflow.providers.apache.spark.hooks.spark_submit.SparkSubmitHook","filename":"spark_submit.py","lineno":643}
{"timestamp":"2026-01-15T09:01:14.022299Z","level":"info","event":"+-----+----------+---+","logger":"airflow.task.hooks.airflow.providers.apache.spark.hooks.spark_submit.SparkSubmitHook","filename":"spark_submit.py","lineno":643}
{"timestamp":"2026-01-15T09:01:14.022374Z","level":"info","event":"| col1|      col2| id|","logger":"airflow.task.hooks.airflow.providers.apache.spark.hooks.spark_submit.SparkSubmitHook","filename":"spark_submit.py","lineno":643}
{"timestamp":"2026-01-15T09:01:14.022393Z","level":"info","event":"+-----+----------+---+","logger":"airflow.task.hooks.airflow.providers.apache.spark.hooks.spark_submit.SparkSubmitHook","filename":"spark_submit.py","lineno":643}
{"timestamp":"2026-01-15T09:01:14.022406Z","level":"info","event":"|Hello|     World|  1|","logger":"airflow.task.hooks.airflow.providers.apache.spark.hooks.spark_submit.SparkSubmitHook","filename":"spark_submit.py","lineno":643}
{"timestamp":"2026-01-15T09:01:14.022418Z","level":"info","event":"|MinIO|   Storage|  2|","logger":"airflow.task.hooks.airflow.providers.apache.spark.hooks.spark_submit.SparkSubmitHook","filename":"spark_submit.py","lineno":643}
{"timestamp":"2026-01-15T09:01:14.022429Z","level":"info","event":"|Spark|Processing|  3|","logger":"airflow.task.hooks.airflow.providers.apache.spark.hooks.spark_submit.SparkSubmitHook","filename":"spark_submit.py","lineno":643}
{"timestamp":"2026-01-15T09:01:14.022440Z","level":"info","event":"+-----+----------+---+","logger":"airflow.task.hooks.airflow.providers.apache.spark.hooks.spark_submit.SparkSubmitHook","filename":"spark_submit.py","lineno":643}
{"timestamp":"2026-01-15T09:01:14.022452Z","level":"info","event":"","logger":"airflow.task.hooks.airflow.providers.apache.spark.hooks.spark_submit.SparkSubmitHook","filename":"spark_submit.py","lineno":643}
{"timestamp":"2026-01-15T09:01:14.022488Z","level":"info","event":"--- Writing to: s3a://datalake/hello_world_parquet ---","logger":"airflow.task.hooks.airflow.providers.apache.spark.hooks.spark_submit.SparkSubmitHook","filename":"spark_submit.py","lineno":643}
{"timestamp":"2026-01-15T09:01:14.125839Z","level":"info","event":"26/01/15 09:01:14 WARN FileSystem: Failed to initialize filesystem s3a://datalake/hello_world_parquet: java.lang.NumberFormatException: For input string: \"60s\"","logger":"airflow.task.hooks.airflow.providers.apache.spark.hooks.spark_submit.SparkSubmitHook","filename":"spark_submit.py","lineno":643}
{"timestamp":"2026-01-15T09:01:14.132054Z","level":"info","event":"===SPARK_JOB_FAILED===","logger":"airflow.task.hooks.airflow.providers.apache.spark.hooks.spark_submit.SparkSubmitHook","filename":"spark_submit.py","lineno":643}
{"timestamp":"2026-01-15T09:01:14.132243Z","level":"info","event":"Error: For input string: \"60s\"","logger":"airflow.task.hooks.airflow.providers.apache.spark.hooks.spark_submit.SparkSubmitHook","filename":"spark_submit.py","lineno":643}
{"timestamp":"2026-01-15T09:01:14.132679Z","level":"info","event":"26/01/15 09:01:14 INFO SparkContext: SparkContext is stopping with exitCode 0 from stop at NativeMethodAccessorImpl.java:0.","logger":"airflow.task.hooks.airflow.providers.apache.spark.hooks.spark_submit.SparkSubmitHook","filename":"spark_submit.py","lineno":643}
{"timestamp":"2026-01-15T09:01:14.143124Z","level":"info","event":"26/01/15 09:01:14 INFO SparkUI: Stopped Spark web UI at http://d46a4b300aac:4040","logger":"airflow.task.hooks.airflow.providers.apache.spark.hooks.spark_submit.SparkSubmitHook","filename":"spark_submit.py","lineno":643}
{"timestamp":"2026-01-15T09:01:14.144060Z","level":"info","event":"26/01/15 09:01:14 INFO StandaloneSchedulerBackend: Shutting down all executors","logger":"airflow.task.hooks.airflow.providers.apache.spark.hooks.spark_submit.SparkSubmitHook","filename":"spark_submit.py","lineno":643}
{"timestamp":"2026-01-15T09:01:14.144240Z","level":"info","event":"26/01/15 09:01:14 INFO StandaloneSchedulerBackend$StandaloneDriverEndpoint: Asking each executor to shut down","logger":"airflow.task.hooks.airflow.providers.apache.spark.hooks.spark_submit.SparkSubmitHook","filename":"spark_submit.py","lineno":643}
{"timestamp":"2026-01-15T09:01:14.157336Z","level":"info","event":"26/01/15 09:01:14 INFO MapOutputTrackerMasterEndpoint: MapOutputTrackerMasterEndpoint stopped!","logger":"airflow.task.hooks.airflow.providers.apache.spark.hooks.spark_submit.SparkSubmitHook","filename":"spark_submit.py","lineno":643}
{"timestamp":"2026-01-15T09:01:14.169064Z","level":"info","event":"26/01/15 09:01:14 INFO MemoryStore: MemoryStore cleared","logger":"airflow.task.hooks.airflow.providers.apache.spark.hooks.spark_submit.SparkSubmitHook","filename":"spark_submit.py","lineno":643}
{"timestamp":"2026-01-15T09:01:14.169215Z","level":"info","event":"26/01/15 09:01:14 INFO BlockManager: BlockManager stopped","logger":"airflow.task.hooks.airflow.providers.apache.spark.hooks.spark_submit.SparkSubmitHook","filename":"spark_submit.py","lineno":643}
{"timestamp":"2026-01-15T09:01:14.171251Z","level":"info","event":"26/01/15 09:01:14 INFO BlockManagerMaster: BlockManagerMaster stopped","logger":"airflow.task.hooks.airflow.providers.apache.spark.hooks.spark_submit.SparkSubmitHook","filename":"spark_submit.py","lineno":643}
{"timestamp":"2026-01-15T09:01:14.172202Z","level":"info","event":"26/01/15 09:01:14 INFO OutputCommitCoordinator$OutputCommitCoordinatorEndpoint: OutputCommitCoordinator stopped!","logger":"airflow.task.hooks.airflow.providers.apache.spark.hooks.spark_submit.SparkSubmitHook","filename":"spark_submit.py","lineno":643}
{"timestamp":"2026-01-15T09:01:14.177707Z","level":"info","event":"26/01/15 09:01:14 INFO SparkContext: Successfully stopped SparkContext (Uptime: 4588 ms)","logger":"airflow.task.hooks.airflow.providers.apache.spark.hooks.spark_submit.SparkSubmitHook","filename":"spark_submit.py","lineno":643}
{"timestamp":"2026-01-15T09:01:15.005764Z","level":"info","event":"Traceback (most recent call last):","logger":"airflow.task.hooks.airflow.providers.apache.spark.hooks.spark_submit.SparkSubmitHook","filename":"spark_submit.py","lineno":643}
{"timestamp":"2026-01-15T09:01:15.006072Z","level":"info","event":"File \"/opt/spark/jobs/minio.py\", line 69, in <module>","logger":"airflow.task.hooks.airflow.providers.apache.spark.hooks.spark_submit.SparkSubmitHook","filename":"spark_submit.py","lineno":643}
{"timestamp":"2026-01-15T09:01:15.006338Z","level":"info","event":"df.write.mode(\"overwrite\").parquet(output_path)","logger":"airflow.task.hooks.airflow.providers.apache.spark.hooks.spark_submit.SparkSubmitHook","filename":"spark_submit.py","lineno":643}
{"timestamp":"2026-01-15T09:01:15.006433Z","level":"info","event":"File \"/opt/spark-4.1.1-bin-hadoop3/python/lib/pyspark.zip/pyspark/sql/readwriter.py\", line 2003, in parquet","logger":"airflow.task.hooks.airflow.providers.apache.spark.hooks.spark_submit.SparkSubmitHook","filename":"spark_submit.py","lineno":643}
{"timestamp":"2026-01-15T09:01:15.006999Z","level":"info","event":"File \"/opt/spark-4.1.1-bin-hadoop3/python/lib/py4j-0.10.9.9-src.zip/py4j/java_gateway.py\", line 1362, in __call__","logger":"airflow.task.hooks.airflow.providers.apache.spark.hooks.spark_submit.SparkSubmitHook","filename":"spark_submit.py","lineno":643}
{"timestamp":"2026-01-15T09:01:15.007743Z","level":"info","event":"File \"/opt/spark-4.1.1-bin-hadoop3/python/lib/pyspark.zip/pyspark/errors/exceptions/captured.py\", line 269, in deco","logger":"airflow.task.hooks.airflow.providers.apache.spark.hooks.spark_submit.SparkSubmitHook","filename":"spark_submit.py","lineno":643}
{"timestamp":"2026-01-15T09:01:15.009286Z","level":"info","event":"pyspark.errors.exceptions.captured.NumberFormatException: For input string: \"60s\"","logger":"airflow.task.hooks.airflow.providers.apache.spark.hooks.spark_submit.SparkSubmitHook","filename":"spark_submit.py","lineno":643}
{"timestamp":"2026-01-15T09:01:15.102413Z","level":"error","event":"Task failed with exception","logger":"task","filename":"task_runner.py","lineno":1056,"error_detail":[{"exc_type":"AirflowException","exc_value":"Cannot execute: spark-submit --master spark://spark-master:7077 --name arrow-spark --verbose /opt/spark/jobs/minio.py. Error code is: 1.","exc_notes":[],"syntax_error":null,"is_cause":false,"frames":[{"filename":"/opt/airflow/venv/lib/python3.10/site-packages/airflow/sdk/execution_time/task_runner.py","lineno":1004,"name":"run"},{"filename":"/opt/airflow/venv/lib/python3.10/site-packages/airflow/sdk/execution_time/task_runner.py","lineno":1405,"name":"_execute_task"},{"filename":"/opt/airflow/venv/lib/python3.10/site-packages/airflow/sdk/bases/operator.py","lineno":417,"name":"wrapper"},{"filename":"/opt/airflow/venv/lib/python3.10/site-packages/airflow/providers/apache/spark/operators/spark_submit.py","lineno":195,"name":"execute"},{"filename":"/opt/airflow/venv/lib/python3.10/site-packages/airflow/providers/apache/spark/hooks/spark_submit.py","lineno":565,"name":"submit"}],"is_group":false,"exceptions":[]}]}
