{"timestamp":"2026-01-15T01:41:56.659985Z","level":"info","event":"DAG bundles loaded: dags-folder","logger":"airflow.dag_processing.bundles.manager.DagBundlesManager","filename":"manager.py","lineno":179}
{"timestamp":"2026-01-15T01:41:56.660366Z","level":"info","event":"Filling up the DagBag from /opt/airflow/dags/spark_minio.py","logger":"airflow.models.dagbag.DagBag","filename":"dagbag.py","lineno":593}
{"timestamp":"2026-01-15T01:41:57.363313Z","level":"warning","event":"The `airflow.operators.bash.BashOperator` attribute is deprecated. Please use `'airflow.providers.standard.operators.bash.BashOperator'`.","category":"DeprecatedImportWarning","filename":"/opt/airflow/dags/spark_minio.py","lineno":4,"logger":"py.warnings"}
{"timestamp":"2026-01-15T01:41:57.387032Z","level":"info","event":"Spark-Submit cmd: spark-submit --master spark://spark-master:7077 --name minio --verbose --deploy-mode client /opt/spark/jobs/minio.py","logger":"airflow.task.hooks.airflow.providers.apache.spark.hooks.spark_submit.SparkSubmitHook","filename":"spark_submit.py","lineno":473}
{"timestamp":"2026-01-15T01:41:57.544055Z","level":"info","event":"WARNING: Using incubator modules: jdk.incubator.vector","logger":"airflow.task.hooks.airflow.providers.apache.spark.hooks.spark_submit.SparkSubmitHook","filename":"spark_submit.py","lineno":643}
{"timestamp":"2026-01-15T01:41:58.353741Z","level":"info","event":"Parsed arguments:","logger":"airflow.task.hooks.airflow.providers.apache.spark.hooks.spark_submit.SparkSubmitHook","filename":"spark_submit.py","lineno":643}
{"timestamp":"2026-01-15T01:41:58.353827Z","level":"info","event":"master                  spark://spark-master:7077","logger":"airflow.task.hooks.airflow.providers.apache.spark.hooks.spark_submit.SparkSubmitHook","filename":"spark_submit.py","lineno":643}
{"timestamp":"2026-01-15T01:41:58.353845Z","level":"info","event":"remote                  null","logger":"airflow.task.hooks.airflow.providers.apache.spark.hooks.spark_submit.SparkSubmitHook","filename":"spark_submit.py","lineno":643}
{"timestamp":"2026-01-15T01:41:58.353866Z","level":"info","event":"deployMode              client","logger":"airflow.task.hooks.airflow.providers.apache.spark.hooks.spark_submit.SparkSubmitHook","filename":"spark_submit.py","lineno":643}
{"timestamp":"2026-01-15T01:41:58.353887Z","level":"info","event":"executorMemory          null","logger":"airflow.task.hooks.airflow.providers.apache.spark.hooks.spark_submit.SparkSubmitHook","filename":"spark_submit.py","lineno":643}
{"timestamp":"2026-01-15T01:41:58.353898Z","level":"info","event":"executorCores           null","logger":"airflow.task.hooks.airflow.providers.apache.spark.hooks.spark_submit.SparkSubmitHook","filename":"spark_submit.py","lineno":643}
{"timestamp":"2026-01-15T01:41:58.353910Z","level":"info","event":"totalExecutorCores      null","logger":"airflow.task.hooks.airflow.providers.apache.spark.hooks.spark_submit.SparkSubmitHook","filename":"spark_submit.py","lineno":643}
{"timestamp":"2026-01-15T01:41:58.353921Z","level":"info","event":"propertiesFile          null","logger":"airflow.task.hooks.airflow.providers.apache.spark.hooks.spark_submit.SparkSubmitHook","filename":"spark_submit.py","lineno":643}
{"timestamp":"2026-01-15T01:41:58.353932Z","level":"info","event":"driverMemory            null","logger":"airflow.task.hooks.airflow.providers.apache.spark.hooks.spark_submit.SparkSubmitHook","filename":"spark_submit.py","lineno":643}
{"timestamp":"2026-01-15T01:41:58.353942Z","level":"info","event":"driverCores             null","logger":"airflow.task.hooks.airflow.providers.apache.spark.hooks.spark_submit.SparkSubmitHook","filename":"spark_submit.py","lineno":643}
{"timestamp":"2026-01-15T01:41:58.353953Z","level":"info","event":"driverExtraClassPath    null","logger":"airflow.task.hooks.airflow.providers.apache.spark.hooks.spark_submit.SparkSubmitHook","filename":"spark_submit.py","lineno":643}
{"timestamp":"2026-01-15T01:41:58.353964Z","level":"info","event":"driverExtraLibraryPath  null","logger":"airflow.task.hooks.airflow.providers.apache.spark.hooks.spark_submit.SparkSubmitHook","filename":"spark_submit.py","lineno":643}
{"timestamp":"2026-01-15T01:41:58.353974Z","level":"info","event":"driverExtraJavaOptions  null","logger":"airflow.task.hooks.airflow.providers.apache.spark.hooks.spark_submit.SparkSubmitHook","filename":"spark_submit.py","lineno":643}
{"timestamp":"2026-01-15T01:41:58.353985Z","level":"info","event":"supervise               false","logger":"airflow.task.hooks.airflow.providers.apache.spark.hooks.spark_submit.SparkSubmitHook","filename":"spark_submit.py","lineno":643}
{"timestamp":"2026-01-15T01:41:58.353996Z","level":"info","event":"queue                   null","logger":"airflow.task.hooks.airflow.providers.apache.spark.hooks.spark_submit.SparkSubmitHook","filename":"spark_submit.py","lineno":643}
{"timestamp":"2026-01-15T01:41:58.354006Z","level":"info","event":"numExecutors            null","logger":"airflow.task.hooks.airflow.providers.apache.spark.hooks.spark_submit.SparkSubmitHook","filename":"spark_submit.py","lineno":643}
{"timestamp":"2026-01-15T01:41:58.354016Z","level":"info","event":"files                   null","logger":"airflow.task.hooks.airflow.providers.apache.spark.hooks.spark_submit.SparkSubmitHook","filename":"spark_submit.py","lineno":643}
{"timestamp":"2026-01-15T01:41:58.354033Z","level":"info","event":"pyFiles                 null","logger":"airflow.task.hooks.airflow.providers.apache.spark.hooks.spark_submit.SparkSubmitHook","filename":"spark_submit.py","lineno":643}
{"timestamp":"2026-01-15T01:41:58.354048Z","level":"info","event":"archives                null","logger":"airflow.task.hooks.airflow.providers.apache.spark.hooks.spark_submit.SparkSubmitHook","filename":"spark_submit.py","lineno":643}
{"timestamp":"2026-01-15T01:41:58.354058Z","level":"info","event":"mainClass               null","logger":"airflow.task.hooks.airflow.providers.apache.spark.hooks.spark_submit.SparkSubmitHook","filename":"spark_submit.py","lineno":643}
{"timestamp":"2026-01-15T01:41:58.354083Z","level":"info","event":"primaryResource         file:/opt/spark/jobs/minio.py","logger":"airflow.task.hooks.airflow.providers.apache.spark.hooks.spark_submit.SparkSubmitHook","filename":"spark_submit.py","lineno":643}
{"timestamp":"2026-01-15T01:41:58.354096Z","level":"info","event":"name                    minio","logger":"airflow.task.hooks.airflow.providers.apache.spark.hooks.spark_submit.SparkSubmitHook","filename":"spark_submit.py","lineno":643}
{"timestamp":"2026-01-15T01:41:58.354108Z","level":"info","event":"childArgs               []","logger":"airflow.task.hooks.airflow.providers.apache.spark.hooks.spark_submit.SparkSubmitHook","filename":"spark_submit.py","lineno":643}
{"timestamp":"2026-01-15T01:41:58.354118Z","level":"info","event":"jars                    null","logger":"airflow.task.hooks.airflow.providers.apache.spark.hooks.spark_submit.SparkSubmitHook","filename":"spark_submit.py","lineno":643}
{"timestamp":"2026-01-15T01:41:58.354129Z","level":"info","event":"packages                null","logger":"airflow.task.hooks.airflow.providers.apache.spark.hooks.spark_submit.SparkSubmitHook","filename":"spark_submit.py","lineno":643}
{"timestamp":"2026-01-15T01:41:58.354139Z","level":"info","event":"packagesExclusions      null","logger":"airflow.task.hooks.airflow.providers.apache.spark.hooks.spark_submit.SparkSubmitHook","filename":"spark_submit.py","lineno":643}
{"timestamp":"2026-01-15T01:41:58.354149Z","level":"info","event":"repositories            null","logger":"airflow.task.hooks.airflow.providers.apache.spark.hooks.spark_submit.SparkSubmitHook","filename":"spark_submit.py","lineno":643}
{"timestamp":"2026-01-15T01:41:58.354167Z","level":"info","event":"verbose                 true","logger":"airflow.task.hooks.airflow.providers.apache.spark.hooks.spark_submit.SparkSubmitHook","filename":"spark_submit.py","lineno":643}
{"timestamp":"2026-01-15T01:41:58.354187Z","level":"info","event":"","logger":"airflow.task.hooks.airflow.providers.apache.spark.hooks.spark_submit.SparkSubmitHook","filename":"spark_submit.py","lineno":643}
{"timestamp":"2026-01-15T01:41:58.354208Z","level":"info","event":"Spark properties used, including those specified through","logger":"airflow.task.hooks.airflow.providers.apache.spark.hooks.spark_submit.SparkSubmitHook","filename":"spark_submit.py","lineno":643}
{"timestamp":"2026-01-15T01:41:58.354230Z","level":"info","event":"--conf and those from the properties file null:","logger":"airflow.task.hooks.airflow.providers.apache.spark.hooks.spark_submit.SparkSubmitHook","filename":"spark_submit.py","lineno":643}
{"timestamp":"2026-01-15T01:41:58.354252Z","level":"info","event":"","logger":"airflow.task.hooks.airflow.providers.apache.spark.hooks.spark_submit.SparkSubmitHook","filename":"spark_submit.py","lineno":643}
{"timestamp":"2026-01-15T01:41:58.354266Z","level":"info","event":"","logger":"airflow.task.hooks.airflow.providers.apache.spark.hooks.spark_submit.SparkSubmitHook","filename":"spark_submit.py","lineno":643}
{"timestamp":"2026-01-15T01:41:58.354277Z","level":"info","event":"","logger":"airflow.task.hooks.airflow.providers.apache.spark.hooks.spark_submit.SparkSubmitHook","filename":"spark_submit.py","lineno":643}
{"timestamp":"2026-01-15T01:41:58.470240Z","level":"info","event":"Main class:","logger":"airflow.task.hooks.airflow.providers.apache.spark.hooks.spark_submit.SparkSubmitHook","filename":"spark_submit.py","lineno":643}
{"timestamp":"2026-01-15T01:41:58.470319Z","level":"info","event":"org.apache.spark.deploy.PythonRunner","logger":"airflow.task.hooks.airflow.providers.apache.spark.hooks.spark_submit.SparkSubmitHook","filename":"spark_submit.py","lineno":643}
{"timestamp":"2026-01-15T01:41:58.470340Z","level":"info","event":"Arguments:","logger":"airflow.task.hooks.airflow.providers.apache.spark.hooks.spark_submit.SparkSubmitHook","filename":"spark_submit.py","lineno":643}
{"timestamp":"2026-01-15T01:41:58.470354Z","level":"info","event":"file:/opt/spark/jobs/minio.py","logger":"airflow.task.hooks.airflow.providers.apache.spark.hooks.spark_submit.SparkSubmitHook","filename":"spark_submit.py","lineno":643}
{"timestamp":"2026-01-15T01:41:58.470367Z","level":"info","event":"null","logger":"airflow.task.hooks.airflow.providers.apache.spark.hooks.spark_submit.SparkSubmitHook","filename":"spark_submit.py","lineno":643}
{"timestamp":"2026-01-15T01:41:58.470972Z","level":"info","event":"Spark config:","logger":"airflow.task.hooks.airflow.providers.apache.spark.hooks.spark_submit.SparkSubmitHook","filename":"spark_submit.py","lineno":643}
{"timestamp":"2026-01-15T01:41:58.471049Z","level":"info","event":"(spark.app.name,minio)","logger":"airflow.task.hooks.airflow.providers.apache.spark.hooks.spark_submit.SparkSubmitHook","filename":"spark_submit.py","lineno":643}
{"timestamp":"2026-01-15T01:41:58.471078Z","level":"info","event":"(spark.app.submitTime,1768441318453)","logger":"airflow.task.hooks.airflow.providers.apache.spark.hooks.spark_submit.SparkSubmitHook","filename":"spark_submit.py","lineno":643}
{"timestamp":"2026-01-15T01:41:58.471103Z","level":"info","event":"(spark.master,spark://spark-master:7077)","logger":"airflow.task.hooks.airflow.providers.apache.spark.hooks.spark_submit.SparkSubmitHook","filename":"spark_submit.py","lineno":643}
{"timestamp":"2026-01-15T01:41:58.471152Z","level":"info","event":"(spark.submit.deployMode,client)","logger":"airflow.task.hooks.airflow.providers.apache.spark.hooks.spark_submit.SparkSubmitHook","filename":"spark_submit.py","lineno":643}
{"timestamp":"2026-01-15T01:41:58.471178Z","level":"info","event":"(spark.submit.pyFiles,)","logger":"airflow.task.hooks.airflow.providers.apache.spark.hooks.spark_submit.SparkSubmitHook","filename":"spark_submit.py","lineno":643}
{"timestamp":"2026-01-15T01:41:58.471219Z","level":"info","event":"Classpath elements:","logger":"airflow.task.hooks.airflow.providers.apache.spark.hooks.spark_submit.SparkSubmitHook","filename":"spark_submit.py","lineno":643}
{"timestamp":"2026-01-15T01:41:58.471263Z","level":"info","event":"","logger":"airflow.task.hooks.airflow.providers.apache.spark.hooks.spark_submit.SparkSubmitHook","filename":"spark_submit.py","lineno":643}
{"timestamp":"2026-01-15T01:41:58.471288Z","level":"info","event":"","logger":"airflow.task.hooks.airflow.providers.apache.spark.hooks.spark_submit.SparkSubmitHook","filename":"spark_submit.py","lineno":643}
{"timestamp":"2026-01-15T01:41:58.471323Z","level":"info","event":"","logger":"airflow.task.hooks.airflow.providers.apache.spark.hooks.spark_submit.SparkSubmitHook","filename":"spark_submit.py","lineno":643}
{"timestamp":"2026-01-15T01:41:59.072074Z","level":"info","event":"Using Spark's default log4j profile: org/apache/spark/log4j2-defaults.properties","logger":"airflow.task.hooks.airflow.providers.apache.spark.hooks.spark_submit.SparkSubmitHook","filename":"spark_submit.py","lineno":643}
{"timestamp":"2026-01-15T01:41:59.075910Z","level":"info","event":"26/01/15 01:41:59 INFO SparkContext: Running Spark version 4.1.1","logger":"airflow.task.hooks.airflow.providers.apache.spark.hooks.spark_submit.SparkSubmitHook","filename":"spark_submit.py","lineno":643}
{"timestamp":"2026-01-15T01:41:59.076993Z","level":"info","event":"26/01/15 01:41:59 INFO SparkContext: OS info Linux, 6.12.54-linuxkit, aarch64","logger":"airflow.task.hooks.airflow.providers.apache.spark.hooks.spark_submit.SparkSubmitHook","filename":"spark_submit.py","lineno":643}
{"timestamp":"2026-01-15T01:41:59.077119Z","level":"info","event":"26/01/15 01:41:59 INFO SparkContext: Java version 17.0.17+10-Debian-1deb12u1","logger":"airflow.task.hooks.airflow.providers.apache.spark.hooks.spark_submit.SparkSubmitHook","filename":"spark_submit.py","lineno":643}
{"timestamp":"2026-01-15T01:41:59.125231Z","level":"info","event":"26/01/15 01:41:59 WARN NativeCodeLoader: Unable to load native-hadoop library for your platform... using builtin-java classes where applicable","logger":"airflow.task.hooks.airflow.providers.apache.spark.hooks.spark_submit.SparkSubmitHook","filename":"spark_submit.py","lineno":643}
{"timestamp":"2026-01-15T01:41:59.150629Z","level":"info","event":"26/01/15 01:41:59 INFO ResourceUtils: ==============================================================","logger":"airflow.task.hooks.airflow.providers.apache.spark.hooks.spark_submit.SparkSubmitHook","filename":"spark_submit.py","lineno":643}
{"timestamp":"2026-01-15T01:41:59.150784Z","level":"info","event":"26/01/15 01:41:59 INFO ResourceUtils: No custom resources configured for spark.driver.","logger":"airflow.task.hooks.airflow.providers.apache.spark.hooks.spark_submit.SparkSubmitHook","filename":"spark_submit.py","lineno":643}
{"timestamp":"2026-01-15T01:41:59.150820Z","level":"info","event":"26/01/15 01:41:59 INFO ResourceUtils: ==============================================================","logger":"airflow.task.hooks.airflow.providers.apache.spark.hooks.spark_submit.SparkSubmitHook","filename":"spark_submit.py","lineno":643}
{"timestamp":"2026-01-15T01:41:59.150849Z","level":"info","event":"26/01/15 01:41:59 INFO SparkContext: Submitted application: HelloWorldToMinIO","logger":"airflow.task.hooks.airflow.providers.apache.spark.hooks.spark_submit.SparkSubmitHook","filename":"spark_submit.py","lineno":643}
{"timestamp":"2026-01-15T01:41:59.176047Z","level":"info","event":"26/01/15 01:41:59 INFO SecurityManager: Changing view acls to: airflow","logger":"airflow.task.hooks.airflow.providers.apache.spark.hooks.spark_submit.SparkSubmitHook","filename":"spark_submit.py","lineno":643}
{"timestamp":"2026-01-15T01:41:59.176137Z","level":"info","event":"26/01/15 01:41:59 INFO SecurityManager: Changing modify acls to: airflow","logger":"airflow.task.hooks.airflow.providers.apache.spark.hooks.spark_submit.SparkSubmitHook","filename":"spark_submit.py","lineno":643}
{"timestamp":"2026-01-15T01:41:59.176333Z","level":"info","event":"26/01/15 01:41:59 INFO SecurityManager: Changing view acls groups to: airflow","logger":"airflow.task.hooks.airflow.providers.apache.spark.hooks.spark_submit.SparkSubmitHook","filename":"spark_submit.py","lineno":643}
{"timestamp":"2026-01-15T01:41:59.176422Z","level":"info","event":"26/01/15 01:41:59 INFO SecurityManager: Changing modify acls groups to: airflow","logger":"airflow.task.hooks.airflow.providers.apache.spark.hooks.spark_submit.SparkSubmitHook","filename":"spark_submit.py","lineno":643}
{"timestamp":"2026-01-15T01:41:59.176712Z","level":"info","event":"26/01/15 01:41:59 INFO SecurityManager: SecurityManager: authentication disabled; ui acls disabled; users with view permissions: airflow groups with view permissions: EMPTY; users with modify permissions: airflow; groups with modify permissions: EMPTY; RPC SSL disabled","logger":"airflow.task.hooks.airflow.providers.apache.spark.hooks.spark_submit.SparkSubmitHook","filename":"spark_submit.py","lineno":643}
{"timestamp":"2026-01-15T01:41:59.295507Z","level":"info","event":"26/01/15 01:41:59 INFO Utils: Successfully started service 'sparkDriver' on port 41843.","logger":"airflow.task.hooks.airflow.providers.apache.spark.hooks.spark_submit.SparkSubmitHook","filename":"spark_submit.py","lineno":643}
{"timestamp":"2026-01-15T01:41:59.312244Z","level":"info","event":"26/01/15 01:41:59 INFO SparkEnv: Registering MapOutputTracker","logger":"airflow.task.hooks.airflow.providers.apache.spark.hooks.spark_submit.SparkSubmitHook","filename":"spark_submit.py","lineno":643}
{"timestamp":"2026-01-15T01:41:59.317990Z","level":"info","event":"26/01/15 01:41:59 INFO SparkEnv: Registering BlockManagerMaster","logger":"airflow.task.hooks.airflow.providers.apache.spark.hooks.spark_submit.SparkSubmitHook","filename":"spark_submit.py","lineno":643}
{"timestamp":"2026-01-15T01:41:59.326440Z","level":"info","event":"26/01/15 01:41:59 INFO BlockManagerMasterEndpoint: Using org.apache.spark.storage.DefaultTopologyMapper for getting topology information","logger":"airflow.task.hooks.airflow.providers.apache.spark.hooks.spark_submit.SparkSubmitHook","filename":"spark_submit.py","lineno":643}
{"timestamp":"2026-01-15T01:41:59.326656Z","level":"info","event":"26/01/15 01:41:59 INFO BlockManagerMasterEndpoint: BlockManagerMasterEndpoint up","logger":"airflow.task.hooks.airflow.providers.apache.spark.hooks.spark_submit.SparkSubmitHook","filename":"spark_submit.py","lineno":643}
{"timestamp":"2026-01-15T01:41:59.335187Z","level":"info","event":"26/01/15 01:41:59 INFO SparkEnv: Registering BlockManagerMasterHeartbeat","logger":"airflow.task.hooks.airflow.providers.apache.spark.hooks.spark_submit.SparkSubmitHook","filename":"spark_submit.py","lineno":643}
{"timestamp":"2026-01-15T01:41:59.347540Z","level":"info","event":"26/01/15 01:41:59 INFO DiskBlockManager: Created local directory at /tmp/blockmgr-988bf3cf-8d1d-4e29-88c3-86dfd7ad20bd","logger":"airflow.task.hooks.airflow.providers.apache.spark.hooks.spark_submit.SparkSubmitHook","filename":"spark_submit.py","lineno":643}
{"timestamp":"2026-01-15T01:41:59.357772Z","level":"info","event":"26/01/15 01:41:59 INFO SparkEnv: Registering OutputCommitCoordinator","logger":"airflow.task.hooks.airflow.providers.apache.spark.hooks.spark_submit.SparkSubmitHook","filename":"spark_submit.py","lineno":643}
{"timestamp":"2026-01-15T01:41:59.419406Z","level":"info","event":"26/01/15 01:41:59 INFO JettyUtils: Start Jetty 0.0.0.0:4040 for SparkUI","logger":"airflow.task.hooks.airflow.providers.apache.spark.hooks.spark_submit.SparkSubmitHook","filename":"spark_submit.py","lineno":643}
{"timestamp":"2026-01-15T01:41:59.463048Z","level":"info","event":"26/01/15 01:41:59 INFO Utils: Successfully started service 'SparkUI' on port 4040.","logger":"airflow.task.hooks.airflow.providers.apache.spark.hooks.spark_submit.SparkSubmitHook","filename":"spark_submit.py","lineno":643}
{"timestamp":"2026-01-15T01:41:59.488478Z","level":"info","event":"26/01/15 01:41:59 INFO ResourceProfile: Default ResourceProfile created, executor resources: Map(memory -> name: memory, amount: 1024, script: , vendor: , offHeap -> name: offHeap, amount: 0, script: , vendor: ), task resources: Map(cpus -> name: cpus, amount: 1.0)","logger":"airflow.task.hooks.airflow.providers.apache.spark.hooks.spark_submit.SparkSubmitHook","filename":"spark_submit.py","lineno":643}
{"timestamp":"2026-01-15T01:41:59.489229Z","level":"info","event":"26/01/15 01:41:59 INFO ResourceProfile: Limiting resource is cpu","logger":"airflow.task.hooks.airflow.providers.apache.spark.hooks.spark_submit.SparkSubmitHook","filename":"spark_submit.py","lineno":643}
{"timestamp":"2026-01-15T01:41:59.489445Z","level":"info","event":"26/01/15 01:41:59 INFO ResourceProfileManager: Added ResourceProfile id: 0","logger":"airflow.task.hooks.airflow.providers.apache.spark.hooks.spark_submit.SparkSubmitHook","filename":"spark_submit.py","lineno":643}
{"timestamp":"2026-01-15T01:41:59.497372Z","level":"info","event":"26/01/15 01:41:59 INFO SecurityManager: Changing view acls to: airflow","logger":"airflow.task.hooks.airflow.providers.apache.spark.hooks.spark_submit.SparkSubmitHook","filename":"spark_submit.py","lineno":643}
{"timestamp":"2026-01-15T01:41:59.497458Z","level":"info","event":"26/01/15 01:41:59 INFO SecurityManager: Changing modify acls to: airflow","logger":"airflow.task.hooks.airflow.providers.apache.spark.hooks.spark_submit.SparkSubmitHook","filename":"spark_submit.py","lineno":643}
{"timestamp":"2026-01-15T01:41:59.497473Z","level":"info","event":"26/01/15 01:41:59 INFO SecurityManager: Changing view acls groups to: airflow","logger":"airflow.task.hooks.airflow.providers.apache.spark.hooks.spark_submit.SparkSubmitHook","filename":"spark_submit.py","lineno":643}
{"timestamp":"2026-01-15T01:41:59.497586Z","level":"info","event":"26/01/15 01:41:59 INFO SecurityManager: Changing modify acls groups to: airflow","logger":"airflow.task.hooks.airflow.providers.apache.spark.hooks.spark_submit.SparkSubmitHook","filename":"spark_submit.py","lineno":643}
{"timestamp":"2026-01-15T01:41:59.497730Z","level":"info","event":"26/01/15 01:41:59 INFO SecurityManager: SecurityManager: authentication disabled; ui acls disabled; users with view permissions: airflow groups with view permissions: EMPTY; users with modify permissions: airflow; groups with modify permissions: EMPTY; RPC SSL disabled","logger":"airflow.task.hooks.airflow.providers.apache.spark.hooks.spark_submit.SparkSubmitHook","filename":"spark_submit.py","lineno":643}
{"timestamp":"2026-01-15T01:41:59.569682Z","level":"info","event":"26/01/15 01:41:59 INFO StandaloneAppClient$ClientEndpoint: Connecting to master spark://spark-master:7077...","logger":"airflow.task.hooks.airflow.providers.apache.spark.hooks.spark_submit.SparkSubmitHook","filename":"spark_submit.py","lineno":643}
{"timestamp":"2026-01-15T01:41:59.592348Z","level":"info","event":"26/01/15 01:41:59 INFO TransportClientFactory: Successfully created connection to spark-master/172.18.0.2:7077 after 11 ms (0 ms spent in bootstraps)","logger":"airflow.task.hooks.airflow.providers.apache.spark.hooks.spark_submit.SparkSubmitHook","filename":"spark_submit.py","lineno":643}
{"timestamp":"2026-01-15T01:41:59.681735Z","level":"info","event":"26/01/15 01:41:59 INFO StandaloneSchedulerBackend: Connected to Spark cluster with app ID app-20260115014159-0000","logger":"airflow.task.hooks.airflow.providers.apache.spark.hooks.spark_submit.SparkSubmitHook","filename":"spark_submit.py","lineno":643}
{"timestamp":"2026-01-15T01:41:59.689221Z","level":"info","event":"26/01/15 01:41:59 INFO Utils: Successfully started service 'org.apache.spark.network.netty.NettyBlockTransferService' on port 39175.","logger":"airflow.task.hooks.airflow.providers.apache.spark.hooks.spark_submit.SparkSubmitHook","filename":"spark_submit.py","lineno":643}
{"timestamp":"2026-01-15T01:41:59.689384Z","level":"info","event":"26/01/15 01:41:59 INFO NettyBlockTransferService: Server created on f762a9d4202b:39175","logger":"airflow.task.hooks.airflow.providers.apache.spark.hooks.spark_submit.SparkSubmitHook","filename":"spark_submit.py","lineno":643}
{"timestamp":"2026-01-15T01:41:59.691680Z","level":"info","event":"26/01/15 01:41:59 INFO BlockManager: Using org.apache.spark.storage.RandomBlockReplicationPolicy for block replication policy","logger":"airflow.task.hooks.airflow.providers.apache.spark.hooks.spark_submit.SparkSubmitHook","filename":"spark_submit.py","lineno":643}
{"timestamp":"2026-01-15T01:41:59.695734Z","level":"info","event":"26/01/15 01:41:59 INFO StandaloneAppClient$ClientEndpoint: Executor added: app-20260115014159-0000/0 on worker-20260115014016-172.18.0.6-40747 (172.18.0.6:40747) with 2 core(s)","logger":"airflow.task.hooks.airflow.providers.apache.spark.hooks.spark_submit.SparkSubmitHook","filename":"spark_submit.py","lineno":643}
{"timestamp":"2026-01-15T01:41:59.698123Z","level":"info","event":"26/01/15 01:41:59 INFO StandaloneSchedulerBackend: Granted executor ID app-20260115014159-0000/0 on hostPort 172.18.0.6:40747 with 2 core(s), 1024.0 MiB RAM","logger":"airflow.task.hooks.airflow.providers.apache.spark.hooks.spark_submit.SparkSubmitHook","filename":"spark_submit.py","lineno":643}
{"timestamp":"2026-01-15T01:41:59.698401Z","level":"info","event":"26/01/15 01:41:59 INFO StandaloneAppClient$ClientEndpoint: Executor added: app-20260115014159-0000/1 on worker-20260115014016-172.18.0.5-41787 (172.18.0.5:41787) with 2 core(s)","logger":"airflow.task.hooks.airflow.providers.apache.spark.hooks.spark_submit.SparkSubmitHook","filename":"spark_submit.py","lineno":643}
{"timestamp":"2026-01-15T01:41:59.698877Z","level":"info","event":"26/01/15 01:41:59 INFO StandaloneSchedulerBackend: Granted executor ID app-20260115014159-0000/1 on hostPort 172.18.0.5:41787 with 2 core(s), 1024.0 MiB RAM","logger":"airflow.task.hooks.airflow.providers.apache.spark.hooks.spark_submit.SparkSubmitHook","filename":"spark_submit.py","lineno":643}
{"timestamp":"2026-01-15T01:41:59.712376Z","level":"info","event":"26/01/15 01:41:59 INFO BlockManagerMaster: Registering BlockManager BlockManagerId(driver, f762a9d4202b, 39175, None)","logger":"airflow.task.hooks.airflow.providers.apache.spark.hooks.spark_submit.SparkSubmitHook","filename":"spark_submit.py","lineno":643}
{"timestamp":"2026-01-15T01:41:59.719166Z","level":"info","event":"26/01/15 01:41:59 INFO BlockManagerMasterEndpoint: Registering block manager f762a9d4202b:39175 with 434.4 MiB RAM, BlockManagerId(driver, f762a9d4202b, 39175, None)","logger":"airflow.task.hooks.airflow.providers.apache.spark.hooks.spark_submit.SparkSubmitHook","filename":"spark_submit.py","lineno":643}
{"timestamp":"2026-01-15T01:41:59.722910Z","level":"info","event":"26/01/15 01:41:59 INFO BlockManagerMaster: Registered BlockManager BlockManagerId(driver, f762a9d4202b, 39175, None)","logger":"airflow.task.hooks.airflow.providers.apache.spark.hooks.spark_submit.SparkSubmitHook","filename":"spark_submit.py","lineno":643}
{"timestamp":"2026-01-15T01:41:59.723744Z","level":"info","event":"26/01/15 01:41:59 INFO BlockManager: Initialized BlockManager: BlockManagerId(driver, f762a9d4202b, 39175, None)","logger":"airflow.task.hooks.airflow.providers.apache.spark.hooks.spark_submit.SparkSubmitHook","filename":"spark_submit.py","lineno":643}
{"timestamp":"2026-01-15T01:41:59.862055Z","level":"info","event":"26/01/15 01:41:59 INFO StandaloneAppClient$ClientEndpoint: Executor updated: app-20260115014159-0000/0 is now RUNNING","logger":"airflow.task.hooks.airflow.providers.apache.spark.hooks.spark_submit.SparkSubmitHook","filename":"spark_submit.py","lineno":643}
{"timestamp":"2026-01-15T01:41:59.862294Z","level":"info","event":"26/01/15 01:41:59 INFO StandaloneAppClient$ClientEndpoint: Executor updated: app-20260115014159-0000/1 is now RUNNING","logger":"airflow.task.hooks.airflow.providers.apache.spark.hooks.spark_submit.SparkSubmitHook","filename":"spark_submit.py","lineno":643}
{"timestamp":"2026-01-15T01:41:59.867985Z","level":"info","event":"26/01/15 01:41:59 INFO StandaloneSchedulerBackend: SchedulerBackend is ready for scheduling beginning after reached minRegisteredResourcesRatio: 0.0","logger":"airflow.task.hooks.airflow.providers.apache.spark.hooks.spark_submit.SparkSubmitHook","filename":"spark_submit.py","lineno":643}
{"timestamp":"2026-01-15T01:42:00.966504Z","level":"info","event":"26/01/15 01:42:00 INFO StandaloneSchedulerBackend$StandaloneDriverEndpoint: Registered executor NettyRpcEndpointRef(spark-client://Executor) (172.18.0.6:56900) with ID 0, ResourceProfileId 0","logger":"airflow.task.hooks.airflow.providers.apache.spark.hooks.spark_submit.SparkSubmitHook","filename":"spark_submit.py","lineno":643}
{"timestamp":"2026-01-15T01:42:00.967883Z","level":"info","event":"26/01/15 01:42:00 INFO StandaloneSchedulerBackend$StandaloneDriverEndpoint: Registered executor NettyRpcEndpointRef(spark-client://Executor) (172.18.0.5:55892) with ID 1, ResourceProfileId 0","logger":"airflow.task.hooks.airflow.providers.apache.spark.hooks.spark_submit.SparkSubmitHook","filename":"spark_submit.py","lineno":643}
{"timestamp":"2026-01-15T01:42:01.073026Z","level":"info","event":"26/01/15 01:42:01 INFO BlockManagerMasterEndpoint: Registering block manager 172.18.0.5:39879 with 434.4 MiB RAM, BlockManagerId(1, 172.18.0.5, 39879, None)","logger":"airflow.task.hooks.airflow.providers.apache.spark.hooks.spark_submit.SparkSubmitHook","filename":"spark_submit.py","lineno":643}
{"timestamp":"2026-01-15T01:42:01.075078Z","level":"info","event":"26/01/15 01:42:01 INFO BlockManagerMasterEndpoint: Registering block manager 172.18.0.6:37241 with 434.4 MiB RAM, BlockManagerId(0, 172.18.0.6, 37241, None)","logger":"airflow.task.hooks.airflow.providers.apache.spark.hooks.spark_submit.SparkSubmitHook","filename":"spark_submit.py","lineno":643}
{"timestamp":"2026-01-15T01:42:01.251481Z","level":"info","event":"--- Đang tạo DataFrame ---","logger":"airflow.task.hooks.airflow.providers.apache.spark.hooks.spark_submit.SparkSubmitHook","filename":"spark_submit.py","lineno":643}
{"timestamp":"2026-01-15T01:42:01.278474Z","level":"info","event":"26/01/15 01:42:01 INFO SharedState: Setting hive.metastore.warehouse.dir ('null') to the value of spark.sql.warehouse.dir.","logger":"airflow.task.hooks.airflow.providers.apache.spark.hooks.spark_submit.SparkSubmitHook","filename":"spark_submit.py","lineno":643}
{"timestamp":"2026-01-15T01:42:01.281259Z","level":"info","event":"26/01/15 01:42:01 INFO SharedState: Warehouse path is 'file:/opt/airflow/spark-warehouse'.","logger":"airflow.task.hooks.airflow.providers.apache.spark.hooks.spark_submit.SparkSubmitHook","filename":"spark_submit.py","lineno":643}
{"timestamp":"2026-01-15T01:42:02.066528Z","level":"info","event":"26/01/15 01:42:02 INFO CodeGenerator: Code generated in 66.242792 ms","logger":"airflow.task.hooks.airflow.providers.apache.spark.hooks.spark_submit.SparkSubmitHook","filename":"spark_submit.py","lineno":643}
{"timestamp":"2026-01-15T01:42:02.080156Z","level":"info","event":"26/01/15 01:42:02 INFO SparkContext: Starting job: showString at NativeMethodAccessorImpl.java:0","logger":"airflow.task.hooks.airflow.providers.apache.spark.hooks.spark_submit.SparkSubmitHook","filename":"spark_submit.py","lineno":643}
{"timestamp":"2026-01-15T01:42:02.084177Z","level":"info","event":"26/01/15 01:42:02 INFO DAGScheduler: Got job 0 (showString at NativeMethodAccessorImpl.java:0) with 1 output partitions","logger":"airflow.task.hooks.airflow.providers.apache.spark.hooks.spark_submit.SparkSubmitHook","filename":"spark_submit.py","lineno":643}
{"timestamp":"2026-01-15T01:42:02.084464Z","level":"info","event":"26/01/15 01:42:02 INFO DAGScheduler: Final stage: ResultStage 0 (showString at NativeMethodAccessorImpl.java:0)","logger":"airflow.task.hooks.airflow.providers.apache.spark.hooks.spark_submit.SparkSubmitHook","filename":"spark_submit.py","lineno":643}
{"timestamp":"2026-01-15T01:42:02.084525Z","level":"info","event":"26/01/15 01:42:02 INFO DAGScheduler: Parents of final stage: List()","logger":"airflow.task.hooks.airflow.providers.apache.spark.hooks.spark_submit.SparkSubmitHook","filename":"spark_submit.py","lineno":643}
{"timestamp":"2026-01-15T01:42:02.084958Z","level":"info","event":"26/01/15 01:42:02 INFO DAGScheduler: Missing parents: List()","logger":"airflow.task.hooks.airflow.providers.apache.spark.hooks.spark_submit.SparkSubmitHook","filename":"spark_submit.py","lineno":643}
{"timestamp":"2026-01-15T01:42:02.085794Z","level":"info","event":"26/01/15 01:42:02 INFO DAGScheduler: Missing parents found for ResultStage 0: List()","logger":"airflow.task.hooks.airflow.providers.apache.spark.hooks.spark_submit.SparkSubmitHook","filename":"spark_submit.py","lineno":643}
{"timestamp":"2026-01-15T01:42:02.085959Z","level":"info","event":"26/01/15 01:42:02 INFO DAGScheduler: Submitting ResultStage 0 (MapPartitionsRDD[6] at showString at NativeMethodAccessorImpl.java:0), which has no missing parents","logger":"airflow.task.hooks.airflow.providers.apache.spark.hooks.spark_submit.SparkSubmitHook","filename":"spark_submit.py","lineno":643}
{"timestamp":"2026-01-15T01:42:02.102167Z","level":"info","event":"26/01/15 01:42:02 INFO MemoryStore: MemoryStore started with capacity 434.4 MiB","logger":"airflow.task.hooks.airflow.providers.apache.spark.hooks.spark_submit.SparkSubmitHook","filename":"spark_submit.py","lineno":643}
{"timestamp":"2026-01-15T01:42:02.110689Z","level":"info","event":"26/01/15 01:42:02 INFO MemoryStore: Block broadcast_0 stored as values in memory (estimated size 14.1 KiB, free 434.4 MiB)","logger":"airflow.task.hooks.airflow.providers.apache.spark.hooks.spark_submit.SparkSubmitHook","filename":"spark_submit.py","lineno":643}
{"timestamp":"2026-01-15T01:42:02.119484Z","level":"info","event":"26/01/15 01:42:02 INFO MemoryStore: Block broadcast_0_piece0 stored as bytes in memory (estimated size 7.2 KiB, free 434.4 MiB)","logger":"airflow.task.hooks.airflow.providers.apache.spark.hooks.spark_submit.SparkSubmitHook","filename":"spark_submit.py","lineno":643}
{"timestamp":"2026-01-15T01:42:02.121550Z","level":"info","event":"26/01/15 01:42:02 INFO SparkContext: Created broadcast 0 from broadcast at DAGScheduler.scala:1686","logger":"airflow.task.hooks.airflow.providers.apache.spark.hooks.spark_submit.SparkSubmitHook","filename":"spark_submit.py","lineno":643}
{"timestamp":"2026-01-15T01:42:02.127898Z","level":"info","event":"26/01/15 01:42:02 INFO DAGScheduler: Submitting 1 missing tasks from ResultStage 0 (MapPartitionsRDD[6] at showString at NativeMethodAccessorImpl.java:0) (first 15 tasks are for partitions Vector(0))","logger":"airflow.task.hooks.airflow.providers.apache.spark.hooks.spark_submit.SparkSubmitHook","filename":"spark_submit.py","lineno":643}
{"timestamp":"2026-01-15T01:42:02.128691Z","level":"info","event":"26/01/15 01:42:02 INFO TaskSchedulerImpl: Adding task set 0.0 with 1 tasks resource profile 0","logger":"airflow.task.hooks.airflow.providers.apache.spark.hooks.spark_submit.SparkSubmitHook","filename":"spark_submit.py","lineno":643}
{"timestamp":"2026-01-15T01:42:02.140937Z","level":"info","event":"26/01/15 01:42:02 INFO TaskSetManager: Starting task 0.0 in stage 0.0 (TID 0) (172.18.0.5,executor 1, partition 0, PROCESS_LOCAL, 9679 bytes)","logger":"airflow.task.hooks.airflow.providers.apache.spark.hooks.spark_submit.SparkSubmitHook","filename":"spark_submit.py","lineno":643}
{"timestamp":"2026-01-15T01:42:02.957728Z","level":"info","event":"26/01/15 01:42:02 INFO TaskSetManager: Finished task 0.0 in stage 0.0 (TID 0) in 823 ms on 172.18.0.5 (executor 1) (1/1)","logger":"airflow.task.hooks.airflow.providers.apache.spark.hooks.spark_submit.SparkSubmitHook","filename":"spark_submit.py","lineno":643}
{"timestamp":"2026-01-15T01:42:02.958296Z","level":"info","event":"26/01/15 01:42:02 INFO TaskSchedulerImpl: Removed TaskSet 0.0 whose tasks have all completed, from pool","logger":"airflow.task.hooks.airflow.providers.apache.spark.hooks.spark_submit.SparkSubmitHook","filename":"spark_submit.py","lineno":643}
{"timestamp":"2026-01-15T01:42:02.960277Z","level":"info","event":"26/01/15 01:42:02 INFO PythonAccumulatorV2: Connected to AccumulatorServer at host: 127.0.0.1 port: 44459","logger":"airflow.task.hooks.airflow.providers.apache.spark.hooks.spark_submit.SparkSubmitHook","filename":"spark_submit.py","lineno":643}
{"timestamp":"2026-01-15T01:42:02.961675Z","level":"info","event":"26/01/15 01:42:02 INFO DAGScheduler: ResultStage 0 (showString at NativeMethodAccessorImpl.java:0) finished in 871 ms","logger":"airflow.task.hooks.airflow.providers.apache.spark.hooks.spark_submit.SparkSubmitHook","filename":"spark_submit.py","lineno":643}
{"timestamp":"2026-01-15T01:42:02.962488Z","level":"info","event":"26/01/15 01:42:02 INFO DAGScheduler: Job 0 is finished. Cancelling potential speculative or zombie tasks for this job","logger":"airflow.task.hooks.airflow.providers.apache.spark.hooks.spark_submit.SparkSubmitHook","filename":"spark_submit.py","lineno":643}
{"timestamp":"2026-01-15T01:42:02.962635Z","level":"info","event":"26/01/15 01:42:02 INFO TaskSchedulerImpl: Canceling stage 0","logger":"airflow.task.hooks.airflow.providers.apache.spark.hooks.spark_submit.SparkSubmitHook","filename":"spark_submit.py","lineno":643}
{"timestamp":"2026-01-15T01:42:02.962772Z","level":"info","event":"26/01/15 01:42:02 INFO TaskSchedulerImpl: Killing all running tasks in stage 0: Stage finished","logger":"airflow.task.hooks.airflow.providers.apache.spark.hooks.spark_submit.SparkSubmitHook","filename":"spark_submit.py","lineno":643}
{"timestamp":"2026-01-15T01:42:02.963496Z","level":"info","event":"26/01/15 01:42:02 INFO DAGScheduler: Job 0 finished: showString at NativeMethodAccessorImpl.java:0, took 883.282417 ms","logger":"airflow.task.hooks.airflow.providers.apache.spark.hooks.spark_submit.SparkSubmitHook","filename":"spark_submit.py","lineno":643}
{"timestamp":"2026-01-15T01:42:02.967220Z","level":"info","event":"26/01/15 01:42:02 INFO SparkContext: Starting job: showString at NativeMethodAccessorImpl.java:0","logger":"airflow.task.hooks.airflow.providers.apache.spark.hooks.spark_submit.SparkSubmitHook","filename":"spark_submit.py","lineno":643}
{"timestamp":"2026-01-15T01:42:02.967620Z","level":"info","event":"26/01/15 01:42:02 INFO DAGScheduler: Got job 1 (showString at NativeMethodAccessorImpl.java:0) with 3 output partitions","logger":"airflow.task.hooks.airflow.providers.apache.spark.hooks.spark_submit.SparkSubmitHook","filename":"spark_submit.py","lineno":643}
{"timestamp":"2026-01-15T01:42:02.967661Z","level":"info","event":"26/01/15 01:42:02 INFO DAGScheduler: Final stage: ResultStage 1 (showString at NativeMethodAccessorImpl.java:0)","logger":"airflow.task.hooks.airflow.providers.apache.spark.hooks.spark_submit.SparkSubmitHook","filename":"spark_submit.py","lineno":643}
{"timestamp":"2026-01-15T01:42:02.967716Z","level":"info","event":"26/01/15 01:42:02 INFO DAGScheduler: Parents of final stage: List()","logger":"airflow.task.hooks.airflow.providers.apache.spark.hooks.spark_submit.SparkSubmitHook","filename":"spark_submit.py","lineno":643}
{"timestamp":"2026-01-15T01:42:02.967842Z","level":"info","event":"26/01/15 01:42:02 INFO DAGScheduler: Missing parents: List()","logger":"airflow.task.hooks.airflow.providers.apache.spark.hooks.spark_submit.SparkSubmitHook","filename":"spark_submit.py","lineno":643}
{"timestamp":"2026-01-15T01:42:02.968059Z","level":"info","event":"26/01/15 01:42:02 INFO DAGScheduler: Missing parents found for ResultStage 1: List()","logger":"airflow.task.hooks.airflow.providers.apache.spark.hooks.spark_submit.SparkSubmitHook","filename":"spark_submit.py","lineno":643}
{"timestamp":"2026-01-15T01:42:02.968186Z","level":"info","event":"26/01/15 01:42:02 INFO DAGScheduler: Submitting ResultStage 1 (MapPartitionsRDD[6] at showString at NativeMethodAccessorImpl.java:0), which has no missing parents","logger":"airflow.task.hooks.airflow.providers.apache.spark.hooks.spark_submit.SparkSubmitHook","filename":"spark_submit.py","lineno":643}
{"timestamp":"2026-01-15T01:42:02.969909Z","level":"info","event":"26/01/15 01:42:02 INFO MemoryStore: Block broadcast_1 stored as values in memory (estimated size 14.1 KiB, free 434.4 MiB)","logger":"airflow.task.hooks.airflow.providers.apache.spark.hooks.spark_submit.SparkSubmitHook","filename":"spark_submit.py","lineno":643}
{"timestamp":"2026-01-15T01:42:02.970592Z","level":"info","event":"26/01/15 01:42:02 INFO MemoryStore: Block broadcast_1_piece0 stored as bytes in memory (estimated size 7.2 KiB, free 434.4 MiB)","logger":"airflow.task.hooks.airflow.providers.apache.spark.hooks.spark_submit.SparkSubmitHook","filename":"spark_submit.py","lineno":643}
{"timestamp":"2026-01-15T01:42:02.971065Z","level":"info","event":"26/01/15 01:42:02 INFO SparkContext: Created broadcast 1 from broadcast at DAGScheduler.scala:1686","logger":"airflow.task.hooks.airflow.providers.apache.spark.hooks.spark_submit.SparkSubmitHook","filename":"spark_submit.py","lineno":643}
{"timestamp":"2026-01-15T01:42:02.971413Z","level":"info","event":"26/01/15 01:42:02 INFO DAGScheduler: Submitting 3 missing tasks from ResultStage 1 (MapPartitionsRDD[6] at showString at NativeMethodAccessorImpl.java:0) (first 15 tasks are for partitions Vector(1, 2, 3))","logger":"airflow.task.hooks.airflow.providers.apache.spark.hooks.spark_submit.SparkSubmitHook","filename":"spark_submit.py","lineno":643}
{"timestamp":"2026-01-15T01:42:02.971489Z","level":"info","event":"26/01/15 01:42:02 INFO TaskSchedulerImpl: Adding task set 1.0 with 3 tasks resource profile 0","logger":"airflow.task.hooks.airflow.providers.apache.spark.hooks.spark_submit.SparkSubmitHook","filename":"spark_submit.py","lineno":643}
{"timestamp":"2026-01-15T01:42:02.972105Z","level":"info","event":"26/01/15 01:42:02 INFO TaskSetManager: Starting task 0.0 in stage 1.0 (TID 1) (172.18.0.5,executor 1, partition 1, PROCESS_LOCAL, 9724 bytes)","logger":"airflow.task.hooks.airflow.providers.apache.spark.hooks.spark_submit.SparkSubmitHook","filename":"spark_submit.py","lineno":643}
{"timestamp":"2026-01-15T01:42:02.972292Z","level":"info","event":"26/01/15 01:42:02 INFO TaskSetManager: Starting task 1.0 in stage 1.0 (TID 2) (172.18.0.6,executor 0, partition 2, PROCESS_LOCAL, 9726 bytes)","logger":"airflow.task.hooks.airflow.providers.apache.spark.hooks.spark_submit.SparkSubmitHook","filename":"spark_submit.py","lineno":643}
{"timestamp":"2026-01-15T01:42:02.972474Z","level":"info","event":"26/01/15 01:42:02 INFO TaskSetManager: Starting task 2.0 in stage 1.0 (TID 3) (172.18.0.5,executor 1, partition 3, PROCESS_LOCAL, 9729 bytes)","logger":"airflow.task.hooks.airflow.providers.apache.spark.hooks.spark_submit.SparkSubmitHook","filename":"spark_submit.py","lineno":643}
{"timestamp":"2026-01-15T01:42:03.051849Z","level":"info","event":"26/01/15 01:42:03 INFO TaskSetManager: Finished task 2.0 in stage 1.0 (TID 3) in 79 ms on 172.18.0.5 (executor 1) (1/3)","logger":"airflow.task.hooks.airflow.providers.apache.spark.hooks.spark_submit.SparkSubmitHook","filename":"spark_submit.py","lineno":643}
{"timestamp":"2026-01-15T01:42:03.066410Z","level":"info","event":"26/01/15 01:42:03 INFO TaskSetManager: Finished task 0.0 in stage 1.0 (TID 1) in 95 ms on 172.18.0.5 (executor 1) (2/3)","logger":"airflow.task.hooks.airflow.providers.apache.spark.hooks.spark_submit.SparkSubmitHook","filename":"spark_submit.py","lineno":643}
{"timestamp":"2026-01-15T01:42:03.638403Z","level":"info","event":"26/01/15 01:42:03 INFO TaskSetManager: Finished task 1.0 in stage 1.0 (TID 2) in 666 ms on 172.18.0.6 (executor 0) (3/3)","logger":"airflow.task.hooks.airflow.providers.apache.spark.hooks.spark_submit.SparkSubmitHook","filename":"spark_submit.py","lineno":643}
{"timestamp":"2026-01-15T01:42:03.638547Z","level":"info","event":"26/01/15 01:42:03 INFO TaskSchedulerImpl: Removed TaskSet 1.0 whose tasks have all completed, from pool","logger":"airflow.task.hooks.airflow.providers.apache.spark.hooks.spark_submit.SparkSubmitHook","filename":"spark_submit.py","lineno":643}
{"timestamp":"2026-01-15T01:42:03.639093Z","level":"info","event":"26/01/15 01:42:03 INFO DAGScheduler: ResultStage 1 (showString at NativeMethodAccessorImpl.java:0) finished in 670 ms","logger":"airflow.task.hooks.airflow.providers.apache.spark.hooks.spark_submit.SparkSubmitHook","filename":"spark_submit.py","lineno":643}
{"timestamp":"2026-01-15T01:42:03.639201Z","level":"info","event":"26/01/15 01:42:03 INFO DAGScheduler: Job 1 is finished. Cancelling potential speculative or zombie tasks for this job","logger":"airflow.task.hooks.airflow.providers.apache.spark.hooks.spark_submit.SparkSubmitHook","filename":"spark_submit.py","lineno":643}
{"timestamp":"2026-01-15T01:42:03.639243Z","level":"info","event":"26/01/15 01:42:03 INFO TaskSchedulerImpl: Canceling stage 1","logger":"airflow.task.hooks.airflow.providers.apache.spark.hooks.spark_submit.SparkSubmitHook","filename":"spark_submit.py","lineno":643}
{"timestamp":"2026-01-15T01:42:03.639273Z","level":"info","event":"26/01/15 01:42:03 INFO TaskSchedulerImpl: Killing all running tasks in stage 1: Stage finished","logger":"airflow.task.hooks.airflow.providers.apache.spark.hooks.spark_submit.SparkSubmitHook","filename":"spark_submit.py","lineno":643}
{"timestamp":"2026-01-15T01:42:03.639603Z","level":"info","event":"26/01/15 01:42:03 INFO DAGScheduler: Job 1 finished: showString at NativeMethodAccessorImpl.java:0, took 672.18925 ms","logger":"airflow.task.hooks.airflow.providers.apache.spark.hooks.spark_submit.SparkSubmitHook","filename":"spark_submit.py","lineno":643}
{"timestamp":"2026-01-15T01:42:03.654430Z","level":"info","event":"26/01/15 01:42:03 INFO CodeGenerator: Code generated in 6.916958 ms","logger":"airflow.task.hooks.airflow.providers.apache.spark.hooks.spark_submit.SparkSubmitHook","filename":"spark_submit.py","lineno":643}
{"timestamp":"2026-01-15T01:42:03.658865Z","level":"info","event":"+-----+----------+---+","logger":"airflow.task.hooks.airflow.providers.apache.spark.hooks.spark_submit.SparkSubmitHook","filename":"spark_submit.py","lineno":643}
{"timestamp":"2026-01-15T01:42:03.658921Z","level":"info","event":"| col1|      col2| id|","logger":"airflow.task.hooks.airflow.providers.apache.spark.hooks.spark_submit.SparkSubmitHook","filename":"spark_submit.py","lineno":643}
{"timestamp":"2026-01-15T01:42:03.658936Z","level":"info","event":"+-----+----------+---+","logger":"airflow.task.hooks.airflow.providers.apache.spark.hooks.spark_submit.SparkSubmitHook","filename":"spark_submit.py","lineno":643}
{"timestamp":"2026-01-15T01:42:03.658948Z","level":"info","event":"|Hello|     World|  1|","logger":"airflow.task.hooks.airflow.providers.apache.spark.hooks.spark_submit.SparkSubmitHook","filename":"spark_submit.py","lineno":643}
{"timestamp":"2026-01-15T01:42:03.658959Z","level":"info","event":"|MinIO|   Storage|  2|","logger":"airflow.task.hooks.airflow.providers.apache.spark.hooks.spark_submit.SparkSubmitHook","filename":"spark_submit.py","lineno":643}
{"timestamp":"2026-01-15T01:42:03.658970Z","level":"info","event":"|Spark|Processing|  3|","logger":"airflow.task.hooks.airflow.providers.apache.spark.hooks.spark_submit.SparkSubmitHook","filename":"spark_submit.py","lineno":643}
{"timestamp":"2026-01-15T01:42:03.658981Z","level":"info","event":"+-----+----------+---+","logger":"airflow.task.hooks.airflow.providers.apache.spark.hooks.spark_submit.SparkSubmitHook","filename":"spark_submit.py","lineno":643}
{"timestamp":"2026-01-15T01:42:03.658992Z","level":"info","event":"","logger":"airflow.task.hooks.airflow.providers.apache.spark.hooks.spark_submit.SparkSubmitHook","filename":"spark_submit.py","lineno":643}
{"timestamp":"2026-01-15T01:42:03.659004Z","level":"info","event":"--- Đang ghi dữ liệu vào: s3a://datalake/hello_world_parquet ---","logger":"airflow.task.hooks.airflow.providers.apache.spark.hooks.spark_submit.SparkSubmitHook","filename":"spark_submit.py","lineno":643}
{"timestamp":"2026-01-15T01:42:03.707102Z","level":"info","event":"===SPARK_JOB_FAILED===","logger":"airflow.task.hooks.airflow.providers.apache.spark.hooks.spark_submit.SparkSubmitHook","filename":"spark_submit.py","lineno":643}
{"timestamp":"2026-01-15T01:42:03.707389Z","level":"info","event":"Error: An error occurred while calling o62.parquet.","logger":"airflow.task.hooks.airflow.providers.apache.spark.hooks.spark_submit.SparkSubmitHook","filename":"spark_submit.py","lineno":643}
{"timestamp":"2026-01-15T01:42:03.707488Z","level":"info","event":": java.lang.RuntimeException: java.lang.ClassNotFoundException: Class org.apache.hadoop.fs.s3a.S3AFileSystem not found","logger":"airflow.task.hooks.airflow.providers.apache.spark.hooks.spark_submit.SparkSubmitHook","filename":"spark_submit.py","lineno":643}
{"timestamp":"2026-01-15T01:42:03.707524Z","level":"info","event":"at org.apache.hadoop.conf.Configuration.getClass(Configuration.java:2737)","logger":"airflow.task.hooks.airflow.providers.apache.spark.hooks.spark_submit.SparkSubmitHook","filename":"spark_submit.py","lineno":643}
{"timestamp":"2026-01-15T01:42:03.707550Z","level":"info","event":"at org.apache.hadoop.fs.FileSystem.getFileSystemClass(FileSystem.java:3569)","logger":"airflow.task.hooks.airflow.providers.apache.spark.hooks.spark_submit.SparkSubmitHook","filename":"spark_submit.py","lineno":643}
{"timestamp":"2026-01-15T01:42:03.707601Z","level":"info","event":"at org.apache.hadoop.fs.FileSystem.createFileSystem(FileSystem.java:3612)","logger":"airflow.task.hooks.airflow.providers.apache.spark.hooks.spark_submit.SparkSubmitHook","filename":"spark_submit.py","lineno":643}
{"timestamp":"2026-01-15T01:42:03.707632Z","level":"info","event":"at org.apache.hadoop.fs.FileSystem.access$300(FileSystem.java:172)","logger":"airflow.task.hooks.airflow.providers.apache.spark.hooks.spark_submit.SparkSubmitHook","filename":"spark_submit.py","lineno":643}
{"timestamp":"2026-01-15T01:42:03.707660Z","level":"info","event":"at org.apache.hadoop.fs.FileSystem$Cache.getInternal(FileSystem.java:3716)","logger":"airflow.task.hooks.airflow.providers.apache.spark.hooks.spark_submit.SparkSubmitHook","filename":"spark_submit.py","lineno":643}
{"timestamp":"2026-01-15T01:42:03.707686Z","level":"info","event":"at org.apache.hadoop.fs.FileSystem$Cache.get(FileSystem.java:3667)","logger":"airflow.task.hooks.airflow.providers.apache.spark.hooks.spark_submit.SparkSubmitHook","filename":"spark_submit.py","lineno":643}
{"timestamp":"2026-01-15T01:42:03.707738Z","level":"info","event":"at org.apache.hadoop.fs.FileSystem.get(FileSystem.java:557)","logger":"airflow.task.hooks.airflow.providers.apache.spark.hooks.spark_submit.SparkSubmitHook","filename":"spark_submit.py","lineno":643}
{"timestamp":"2026-01-15T01:42:03.707753Z","level":"info","event":"at org.apache.hadoop.fs.Path.getFileSystem(Path.java:366)","logger":"airflow.task.hooks.airflow.providers.apache.spark.hooks.spark_submit.SparkSubmitHook","filename":"spark_submit.py","lineno":643}
{"timestamp":"2026-01-15T01:42:03.707764Z","level":"info","event":"at org.apache.spark.sql.execution.datasources.DataSource.makeQualified(DataSource.scala:128)","logger":"airflow.task.hooks.airflow.providers.apache.spark.hooks.spark_submit.SparkSubmitHook","filename":"spark_submit.py","lineno":643}
{"timestamp":"2026-01-15T01:42:03.707776Z","level":"info","event":"at org.apache.spark.sql.execution.datasources.DataSource.planForWritingFileFormat(DataSource.scala:471)","logger":"airflow.task.hooks.airflow.providers.apache.spark.hooks.spark_submit.SparkSubmitHook","filename":"spark_submit.py","lineno":643}
{"timestamp":"2026-01-15T01:42:03.707788Z","level":"info","event":"at org.apache.spark.sql.execution.datasources.DataSource.planForWriting(DataSource.scala:559)","logger":"airflow.task.hooks.airflow.providers.apache.spark.hooks.spark_submit.SparkSubmitHook","filename":"spark_submit.py","lineno":643}
{"timestamp":"2026-01-15T01:42:03.707800Z","level":"info","event":"at org.apache.spark.sql.classic.DataFrameWriter.saveToV1SourceCommand(DataFrameWriter.scala:273)","logger":"airflow.task.hooks.airflow.providers.apache.spark.hooks.spark_submit.SparkSubmitHook","filename":"spark_submit.py","lineno":643}
{"timestamp":"2026-01-15T01:42:03.707811Z","level":"info","event":"at org.apache.spark.sql.classic.DataFrameWriter.saveCommand(DataFrameWriter.scala:242)","logger":"airflow.task.hooks.airflow.providers.apache.spark.hooks.spark_submit.SparkSubmitHook","filename":"spark_submit.py","lineno":643}
{"timestamp":"2026-01-15T01:42:03.707821Z","level":"info","event":"at org.apache.spark.sql.classic.DataFrameWriter.save(DataFrameWriter.scala:115)","logger":"airflow.task.hooks.airflow.providers.apache.spark.hooks.spark_submit.SparkSubmitHook","filename":"spark_submit.py","lineno":643}
{"timestamp":"2026-01-15T01:42:03.707832Z","level":"info","event":"at org.apache.spark.sql.DataFrameWriter.parquet(DataFrameWriter.scala:369)","logger":"airflow.task.hooks.airflow.providers.apache.spark.hooks.spark_submit.SparkSubmitHook","filename":"spark_submit.py","lineno":643}
{"timestamp":"2026-01-15T01:42:03.707843Z","level":"info","event":"at java.base/jdk.internal.reflect.NativeMethodAccessorImpl.invoke0(Native Method)","logger":"airflow.task.hooks.airflow.providers.apache.spark.hooks.spark_submit.SparkSubmitHook","filename":"spark_submit.py","lineno":643}
{"timestamp":"2026-01-15T01:42:03.707853Z","level":"info","event":"at java.base/jdk.internal.reflect.NativeMethodAccessorImpl.invoke(NativeMethodAccessorImpl.java:77)","logger":"airflow.task.hooks.airflow.providers.apache.spark.hooks.spark_submit.SparkSubmitHook","filename":"spark_submit.py","lineno":643}
{"timestamp":"2026-01-15T01:42:03.707864Z","level":"info","event":"at java.base/jdk.internal.reflect.DelegatingMethodAccessorImpl.invoke(DelegatingMethodAccessorImpl.java:43)","logger":"airflow.task.hooks.airflow.providers.apache.spark.hooks.spark_submit.SparkSubmitHook","filename":"spark_submit.py","lineno":643}
{"timestamp":"2026-01-15T01:42:03.707884Z","level":"info","event":"at java.base/java.lang.reflect.Method.invoke(Method.java:569)","logger":"airflow.task.hooks.airflow.providers.apache.spark.hooks.spark_submit.SparkSubmitHook","filename":"spark_submit.py","lineno":643}
{"timestamp":"2026-01-15T01:42:03.707900Z","level":"info","event":"at py4j.reflection.MethodInvoker.invoke(MethodInvoker.java:244)","logger":"airflow.task.hooks.airflow.providers.apache.spark.hooks.spark_submit.SparkSubmitHook","filename":"spark_submit.py","lineno":643}
{"timestamp":"2026-01-15T01:42:03.707911Z","level":"info","event":"at py4j.reflection.ReflectionEngine.invoke(ReflectionEngine.java:374)","logger":"airflow.task.hooks.airflow.providers.apache.spark.hooks.spark_submit.SparkSubmitHook","filename":"spark_submit.py","lineno":643}
{"timestamp":"2026-01-15T01:42:03.707922Z","level":"info","event":"at py4j.Gateway.invoke(Gateway.java:282)","logger":"airflow.task.hooks.airflow.providers.apache.spark.hooks.spark_submit.SparkSubmitHook","filename":"spark_submit.py","lineno":643}
{"timestamp":"2026-01-15T01:42:03.707932Z","level":"info","event":"at py4j.commands.AbstractCommand.invokeMethod(AbstractCommand.java:132)","logger":"airflow.task.hooks.airflow.providers.apache.spark.hooks.spark_submit.SparkSubmitHook","filename":"spark_submit.py","lineno":643}
{"timestamp":"2026-01-15T01:42:03.707943Z","level":"info","event":"at py4j.commands.CallCommand.execute(CallCommand.java:79)","logger":"airflow.task.hooks.airflow.providers.apache.spark.hooks.spark_submit.SparkSubmitHook","filename":"spark_submit.py","lineno":643}
{"timestamp":"2026-01-15T01:42:03.707959Z","level":"info","event":"at py4j.ClientServerConnection.waitForCommands(ClientServerConnection.java:184)","logger":"airflow.task.hooks.airflow.providers.apache.spark.hooks.spark_submit.SparkSubmitHook","filename":"spark_submit.py","lineno":643}
{"timestamp":"2026-01-15T01:42:03.707980Z","level":"info","event":"at py4j.ClientServerConnection.run(ClientServerConnection.java:108)","logger":"airflow.task.hooks.airflow.providers.apache.spark.hooks.spark_submit.SparkSubmitHook","filename":"spark_submit.py","lineno":643}
{"timestamp":"2026-01-15T01:42:03.707995Z","level":"info","event":"at java.base/java.lang.Thread.run(Thread.java:840)","logger":"airflow.task.hooks.airflow.providers.apache.spark.hooks.spark_submit.SparkSubmitHook","filename":"spark_submit.py","lineno":643}
{"timestamp":"2026-01-15T01:42:03.708018Z","level":"info","event":"Caused by: java.lang.ClassNotFoundException: Class org.apache.hadoop.fs.s3a.S3AFileSystem not found","logger":"airflow.task.hooks.airflow.providers.apache.spark.hooks.spark_submit.SparkSubmitHook","filename":"spark_submit.py","lineno":643}
{"timestamp":"2026-01-15T01:42:03.708035Z","level":"info","event":"at org.apache.hadoop.conf.Configuration.getClassByName(Configuration.java:2641)","logger":"airflow.task.hooks.airflow.providers.apache.spark.hooks.spark_submit.SparkSubmitHook","filename":"spark_submit.py","lineno":643}
{"timestamp":"2026-01-15T01:42:03.708052Z","level":"info","event":"at org.apache.hadoop.conf.Configuration.getClass(Configuration.java:2735)","logger":"airflow.task.hooks.airflow.providers.apache.spark.hooks.spark_submit.SparkSubmitHook","filename":"spark_submit.py","lineno":643}
{"timestamp":"2026-01-15T01:42:03.708063Z","level":"info","event":"... 26 more","logger":"airflow.task.hooks.airflow.providers.apache.spark.hooks.spark_submit.SparkSubmitHook","filename":"spark_submit.py","lineno":643}
{"timestamp":"2026-01-15T01:42:03.708074Z","level":"info","event":"","logger":"airflow.task.hooks.airflow.providers.apache.spark.hooks.spark_submit.SparkSubmitHook","filename":"spark_submit.py","lineno":643}
{"timestamp":"2026-01-15T01:42:03.708089Z","level":"info","event":"26/01/15 01:42:03 INFO SparkContext: SparkContext is stopping with exitCode 0 from stop at NativeMethodAccessorImpl.java:0.","logger":"airflow.task.hooks.airflow.providers.apache.spark.hooks.spark_submit.SparkSubmitHook","filename":"spark_submit.py","lineno":643}
{"timestamp":"2026-01-15T01:42:03.718540Z","level":"info","event":"26/01/15 01:42:03 INFO SparkUI: Stopped Spark web UI at http://f762a9d4202b:4040","logger":"airflow.task.hooks.airflow.providers.apache.spark.hooks.spark_submit.SparkSubmitHook","filename":"spark_submit.py","lineno":643}
{"timestamp":"2026-01-15T01:42:03.719835Z","level":"info","event":"26/01/15 01:42:03 INFO StandaloneSchedulerBackend: Shutting down all executors","logger":"airflow.task.hooks.airflow.providers.apache.spark.hooks.spark_submit.SparkSubmitHook","filename":"spark_submit.py","lineno":643}
{"timestamp":"2026-01-15T01:42:03.720062Z","level":"info","event":"26/01/15 01:42:03 INFO StandaloneSchedulerBackend$StandaloneDriverEndpoint: Asking each executor to shut down","logger":"airflow.task.hooks.airflow.providers.apache.spark.hooks.spark_submit.SparkSubmitHook","filename":"spark_submit.py","lineno":643}
{"timestamp":"2026-01-15T01:42:03.741801Z","level":"info","event":"26/01/15 01:42:03 INFO MapOutputTrackerMasterEndpoint: MapOutputTrackerMasterEndpoint stopped!","logger":"airflow.task.hooks.airflow.providers.apache.spark.hooks.spark_submit.SparkSubmitHook","filename":"spark_submit.py","lineno":643}
{"timestamp":"2026-01-15T01:42:03.754739Z","level":"info","event":"26/01/15 01:42:03 INFO MemoryStore: MemoryStore cleared","logger":"airflow.task.hooks.airflow.providers.apache.spark.hooks.spark_submit.SparkSubmitHook","filename":"spark_submit.py","lineno":643}
{"timestamp":"2026-01-15T01:42:03.754881Z","level":"info","event":"26/01/15 01:42:03 INFO BlockManager: BlockManager stopped","logger":"airflow.task.hooks.airflow.providers.apache.spark.hooks.spark_submit.SparkSubmitHook","filename":"spark_submit.py","lineno":643}
{"timestamp":"2026-01-15T01:42:03.757593Z","level":"info","event":"26/01/15 01:42:03 INFO BlockManagerMaster: BlockManagerMaster stopped","logger":"airflow.task.hooks.airflow.providers.apache.spark.hooks.spark_submit.SparkSubmitHook","filename":"spark_submit.py","lineno":643}
{"timestamp":"2026-01-15T01:42:03.758327Z","level":"info","event":"26/01/15 01:42:03 INFO OutputCommitCoordinator$OutputCommitCoordinatorEndpoint: OutputCommitCoordinator stopped!","logger":"airflow.task.hooks.airflow.providers.apache.spark.hooks.spark_submit.SparkSubmitHook","filename":"spark_submit.py","lineno":643}
{"timestamp":"2026-01-15T01:42:03.763494Z","level":"info","event":"26/01/15 01:42:03 INFO SparkContext: Successfully stopped SparkContext (Uptime: 4695 ms)","logger":"airflow.task.hooks.airflow.providers.apache.spark.hooks.spark_submit.SparkSubmitHook","filename":"spark_submit.py","lineno":643}
{"timestamp":"2026-01-15T01:42:04.644272Z","level":"info","event":"Traceback (most recent call last):","logger":"airflow.task.hooks.airflow.providers.apache.spark.hooks.spark_submit.SparkSubmitHook","filename":"spark_submit.py","lineno":643}
{"timestamp":"2026-01-15T01:42:04.644587Z","level":"info","event":"File \"/opt/spark/jobs/minio.py\", line 41, in <module>","logger":"airflow.task.hooks.airflow.providers.apache.spark.hooks.spark_submit.SparkSubmitHook","filename":"spark_submit.py","lineno":643}
{"timestamp":"2026-01-15T01:42:04.645494Z","level":"info","event":"df.write.mode(\"overwrite\").parquet(output_path)","logger":"airflow.task.hooks.airflow.providers.apache.spark.hooks.spark_submit.SparkSubmitHook","filename":"spark_submit.py","lineno":643}
{"timestamp":"2026-01-15T01:42:04.645596Z","level":"info","event":"File \"/opt/spark-4.1.1-bin-hadoop3/python/lib/pyspark.zip/pyspark/sql/readwriter.py\", line 2003, in parquet","logger":"airflow.task.hooks.airflow.providers.apache.spark.hooks.spark_submit.SparkSubmitHook","filename":"spark_submit.py","lineno":643}
{"timestamp":"2026-01-15T01:42:04.646104Z","level":"info","event":"File \"/opt/spark-4.1.1-bin-hadoop3/python/lib/py4j-0.10.9.9-src.zip/py4j/java_gateway.py\", line 1362, in __call__","logger":"airflow.task.hooks.airflow.providers.apache.spark.hooks.spark_submit.SparkSubmitHook","filename":"spark_submit.py","lineno":643}
{"timestamp":"2026-01-15T01:42:04.646826Z","level":"info","event":"File \"/opt/spark-4.1.1-bin-hadoop3/python/lib/pyspark.zip/pyspark/errors/exceptions/captured.py\", line 263, in deco","logger":"airflow.task.hooks.airflow.providers.apache.spark.hooks.spark_submit.SparkSubmitHook","filename":"spark_submit.py","lineno":643}
{"timestamp":"2026-01-15T01:42:04.647314Z","level":"info","event":"File \"/opt/spark-4.1.1-bin-hadoop3/python/lib/py4j-0.10.9.9-src.zip/py4j/protocol.py\", line 327, in get_return_value","logger":"airflow.task.hooks.airflow.providers.apache.spark.hooks.spark_submit.SparkSubmitHook","filename":"spark_submit.py","lineno":643}
{"timestamp":"2026-01-15T01:42:04.648516Z","level":"info","event":"py4j.protocol.Py4JJavaError: An error occurred while calling o62.parquet.","logger":"airflow.task.hooks.airflow.providers.apache.spark.hooks.spark_submit.SparkSubmitHook","filename":"spark_submit.py","lineno":643}
{"timestamp":"2026-01-15T01:42:04.648624Z","level":"info","event":": java.lang.RuntimeException: java.lang.ClassNotFoundException: Class org.apache.hadoop.fs.s3a.S3AFileSystem not found","logger":"airflow.task.hooks.airflow.providers.apache.spark.hooks.spark_submit.SparkSubmitHook","filename":"spark_submit.py","lineno":643}
{"timestamp":"2026-01-15T01:42:04.648662Z","level":"info","event":"at org.apache.hadoop.conf.Configuration.getClass(Configuration.java:2737)","logger":"airflow.task.hooks.airflow.providers.apache.spark.hooks.spark_submit.SparkSubmitHook","filename":"spark_submit.py","lineno":643}
{"timestamp":"2026-01-15T01:42:04.648692Z","level":"info","event":"at org.apache.hadoop.fs.FileSystem.getFileSystemClass(FileSystem.java:3569)","logger":"airflow.task.hooks.airflow.providers.apache.spark.hooks.spark_submit.SparkSubmitHook","filename":"spark_submit.py","lineno":643}
{"timestamp":"2026-01-15T01:42:04.648720Z","level":"info","event":"at org.apache.hadoop.fs.FileSystem.createFileSystem(FileSystem.java:3612)","logger":"airflow.task.hooks.airflow.providers.apache.spark.hooks.spark_submit.SparkSubmitHook","filename":"spark_submit.py","lineno":643}
{"timestamp":"2026-01-15T01:42:04.648748Z","level":"info","event":"at org.apache.hadoop.fs.FileSystem.access$300(FileSystem.java:172)","logger":"airflow.task.hooks.airflow.providers.apache.spark.hooks.spark_submit.SparkSubmitHook","filename":"spark_submit.py","lineno":643}
{"timestamp":"2026-01-15T01:42:04.648776Z","level":"info","event":"at org.apache.hadoop.fs.FileSystem$Cache.getInternal(FileSystem.java:3716)","logger":"airflow.task.hooks.airflow.providers.apache.spark.hooks.spark_submit.SparkSubmitHook","filename":"spark_submit.py","lineno":643}
{"timestamp":"2026-01-15T01:42:04.648803Z","level":"info","event":"at org.apache.hadoop.fs.FileSystem$Cache.get(FileSystem.java:3667)","logger":"airflow.task.hooks.airflow.providers.apache.spark.hooks.spark_submit.SparkSubmitHook","filename":"spark_submit.py","lineno":643}
{"timestamp":"2026-01-15T01:42:04.648829Z","level":"info","event":"at org.apache.hadoop.fs.FileSystem.get(FileSystem.java:557)","logger":"airflow.task.hooks.airflow.providers.apache.spark.hooks.spark_submit.SparkSubmitHook","filename":"spark_submit.py","lineno":643}
{"timestamp":"2026-01-15T01:42:04.648857Z","level":"info","event":"at org.apache.hadoop.fs.Path.getFileSystem(Path.java:366)","logger":"airflow.task.hooks.airflow.providers.apache.spark.hooks.spark_submit.SparkSubmitHook","filename":"spark_submit.py","lineno":643}
{"timestamp":"2026-01-15T01:42:04.648884Z","level":"info","event":"at org.apache.spark.sql.execution.datasources.DataSource.makeQualified(DataSource.scala:128)","logger":"airflow.task.hooks.airflow.providers.apache.spark.hooks.spark_submit.SparkSubmitHook","filename":"spark_submit.py","lineno":643}
{"timestamp":"2026-01-15T01:42:04.648913Z","level":"info","event":"at org.apache.spark.sql.execution.datasources.DataSource.planForWritingFileFormat(DataSource.scala:471)","logger":"airflow.task.hooks.airflow.providers.apache.spark.hooks.spark_submit.SparkSubmitHook","filename":"spark_submit.py","lineno":643}
{"timestamp":"2026-01-15T01:42:04.648943Z","level":"info","event":"at org.apache.spark.sql.execution.datasources.DataSource.planForWriting(DataSource.scala:559)","logger":"airflow.task.hooks.airflow.providers.apache.spark.hooks.spark_submit.SparkSubmitHook","filename":"spark_submit.py","lineno":643}
{"timestamp":"2026-01-15T01:42:04.648970Z","level":"info","event":"at org.apache.spark.sql.classic.DataFrameWriter.saveToV1SourceCommand(DataFrameWriter.scala:273)","logger":"airflow.task.hooks.airflow.providers.apache.spark.hooks.spark_submit.SparkSubmitHook","filename":"spark_submit.py","lineno":643}
{"timestamp":"2026-01-15T01:42:04.648999Z","level":"info","event":"at org.apache.spark.sql.classic.DataFrameWriter.saveCommand(DataFrameWriter.scala:242)","logger":"airflow.task.hooks.airflow.providers.apache.spark.hooks.spark_submit.SparkSubmitHook","filename":"spark_submit.py","lineno":643}
{"timestamp":"2026-01-15T01:42:04.649030Z","level":"info","event":"at org.apache.spark.sql.classic.DataFrameWriter.save(DataFrameWriter.scala:115)","logger":"airflow.task.hooks.airflow.providers.apache.spark.hooks.spark_submit.SparkSubmitHook","filename":"spark_submit.py","lineno":643}
{"timestamp":"2026-01-15T01:42:04.649058Z","level":"info","event":"at org.apache.spark.sql.DataFrameWriter.parquet(DataFrameWriter.scala:369)","logger":"airflow.task.hooks.airflow.providers.apache.spark.hooks.spark_submit.SparkSubmitHook","filename":"spark_submit.py","lineno":643}
{"timestamp":"2026-01-15T01:42:04.649092Z","level":"info","event":"at java.base/jdk.internal.reflect.NativeMethodAccessorImpl.invoke0(Native Method)","logger":"airflow.task.hooks.airflow.providers.apache.spark.hooks.spark_submit.SparkSubmitHook","filename":"spark_submit.py","lineno":643}
{"timestamp":"2026-01-15T01:42:04.649136Z","level":"info","event":"at java.base/jdk.internal.reflect.NativeMethodAccessorImpl.invoke(NativeMethodAccessorImpl.java:77)","logger":"airflow.task.hooks.airflow.providers.apache.spark.hooks.spark_submit.SparkSubmitHook","filename":"spark_submit.py","lineno":643}
{"timestamp":"2026-01-15T01:42:04.649169Z","level":"info","event":"at java.base/jdk.internal.reflect.DelegatingMethodAccessorImpl.invoke(DelegatingMethodAccessorImpl.java:43)","logger":"airflow.task.hooks.airflow.providers.apache.spark.hooks.spark_submit.SparkSubmitHook","filename":"spark_submit.py","lineno":643}
{"timestamp":"2026-01-15T01:42:04.649197Z","level":"info","event":"at java.base/java.lang.reflect.Method.invoke(Method.java:569)","logger":"airflow.task.hooks.airflow.providers.apache.spark.hooks.spark_submit.SparkSubmitHook","filename":"spark_submit.py","lineno":643}
{"timestamp":"2026-01-15T01:42:04.649224Z","level":"info","event":"at py4j.reflection.MethodInvoker.invoke(MethodInvoker.java:244)","logger":"airflow.task.hooks.airflow.providers.apache.spark.hooks.spark_submit.SparkSubmitHook","filename":"spark_submit.py","lineno":643}
{"timestamp":"2026-01-15T01:42:04.649253Z","level":"info","event":"at py4j.reflection.ReflectionEngine.invoke(ReflectionEngine.java:374)","logger":"airflow.task.hooks.airflow.providers.apache.spark.hooks.spark_submit.SparkSubmitHook","filename":"spark_submit.py","lineno":643}
{"timestamp":"2026-01-15T01:42:04.649281Z","level":"info","event":"at py4j.Gateway.invoke(Gateway.java:282)","logger":"airflow.task.hooks.airflow.providers.apache.spark.hooks.spark_submit.SparkSubmitHook","filename":"spark_submit.py","lineno":643}
{"timestamp":"2026-01-15T01:42:04.649308Z","level":"info","event":"at py4j.commands.AbstractCommand.invokeMethod(AbstractCommand.java:132)","logger":"airflow.task.hooks.airflow.providers.apache.spark.hooks.spark_submit.SparkSubmitHook","filename":"spark_submit.py","lineno":643}
{"timestamp":"2026-01-15T01:42:04.649335Z","level":"info","event":"at py4j.commands.CallCommand.execute(CallCommand.java:79)","logger":"airflow.task.hooks.airflow.providers.apache.spark.hooks.spark_submit.SparkSubmitHook","filename":"spark_submit.py","lineno":643}
{"timestamp":"2026-01-15T01:42:04.649362Z","level":"info","event":"at py4j.ClientServerConnection.waitForCommands(ClientServerConnection.java:184)","logger":"airflow.task.hooks.airflow.providers.apache.spark.hooks.spark_submit.SparkSubmitHook","filename":"spark_submit.py","lineno":643}
{"timestamp":"2026-01-15T01:42:04.649390Z","level":"info","event":"at py4j.ClientServerConnection.run(ClientServerConnection.java:108)","logger":"airflow.task.hooks.airflow.providers.apache.spark.hooks.spark_submit.SparkSubmitHook","filename":"spark_submit.py","lineno":643}
{"timestamp":"2026-01-15T01:42:04.649417Z","level":"info","event":"at java.base/java.lang.Thread.run(Thread.java:840)","logger":"airflow.task.hooks.airflow.providers.apache.spark.hooks.spark_submit.SparkSubmitHook","filename":"spark_submit.py","lineno":643}
{"timestamp":"2026-01-15T01:42:04.649443Z","level":"info","event":"Caused by: java.lang.ClassNotFoundException: Class org.apache.hadoop.fs.s3a.S3AFileSystem not found","logger":"airflow.task.hooks.airflow.providers.apache.spark.hooks.spark_submit.SparkSubmitHook","filename":"spark_submit.py","lineno":643}
{"timestamp":"2026-01-15T01:42:04.649469Z","level":"info","event":"at org.apache.hadoop.conf.Configuration.getClassByName(Configuration.java:2641)","logger":"airflow.task.hooks.airflow.providers.apache.spark.hooks.spark_submit.SparkSubmitHook","filename":"spark_submit.py","lineno":643}
{"timestamp":"2026-01-15T01:42:04.649495Z","level":"info","event":"at org.apache.hadoop.conf.Configuration.getClass(Configuration.java:2735)","logger":"airflow.task.hooks.airflow.providers.apache.spark.hooks.spark_submit.SparkSubmitHook","filename":"spark_submit.py","lineno":643}
{"timestamp":"2026-01-15T01:42:04.649522Z","level":"info","event":"... 26 more","logger":"airflow.task.hooks.airflow.providers.apache.spark.hooks.spark_submit.SparkSubmitHook","filename":"spark_submit.py","lineno":643}
{"timestamp":"2026-01-15T01:42:04.649551Z","level":"info","event":"","logger":"airflow.task.hooks.airflow.providers.apache.spark.hooks.spark_submit.SparkSubmitHook","filename":"spark_submit.py","lineno":643}
{"timestamp":"2026-01-15T01:42:04.731102Z","level":"error","event":"Task failed with exception","logger":"task","filename":"task_runner.py","lineno":1056,"error_detail":[{"exc_type":"AirflowException","exc_value":"Cannot execute: spark-submit --master spark://spark-master:7077 --name minio --verbose --deploy-mode client /opt/spark/jobs/minio.py. Error code is: 1.","exc_notes":[],"syntax_error":null,"is_cause":false,"frames":[{"filename":"/opt/airflow/venv/lib/python3.10/site-packages/airflow/sdk/execution_time/task_runner.py","lineno":1004,"name":"run"},{"filename":"/opt/airflow/venv/lib/python3.10/site-packages/airflow/sdk/execution_time/task_runner.py","lineno":1405,"name":"_execute_task"},{"filename":"/opt/airflow/venv/lib/python3.10/site-packages/airflow/sdk/bases/operator.py","lineno":417,"name":"wrapper"},{"filename":"/opt/airflow/venv/lib/python3.10/site-packages/airflow/providers/apache/spark/operators/spark_submit.py","lineno":195,"name":"execute"},{"filename":"/opt/airflow/venv/lib/python3.10/site-packages/airflow/providers/apache/spark/hooks/spark_submit.py","lineno":565,"name":"submit"}],"is_group":false,"exceptions":[]}]}
