{"timestamp":"2026-01-14T08:28:03.967273Z","level":"info","event":"DAG bundles loaded: dags-folder","logger":"airflow.dag_processing.bundles.manager.DagBundlesManager","filename":"manager.py","lineno":179}
{"timestamp":"2026-01-14T08:28:03.967535Z","level":"info","event":"Filling up the DagBag from /opt/airflow/dags/spark_hello_world.py","logger":"airflow.models.dagbag.DagBag","filename":"dagbag.py","lineno":593}
{"timestamp":"2026-01-14T08:28:04.806862Z","level":"warning","event":"The `airflow.operators.bash.BashOperator` attribute is deprecated. Please use `'airflow.providers.standard.operators.bash.BashOperator'`.","category":"DeprecatedImportWarning","filename":"/opt/airflow/dags/spark_hello_world.py","lineno":4,"logger":"py.warnings"}
{"timestamp":"2026-01-14T08:28:04.822580Z","level":"info","event":"Tmp dir root location: /tmp","logger":"airflow.task.hooks.airflow.providers.standard.hooks.subprocess.SubprocessHook","filename":"subprocess.py","lineno":78}
{"timestamp":"2026-01-14T08:28:04.823232Z","level":"info","event":"Running command: ['/usr/bin/bash', '-c', '\\n        /opt/spark/spark_submit_wrapper.sh         --master spark://spark-master:7077         --deploy-mode client         /opt/spark/jobs/hello_world.py\\n        ']","logger":"airflow.task.hooks.airflow.providers.standard.hooks.subprocess.SubprocessHook","filename":"subprocess.py","lineno":80}
{"timestamp":"2026-01-14T08:28:04.823593Z","level":"info","event":"Output:","logger":"airflow.task.hooks.airflow.providers.standard.hooks.subprocess.SubprocessHook","filename":"subprocess.py","lineno":92}
{"timestamp":"2026-01-14T08:28:04.832186Z","level":"info","event":"========== Spark submit started ==========","logger":"airflow.task.hooks.airflow.providers.standard.hooks.subprocess.SubprocessHook","filename":"subprocess.py","lineno":99}
{"timestamp":"2026-01-14T08:28:04.832269Z","level":"info","event":"Job name   : hello_world","logger":"airflow.task.hooks.airflow.providers.standard.hooks.subprocess.SubprocessHook","filename":"subprocess.py","lineno":99}
{"timestamp":"2026-01-14T08:28:04.832287Z","level":"info","event":"Log file   : /tmp/hello_world_20260114_082804.log","logger":"airflow.task.hooks.airflow.providers.standard.hooks.subprocess.SubprocessHook","filename":"subprocess.py","lineno":99}
{"timestamp":"2026-01-14T08:28:04.832301Z","level":"info","event":"Command    : spark-submit --master spark://spark-master:7077 --deploy-mode client /opt/spark/jobs/hello_world.py","logger":"airflow.task.hooks.airflow.providers.standard.hooks.subprocess.SubprocessHook","filename":"subprocess.py","lineno":99}
{"timestamp":"2026-01-14T08:28:04.832327Z","level":"info","event":"==========================================","logger":"airflow.task.hooks.airflow.providers.standard.hooks.subprocess.SubprocessHook","filename":"subprocess.py","lineno":99}
{"timestamp":"2026-01-14T08:28:10.354852Z","level":"info","event":"Spark job FAILED (exit code=1)","logger":"airflow.task.hooks.airflow.providers.standard.hooks.subprocess.SubprocessHook","filename":"subprocess.py","lineno":99}
{"timestamp":"2026-01-14T08:28:10.355129Z","level":"info","event":"---------- Last 200 lines of log ----------","logger":"airflow.task.hooks.airflow.providers.standard.hooks.subprocess.SubprocessHook","filename":"subprocess.py","lineno":99}
{"timestamp":"2026-01-14T08:28:10.356059Z","level":"info","event":"\tat org.apache.spark.executor.Executor$TaskRunner.$anonfun$run$5(Executor.scala:716)","logger":"airflow.task.hooks.airflow.providers.standard.hooks.subprocess.SubprocessHook","filename":"subprocess.py","lineno":99}
{"timestamp":"2026-01-14T08:28:10.356111Z","level":"info","event":"\tat org.apache.spark.util.SparkErrorUtils.tryWithSafeFinally(SparkErrorUtils.scala:86)","logger":"airflow.task.hooks.airflow.providers.standard.hooks.subprocess.SubprocessHook","filename":"subprocess.py","lineno":99}
{"timestamp":"2026-01-14T08:28:10.356133Z","level":"info","event":"\tat org.apache.spark.util.SparkErrorUtils.tryWithSafeFinally$(SparkErrorUtils.scala:83)","logger":"airflow.task.hooks.airflow.providers.standard.hooks.subprocess.SubprocessHook","filename":"subprocess.py","lineno":99}
{"timestamp":"2026-01-14T08:28:10.356152Z","level":"info","event":"\tat org.apache.spark.util.Utils$.tryWithSafeFinally(Utils.scala:97)","logger":"airflow.task.hooks.airflow.providers.standard.hooks.subprocess.SubprocessHook","filename":"subprocess.py","lineno":99}
{"timestamp":"2026-01-14T08:28:10.356176Z","level":"info","event":"\tat org.apache.spark.executor.Executor$TaskRunner.run(Executor.scala:719)","logger":"airflow.task.hooks.airflow.providers.standard.hooks.subprocess.SubprocessHook","filename":"subprocess.py","lineno":99}
{"timestamp":"2026-01-14T08:28:10.356204Z","level":"info","event":"\tat java.base/java.util.concurrent.ThreadPoolExecutor.runWorker(ThreadPoolExecutor.java:1144)","logger":"airflow.task.hooks.airflow.providers.standard.hooks.subprocess.SubprocessHook","filename":"subprocess.py","lineno":99}
{"timestamp":"2026-01-14T08:28:10.356240Z","level":"info","event":"\tat java.base/java.util.concurrent.ThreadPoolExecutor$Worker.run(ThreadPoolExecutor.java:642)","logger":"airflow.task.hooks.airflow.providers.standard.hooks.subprocess.SubprocessHook","filename":"subprocess.py","lineno":99}
{"timestamp":"2026-01-14T08:28:10.356257Z","level":"info","event":"\tat java.base/java.lang.Thread.run(Thread.java:1583)","logger":"airflow.task.hooks.airflow.providers.standard.hooks.subprocess.SubprocessHook","filename":"subprocess.py","lineno":99}
{"timestamp":"2026-01-14T08:28:10.356278Z","level":"info","event":"","logger":"airflow.task.hooks.airflow.providers.standard.hooks.subprocess.SubprocessHook","filename":"subprocess.py","lineno":99}
{"timestamp":"2026-01-14T08:28:10.356298Z","level":"info","event":"Driver stacktrace:","logger":"airflow.task.hooks.airflow.providers.standard.hooks.subprocess.SubprocessHook","filename":"subprocess.py","lineno":99}
{"timestamp":"2026-01-14T08:28:10.356320Z","level":"info","event":"26/01/14 08:28:09 INFO DAGScheduler: ResultStage 0 (showString at NativeMethodAccessorImpl.java:0) failed in 856 ms due to Job aborted due to stage failure: Task 0 in stage 0.0 failed 4 times, most recent failure: Lost task 0.3 in stage 0.0 (TID 3) (172.18.0.7 executor 0): org.apache.spark.api.python.PythonException: Traceback (most recent call last):","logger":"airflow.task.hooks.airflow.providers.standard.hooks.subprocess.SubprocessHook","filename":"subprocess.py","lineno":99}
{"timestamp":"2026-01-14T08:28:10.356350Z","level":"info","event":"  File \"/opt/spark/python/lib/pyspark.zip/pyspark/worker.py\", line 3305, in main","logger":"airflow.task.hooks.airflow.providers.standard.hooks.subprocess.SubprocessHook","filename":"subprocess.py","lineno":99}
{"timestamp":"2026-01-14T08:28:10.356367Z","level":"info","event":"    check_python_version(infile)","logger":"airflow.task.hooks.airflow.providers.standard.hooks.subprocess.SubprocessHook","filename":"subprocess.py","lineno":99}
{"timestamp":"2026-01-14T08:28:10.356377Z","level":"info","event":"  File \"/opt/spark/python/lib/pyspark.zip/pyspark/worker_util.py\", line 77, in check_python_version","logger":"airflow.task.hooks.airflow.providers.standard.hooks.subprocess.SubprocessHook","filename":"subprocess.py","lineno":99}
{"timestamp":"2026-01-14T08:28:10.356394Z","level":"info","event":"    raise PySparkRuntimeError(","logger":"airflow.task.hooks.airflow.providers.standard.hooks.subprocess.SubprocessHook","filename":"subprocess.py","lineno":99}
{"timestamp":"2026-01-14T08:28:10.356407Z","level":"info","event":"pyspark.errors.exceptions.base.PySparkRuntimeError: [PYTHON_VERSION_MISMATCH] Python in worker has different version: 3.10 than that in driver: 3.12, PySpark cannot run with different minor versions.","logger":"airflow.task.hooks.airflow.providers.standard.hooks.subprocess.SubprocessHook","filename":"subprocess.py","lineno":99}
{"timestamp":"2026-01-14T08:28:10.356424Z","level":"info","event":"Please check environment variables PYSPARK_PYTHON and PYSPARK_DRIVER_PYTHON are correctly set.","logger":"airflow.task.hooks.airflow.providers.standard.hooks.subprocess.SubprocessHook","filename":"subprocess.py","lineno":99}
{"timestamp":"2026-01-14T08:28:10.356438Z","level":"info","event":"","logger":"airflow.task.hooks.airflow.providers.standard.hooks.subprocess.SubprocessHook","filename":"subprocess.py","lineno":99}
{"timestamp":"2026-01-14T08:28:10.356448Z","level":"info","event":"\tat org.apache.spark.api.python.BasePythonRunner$ReaderIterator.handlePythonException(PythonRunner.scala:645)","logger":"airflow.task.hooks.airflow.providers.standard.hooks.subprocess.SubprocessHook","filename":"subprocess.py","lineno":99}
{"timestamp":"2026-01-14T08:28:10.356458Z","level":"info","event":"\tat org.apache.spark.api.python.PythonRunner$$anon$3.read(PythonRunner.scala:1029)","logger":"airflow.task.hooks.airflow.providers.standard.hooks.subprocess.SubprocessHook","filename":"subprocess.py","lineno":99}
{"timestamp":"2026-01-14T08:28:10.356467Z","level":"info","event":"\tat org.apache.spark.api.python.PythonRunner$$anon$3.read(PythonRunner.scala:1014)","logger":"airflow.task.hooks.airflow.providers.standard.hooks.subprocess.SubprocessHook","filename":"subprocess.py","lineno":99}
{"timestamp":"2026-01-14T08:28:10.356476Z","level":"info","event":"\tat org.apache.spark.api.python.BasePythonRunner$ReaderIterator.hasNext(PythonRunner.scala:596)","logger":"airflow.task.hooks.airflow.providers.standard.hooks.subprocess.SubprocessHook","filename":"subprocess.py","lineno":99}
{"timestamp":"2026-01-14T08:28:10.356485Z","level":"info","event":"\tat org.apache.spark.InterruptibleIterator.hasNext(InterruptibleIterator.scala:37)","logger":"airflow.task.hooks.airflow.providers.standard.hooks.subprocess.SubprocessHook","filename":"subprocess.py","lineno":99}
{"timestamp":"2026-01-14T08:28:10.356494Z","level":"info","event":"\tat scala.collection.Iterator$$anon$10.hasNext(Iterator.scala:611)","logger":"airflow.task.hooks.airflow.providers.standard.hooks.subprocess.SubprocessHook","filename":"subprocess.py","lineno":99}
{"timestamp":"2026-01-14T08:28:10.356503Z","level":"info","event":"\tat scala.collection.Iterator$$anon$9.hasNext(Iterator.scala:593)","logger":"airflow.task.hooks.airflow.providers.standard.hooks.subprocess.SubprocessHook","filename":"subprocess.py","lineno":99}
{"timestamp":"2026-01-14T08:28:10.356513Z","level":"info","event":"\tat scala.collection.Iterator$$anon$9.hasNext(Iterator.scala:593)","logger":"airflow.task.hooks.airflow.providers.standard.hooks.subprocess.SubprocessHook","filename":"subprocess.py","lineno":99}
{"timestamp":"2026-01-14T08:28:10.356523Z","level":"info","event":"\tat org.apache.spark.sql.catalyst.expressions.GeneratedClass$GeneratedIteratorForCodegenStage1.processNext(Unknown Source)","logger":"airflow.task.hooks.airflow.providers.standard.hooks.subprocess.SubprocessHook","filename":"subprocess.py","lineno":99}
{"timestamp":"2026-01-14T08:28:10.356539Z","level":"info","event":"\tat org.apache.spark.sql.execution.BufferedRowIterator.hasNext(BufferedRowIterator.java:43)","logger":"airflow.task.hooks.airflow.providers.standard.hooks.subprocess.SubprocessHook","filename":"subprocess.py","lineno":99}
{"timestamp":"2026-01-14T08:28:10.356553Z","level":"info","event":"\tat org.apache.spark.sql.execution.WholeStageCodegenEvaluatorFactory$WholeStageCodegenPartitionEvaluator$$anon$1.hasNext(WholeStageCodegenEvaluatorFactory.scala:50)","logger":"airflow.task.hooks.airflow.providers.standard.hooks.subprocess.SubprocessHook","filename":"subprocess.py","lineno":99}
{"timestamp":"2026-01-14T08:28:10.356562Z","level":"info","event":"\tat org.apache.spark.sql.execution.SparkPlan.$anonfun$getByteArrayRdd$1(SparkPlan.scala:402)","logger":"airflow.task.hooks.airflow.providers.standard.hooks.subprocess.SubprocessHook","filename":"subprocess.py","lineno":99}
{"timestamp":"2026-01-14T08:28:10.356572Z","level":"info","event":"\tat org.apache.spark.rdd.RDD.$anonfun$mapPartitionsInternal$2(RDD.scala:901)","logger":"airflow.task.hooks.airflow.providers.standard.hooks.subprocess.SubprocessHook","filename":"subprocess.py","lineno":99}
{"timestamp":"2026-01-14T08:28:10.356581Z","level":"info","event":"\tat org.apache.spark.rdd.RDD.$anonfun$mapPartitionsInternal$2$adapted(RDD.scala:901)","logger":"airflow.task.hooks.airflow.providers.standard.hooks.subprocess.SubprocessHook","filename":"subprocess.py","lineno":99}
{"timestamp":"2026-01-14T08:28:10.356590Z","level":"info","event":"\tat org.apache.spark.rdd.MapPartitionsRDD.compute(MapPartitionsRDD.scala:52)","logger":"airflow.task.hooks.airflow.providers.standard.hooks.subprocess.SubprocessHook","filename":"subprocess.py","lineno":99}
{"timestamp":"2026-01-14T08:28:10.356599Z","level":"info","event":"\tat org.apache.spark.rdd.RDD.computeOrReadCheckpoint(RDD.scala:374)","logger":"airflow.task.hooks.airflow.providers.standard.hooks.subprocess.SubprocessHook","filename":"subprocess.py","lineno":99}
{"timestamp":"2026-01-14T08:28:10.356609Z","level":"info","event":"\tat org.apache.spark.rdd.RDD.iterator(RDD.scala:338)","logger":"airflow.task.hooks.airflow.providers.standard.hooks.subprocess.SubprocessHook","filename":"subprocess.py","lineno":99}
{"timestamp":"2026-01-14T08:28:10.356618Z","level":"info","event":"\tat org.apache.spark.scheduler.ResultTask.runTask(ResultTask.scala:93)","logger":"airflow.task.hooks.airflow.providers.standard.hooks.subprocess.SubprocessHook","filename":"subprocess.py","lineno":99}
{"timestamp":"2026-01-14T08:28:10.356627Z","level":"info","event":"\tat org.apache.spark.TaskContext.runTaskWithListeners(TaskContext.scala:180)","logger":"airflow.task.hooks.airflow.providers.standard.hooks.subprocess.SubprocessHook","filename":"subprocess.py","lineno":99}
{"timestamp":"2026-01-14T08:28:10.356636Z","level":"info","event":"\tat org.apache.spark.scheduler.Task.run(Task.scala:147)","logger":"airflow.task.hooks.airflow.providers.standard.hooks.subprocess.SubprocessHook","filename":"subprocess.py","lineno":99}
{"timestamp":"2026-01-14T08:28:10.356645Z","level":"info","event":"\tat org.apache.spark.executor.Executor$TaskRunner.$anonfun$run$5(Executor.scala:716)","logger":"airflow.task.hooks.airflow.providers.standard.hooks.subprocess.SubprocessHook","filename":"subprocess.py","lineno":99}
{"timestamp":"2026-01-14T08:28:10.356654Z","level":"info","event":"\tat org.apache.spark.util.SparkErrorUtils.tryWithSafeFinally(SparkErrorUtils.scala:86)","logger":"airflow.task.hooks.airflow.providers.standard.hooks.subprocess.SubprocessHook","filename":"subprocess.py","lineno":99}
{"timestamp":"2026-01-14T08:28:10.356667Z","level":"info","event":"\tat org.apache.spark.util.SparkErrorUtils.tryWithSafeFinally$(SparkErrorUtils.scala:83)","logger":"airflow.task.hooks.airflow.providers.standard.hooks.subprocess.SubprocessHook","filename":"subprocess.py","lineno":99}
{"timestamp":"2026-01-14T08:28:10.356676Z","level":"info","event":"\tat org.apache.spark.util.Utils$.tryWithSafeFinally(Utils.scala:97)","logger":"airflow.task.hooks.airflow.providers.standard.hooks.subprocess.SubprocessHook","filename":"subprocess.py","lineno":99}
{"timestamp":"2026-01-14T08:28:10.356685Z","level":"info","event":"\tat org.apache.spark.executor.Executor$TaskRunner.run(Executor.scala:719)","logger":"airflow.task.hooks.airflow.providers.standard.hooks.subprocess.SubprocessHook","filename":"subprocess.py","lineno":99}
{"timestamp":"2026-01-14T08:28:10.356694Z","level":"info","event":"\tat java.base/java.util.concurrent.ThreadPoolExecutor.runWorker(ThreadPoolExecutor.java:1144)","logger":"airflow.task.hooks.airflow.providers.standard.hooks.subprocess.SubprocessHook","filename":"subprocess.py","lineno":99}
{"timestamp":"2026-01-14T08:28:10.356703Z","level":"info","event":"\tat java.base/java.util.concurrent.ThreadPoolExecutor$Worker.run(ThreadPoolExecutor.java:642)","logger":"airflow.task.hooks.airflow.providers.standard.hooks.subprocess.SubprocessHook","filename":"subprocess.py","lineno":99}
{"timestamp":"2026-01-14T08:28:10.356712Z","level":"info","event":"\tat java.base/java.lang.Thread.run(Thread.java:1583)","logger":"airflow.task.hooks.airflow.providers.standard.hooks.subprocess.SubprocessHook","filename":"subprocess.py","lineno":99}
{"timestamp":"2026-01-14T08:28:10.356721Z","level":"info","event":"","logger":"airflow.task.hooks.airflow.providers.standard.hooks.subprocess.SubprocessHook","filename":"subprocess.py","lineno":99}
{"timestamp":"2026-01-14T08:28:10.356731Z","level":"info","event":"Driver stacktrace:","logger":"airflow.task.hooks.airflow.providers.standard.hooks.subprocess.SubprocessHook","filename":"subprocess.py","lineno":99}
{"timestamp":"2026-01-14T08:28:10.356750Z","level":"info","event":"26/01/14 08:28:09 INFO DAGScheduler: Job 0 failed: showString at NativeMethodAccessorImpl.java:0, took 870.633959 ms","logger":"airflow.task.hooks.airflow.providers.standard.hooks.subprocess.SubprocessHook","filename":"subprocess.py","lineno":99}
{"timestamp":"2026-01-14T08:28:10.356769Z","level":"info","event":"===SPARK_JOB_FAILED===","logger":"airflow.task.hooks.airflow.providers.standard.hooks.subprocess.SubprocessHook","filename":"subprocess.py","lineno":99}
{"timestamp":"2026-01-14T08:28:10.356790Z","level":"info","event":"26/01/14 08:28:09 INFO SparkContext: SparkContext is stopping with exitCode 0 from stop at NativeMethodAccessorImpl.java:0.","logger":"airflow.task.hooks.airflow.providers.standard.hooks.subprocess.SubprocessHook","filename":"subprocess.py","lineno":99}
{"timestamp":"2026-01-14T08:28:10.356811Z","level":"info","event":"26/01/14 08:28:09 INFO SparkUI: Stopped Spark web UI at http://d774ae12bdee:4040","logger":"airflow.task.hooks.airflow.providers.standard.hooks.subprocess.SubprocessHook","filename":"subprocess.py","lineno":99}
{"timestamp":"2026-01-14T08:28:10.356820Z","level":"info","event":"26/01/14 08:28:09 INFO StandaloneSchedulerBackend: Shutting down all executors","logger":"airflow.task.hooks.airflow.providers.standard.hooks.subprocess.SubprocessHook","filename":"subprocess.py","lineno":99}
{"timestamp":"2026-01-14T08:28:10.356830Z","level":"info","event":"26/01/14 08:28:09 INFO StandaloneSchedulerBackend$StandaloneDriverEndpoint: Asking each executor to shut down","logger":"airflow.task.hooks.airflow.providers.standard.hooks.subprocess.SubprocessHook","filename":"subprocess.py","lineno":99}
{"timestamp":"2026-01-14T08:28:10.356839Z","level":"info","event":"26/01/14 08:28:09 INFO MapOutputTrackerMasterEndpoint: MapOutputTrackerMasterEndpoint stopped!","logger":"airflow.task.hooks.airflow.providers.standard.hooks.subprocess.SubprocessHook","filename":"subprocess.py","lineno":99}
{"timestamp":"2026-01-14T08:28:10.356849Z","level":"info","event":"26/01/14 08:28:09 INFO MemoryStore: MemoryStore cleared","logger":"airflow.task.hooks.airflow.providers.standard.hooks.subprocess.SubprocessHook","filename":"subprocess.py","lineno":99}
{"timestamp":"2026-01-14T08:28:10.356858Z","level":"info","event":"26/01/14 08:28:09 INFO BlockManager: BlockManager stopped","logger":"airflow.task.hooks.airflow.providers.standard.hooks.subprocess.SubprocessHook","filename":"subprocess.py","lineno":99}
{"timestamp":"2026-01-14T08:28:10.356877Z","level":"info","event":"26/01/14 08:28:09 INFO BlockManagerMaster: BlockManagerMaster stopped","logger":"airflow.task.hooks.airflow.providers.standard.hooks.subprocess.SubprocessHook","filename":"subprocess.py","lineno":99}
{"timestamp":"2026-01-14T08:28:10.356888Z","level":"info","event":"26/01/14 08:28:09 INFO OutputCommitCoordinator$OutputCommitCoordinatorEndpoint: OutputCommitCoordinator stopped!","logger":"airflow.task.hooks.airflow.providers.standard.hooks.subprocess.SubprocessHook","filename":"subprocess.py","lineno":99}
{"timestamp":"2026-01-14T08:28:10.356898Z","level":"info","event":"26/01/14 08:28:10 INFO SparkContext: Successfully stopped SparkContext (Uptime: 3411 ms)","logger":"airflow.task.hooks.airflow.providers.standard.hooks.subprocess.SubprocessHook","filename":"subprocess.py","lineno":99}
{"timestamp":"2026-01-14T08:28:10.356907Z","level":"info","event":"Traceback (most recent call last):","logger":"airflow.task.hooks.airflow.providers.standard.hooks.subprocess.SubprocessHook","filename":"subprocess.py","lineno":99}
{"timestamp":"2026-01-14T08:28:10.356916Z","level":"info","event":"  File \"/opt/spark/jobs/hello_world.py\", line 13, in <module>","logger":"airflow.task.hooks.airflow.providers.standard.hooks.subprocess.SubprocessHook","filename":"subprocess.py","lineno":99}
{"timestamp":"2026-01-14T08:28:10.356925Z","level":"info","event":"    df.show()","logger":"airflow.task.hooks.airflow.providers.standard.hooks.subprocess.SubprocessHook","filename":"subprocess.py","lineno":99}
{"timestamp":"2026-01-14T08:28:10.356946Z","level":"info","event":"  File \"/opt/spark-4.1.1-bin-hadoop3/python/lib/pyspark.zip/pyspark/sql/classic/dataframe.py\", line 285, in show","logger":"airflow.task.hooks.airflow.providers.standard.hooks.subprocess.SubprocessHook","filename":"subprocess.py","lineno":99}
{"timestamp":"2026-01-14T08:28:10.356956Z","level":"info","event":"  File \"/opt/spark-4.1.1-bin-hadoop3/python/lib/pyspark.zip/pyspark/sql/classic/dataframe.py\", line 303, in _show_string","logger":"airflow.task.hooks.airflow.providers.standard.hooks.subprocess.SubprocessHook","filename":"subprocess.py","lineno":99}
{"timestamp":"2026-01-14T08:28:10.356965Z","level":"info","event":"  File \"/opt/spark-4.1.1-bin-hadoop3/python/lib/py4j-0.10.9.9-src.zip/py4j/java_gateway.py\", line 1362, in __call__","logger":"airflow.task.hooks.airflow.providers.standard.hooks.subprocess.SubprocessHook","filename":"subprocess.py","lineno":99}
{"timestamp":"2026-01-14T08:28:10.356975Z","level":"info","event":"  File \"/opt/spark-4.1.1-bin-hadoop3/python/lib/pyspark.zip/pyspark/errors/exceptions/captured.py\", line 263, in deco","logger":"airflow.task.hooks.airflow.providers.standard.hooks.subprocess.SubprocessHook","filename":"subprocess.py","lineno":99}
{"timestamp":"2026-01-14T08:28:10.356985Z","level":"info","event":"  File \"/opt/spark-4.1.1-bin-hadoop3/python/lib/py4j-0.10.9.9-src.zip/py4j/protocol.py\", line 327, in get_return_value","logger":"airflow.task.hooks.airflow.providers.standard.hooks.subprocess.SubprocessHook","filename":"subprocess.py","lineno":99}
{"timestamp":"2026-01-14T08:28:10.356994Z","level":"info","event":"py4j.protocol.Py4JJavaError: An error occurred while calling o46.showString.","logger":"airflow.task.hooks.airflow.providers.standard.hooks.subprocess.SubprocessHook","filename":"subprocess.py","lineno":99}
{"timestamp":"2026-01-14T08:28:10.357004Z","level":"info","event":": org.apache.spark.SparkException: Job aborted due to stage failure: Task 0 in stage 0.0 failed 4 times, most recent failure: Lost task 0.3 in stage 0.0 (TID 3) (172.18.0.7 executor 0): org.apache.spark.api.python.PythonException: Traceback (most recent call last):","logger":"airflow.task.hooks.airflow.providers.standard.hooks.subprocess.SubprocessHook","filename":"subprocess.py","lineno":99}
{"timestamp":"2026-01-14T08:28:10.357029Z","level":"info","event":"  File \"/opt/spark/python/lib/pyspark.zip/pyspark/worker.py\", line 3305, in main","logger":"airflow.task.hooks.airflow.providers.standard.hooks.subprocess.SubprocessHook","filename":"subprocess.py","lineno":99}
{"timestamp":"2026-01-14T08:28:10.357042Z","level":"info","event":"    check_python_version(infile)","logger":"airflow.task.hooks.airflow.providers.standard.hooks.subprocess.SubprocessHook","filename":"subprocess.py","lineno":99}
{"timestamp":"2026-01-14T08:28:10.357052Z","level":"info","event":"  File \"/opt/spark/python/lib/pyspark.zip/pyspark/worker_util.py\", line 77, in check_python_version","logger":"airflow.task.hooks.airflow.providers.standard.hooks.subprocess.SubprocessHook","filename":"subprocess.py","lineno":99}
{"timestamp":"2026-01-14T08:28:10.357062Z","level":"info","event":"    raise PySparkRuntimeError(","logger":"airflow.task.hooks.airflow.providers.standard.hooks.subprocess.SubprocessHook","filename":"subprocess.py","lineno":99}
{"timestamp":"2026-01-14T08:28:10.357071Z","level":"info","event":"pyspark.errors.exceptions.base.PySparkRuntimeError: [PYTHON_VERSION_MISMATCH] Python in worker has different version: 3.10 than that in driver: 3.12, PySpark cannot run with different minor versions.","logger":"airflow.task.hooks.airflow.providers.standard.hooks.subprocess.SubprocessHook","filename":"subprocess.py","lineno":99}
{"timestamp":"2026-01-14T08:28:10.357080Z","level":"info","event":"Please check environment variables PYSPARK_PYTHON and PYSPARK_DRIVER_PYTHON are correctly set.","logger":"airflow.task.hooks.airflow.providers.standard.hooks.subprocess.SubprocessHook","filename":"subprocess.py","lineno":99}
{"timestamp":"2026-01-14T08:28:10.357090Z","level":"info","event":"","logger":"airflow.task.hooks.airflow.providers.standard.hooks.subprocess.SubprocessHook","filename":"subprocess.py","lineno":99}
{"timestamp":"2026-01-14T08:28:10.357099Z","level":"info","event":"\tat org.apache.spark.api.python.BasePythonRunner$ReaderIterator.handlePythonException(PythonRunner.scala:645)","logger":"airflow.task.hooks.airflow.providers.standard.hooks.subprocess.SubprocessHook","filename":"subprocess.py","lineno":99}
{"timestamp":"2026-01-14T08:28:10.357109Z","level":"info","event":"\tat org.apache.spark.api.python.PythonRunner$$anon$3.read(PythonRunner.scala:1029)","logger":"airflow.task.hooks.airflow.providers.standard.hooks.subprocess.SubprocessHook","filename":"subprocess.py","lineno":99}
{"timestamp":"2026-01-14T08:28:10.357118Z","level":"info","event":"\tat org.apache.spark.api.python.PythonRunner$$anon$3.read(PythonRunner.scala:1014)","logger":"airflow.task.hooks.airflow.providers.standard.hooks.subprocess.SubprocessHook","filename":"subprocess.py","lineno":99}
{"timestamp":"2026-01-14T08:28:10.357127Z","level":"info","event":"\tat org.apache.spark.api.python.BasePythonRunner$ReaderIterator.hasNext(PythonRunner.scala:596)","logger":"airflow.task.hooks.airflow.providers.standard.hooks.subprocess.SubprocessHook","filename":"subprocess.py","lineno":99}
{"timestamp":"2026-01-14T08:28:10.357136Z","level":"info","event":"\tat org.apache.spark.InterruptibleIterator.hasNext(InterruptibleIterator.scala:37)","logger":"airflow.task.hooks.airflow.providers.standard.hooks.subprocess.SubprocessHook","filename":"subprocess.py","lineno":99}
{"timestamp":"2026-01-14T08:28:10.357147Z","level":"info","event":"\tat scala.collection.Iterator$$anon$10.hasNext(Iterator.scala:611)","logger":"airflow.task.hooks.airflow.providers.standard.hooks.subprocess.SubprocessHook","filename":"subprocess.py","lineno":99}
{"timestamp":"2026-01-14T08:28:10.357171Z","level":"info","event":"\tat scala.collection.Iterator$$anon$9.hasNext(Iterator.scala:593)","logger":"airflow.task.hooks.airflow.providers.standard.hooks.subprocess.SubprocessHook","filename":"subprocess.py","lineno":99}
{"timestamp":"2026-01-14T08:28:10.357180Z","level":"info","event":"\tat scala.collection.Iterator$$anon$9.hasNext(Iterator.scala:593)","logger":"airflow.task.hooks.airflow.providers.standard.hooks.subprocess.SubprocessHook","filename":"subprocess.py","lineno":99}
{"timestamp":"2026-01-14T08:28:10.357189Z","level":"info","event":"\tat org.apache.spark.sql.catalyst.expressions.GeneratedClass$GeneratedIteratorForCodegenStage1.processNext(Unknown Source)","logger":"airflow.task.hooks.airflow.providers.standard.hooks.subprocess.SubprocessHook","filename":"subprocess.py","lineno":99}
{"timestamp":"2026-01-14T08:28:10.357198Z","level":"info","event":"\tat org.apache.spark.sql.execution.BufferedRowIterator.hasNext(BufferedRowIterator.java:43)","logger":"airflow.task.hooks.airflow.providers.standard.hooks.subprocess.SubprocessHook","filename":"subprocess.py","lineno":99}
{"timestamp":"2026-01-14T08:28:10.357207Z","level":"info","event":"\tat org.apache.spark.sql.execution.WholeStageCodegenEvaluatorFactory$WholeStageCodegenPartitionEvaluator$$anon$1.hasNext(WholeStageCodegenEvaluatorFactory.scala:50)","logger":"airflow.task.hooks.airflow.providers.standard.hooks.subprocess.SubprocessHook","filename":"subprocess.py","lineno":99}
{"timestamp":"2026-01-14T08:28:10.357216Z","level":"info","event":"\tat org.apache.spark.sql.execution.SparkPlan.$anonfun$getByteArrayRdd$1(SparkPlan.scala:402)","logger":"airflow.task.hooks.airflow.providers.standard.hooks.subprocess.SubprocessHook","filename":"subprocess.py","lineno":99}
{"timestamp":"2026-01-14T08:28:10.357225Z","level":"info","event":"\tat org.apache.spark.rdd.RDD.$anonfun$mapPartitionsInternal$2(RDD.scala:901)","logger":"airflow.task.hooks.airflow.providers.standard.hooks.subprocess.SubprocessHook","filename":"subprocess.py","lineno":99}
{"timestamp":"2026-01-14T08:28:10.357234Z","level":"info","event":"\tat org.apache.spark.rdd.RDD.$anonfun$mapPartitionsInternal$2$adapted(RDD.scala:901)","logger":"airflow.task.hooks.airflow.providers.standard.hooks.subprocess.SubprocessHook","filename":"subprocess.py","lineno":99}
{"timestamp":"2026-01-14T08:28:10.357243Z","level":"info","event":"\tat org.apache.spark.rdd.MapPartitionsRDD.compute(MapPartitionsRDD.scala:52)","logger":"airflow.task.hooks.airflow.providers.standard.hooks.subprocess.SubprocessHook","filename":"subprocess.py","lineno":99}
{"timestamp":"2026-01-14T08:28:10.357252Z","level":"info","event":"\tat org.apache.spark.rdd.RDD.computeOrReadCheckpoint(RDD.scala:374)","logger":"airflow.task.hooks.airflow.providers.standard.hooks.subprocess.SubprocessHook","filename":"subprocess.py","lineno":99}
{"timestamp":"2026-01-14T08:28:10.357260Z","level":"info","event":"\tat org.apache.spark.rdd.RDD.iterator(RDD.scala:338)","logger":"airflow.task.hooks.airflow.providers.standard.hooks.subprocess.SubprocessHook","filename":"subprocess.py","lineno":99}
{"timestamp":"2026-01-14T08:28:10.357269Z","level":"info","event":"\tat org.apache.spark.scheduler.ResultTask.runTask(ResultTask.scala:93)","logger":"airflow.task.hooks.airflow.providers.standard.hooks.subprocess.SubprocessHook","filename":"subprocess.py","lineno":99}
{"timestamp":"2026-01-14T08:28:10.357277Z","level":"info","event":"\tat org.apache.spark.TaskContext.runTaskWithListeners(TaskContext.scala:180)","logger":"airflow.task.hooks.airflow.providers.standard.hooks.subprocess.SubprocessHook","filename":"subprocess.py","lineno":99}
{"timestamp":"2026-01-14T08:28:10.357288Z","level":"info","event":"\tat org.apache.spark.scheduler.Task.run(Task.scala:147)","logger":"airflow.task.hooks.airflow.providers.standard.hooks.subprocess.SubprocessHook","filename":"subprocess.py","lineno":99}
{"timestamp":"2026-01-14T08:28:10.357298Z","level":"info","event":"\tat org.apache.spark.executor.Executor$TaskRunner.$anonfun$run$5(Executor.scala:716)","logger":"airflow.task.hooks.airflow.providers.standard.hooks.subprocess.SubprocessHook","filename":"subprocess.py","lineno":99}
{"timestamp":"2026-01-14T08:28:10.357306Z","level":"info","event":"\tat org.apache.spark.util.SparkErrorUtils.tryWithSafeFinally(SparkErrorUtils.scala:86)","logger":"airflow.task.hooks.airflow.providers.standard.hooks.subprocess.SubprocessHook","filename":"subprocess.py","lineno":99}
{"timestamp":"2026-01-14T08:28:10.357315Z","level":"info","event":"\tat org.apache.spark.util.SparkErrorUtils.tryWithSafeFinally$(SparkErrorUtils.scala:83)","logger":"airflow.task.hooks.airflow.providers.standard.hooks.subprocess.SubprocessHook","filename":"subprocess.py","lineno":99}
{"timestamp":"2026-01-14T08:28:10.357324Z","level":"info","event":"\tat org.apache.spark.util.Utils$.tryWithSafeFinally(Utils.scala:97)","logger":"airflow.task.hooks.airflow.providers.standard.hooks.subprocess.SubprocessHook","filename":"subprocess.py","lineno":99}
{"timestamp":"2026-01-14T08:28:10.357332Z","level":"info","event":"\tat org.apache.spark.executor.Executor$TaskRunner.run(Executor.scala:719)","logger":"airflow.task.hooks.airflow.providers.standard.hooks.subprocess.SubprocessHook","filename":"subprocess.py","lineno":99}
{"timestamp":"2026-01-14T08:28:10.357341Z","level":"info","event":"\tat java.base/java.util.concurrent.ThreadPoolExecutor.runWorker(ThreadPoolExecutor.java:1144)","logger":"airflow.task.hooks.airflow.providers.standard.hooks.subprocess.SubprocessHook","filename":"subprocess.py","lineno":99}
{"timestamp":"2026-01-14T08:28:10.357350Z","level":"info","event":"\tat java.base/java.util.concurrent.ThreadPoolExecutor$Worker.run(ThreadPoolExecutor.java:642)","logger":"airflow.task.hooks.airflow.providers.standard.hooks.subprocess.SubprocessHook","filename":"subprocess.py","lineno":99}
{"timestamp":"2026-01-14T08:28:10.357359Z","level":"info","event":"\tat java.base/java.lang.Thread.run(Thread.java:1583)","logger":"airflow.task.hooks.airflow.providers.standard.hooks.subprocess.SubprocessHook","filename":"subprocess.py","lineno":99}
{"timestamp":"2026-01-14T08:28:10.357367Z","level":"info","event":"","logger":"airflow.task.hooks.airflow.providers.standard.hooks.subprocess.SubprocessHook","filename":"subprocess.py","lineno":99}
{"timestamp":"2026-01-14T08:28:10.357376Z","level":"info","event":"Driver stacktrace:","logger":"airflow.task.hooks.airflow.providers.standard.hooks.subprocess.SubprocessHook","filename":"subprocess.py","lineno":99}
{"timestamp":"2026-01-14T08:28:10.357396Z","level":"info","event":"\tat org.apache.spark.scheduler.DAGScheduler.$anonfun$abortStage$3(DAGScheduler.scala:3122)","logger":"airflow.task.hooks.airflow.providers.standard.hooks.subprocess.SubprocessHook","filename":"subprocess.py","lineno":99}
{"timestamp":"2026-01-14T08:28:10.357406Z","level":"info","event":"\tat scala.Option.getOrElse(Option.scala:201)","logger":"airflow.task.hooks.airflow.providers.standard.hooks.subprocess.SubprocessHook","filename":"subprocess.py","lineno":99}
{"timestamp":"2026-01-14T08:28:10.357414Z","level":"info","event":"\tat org.apache.spark.scheduler.DAGScheduler.$anonfun$abortStage$2(DAGScheduler.scala:3122)","logger":"airflow.task.hooks.airflow.providers.standard.hooks.subprocess.SubprocessHook","filename":"subprocess.py","lineno":99}
{"timestamp":"2026-01-14T08:28:10.357424Z","level":"info","event":"\tat org.apache.spark.scheduler.DAGScheduler.$anonfun$abortStage$2$adapted(DAGScheduler.scala:3114)","logger":"airflow.task.hooks.airflow.providers.standard.hooks.subprocess.SubprocessHook","filename":"subprocess.py","lineno":99}
{"timestamp":"2026-01-14T08:28:10.357432Z","level":"info","event":"\tat scala.collection.immutable.List.foreach(List.scala:323)","logger":"airflow.task.hooks.airflow.providers.standard.hooks.subprocess.SubprocessHook","filename":"subprocess.py","lineno":99}
{"timestamp":"2026-01-14T08:28:10.357441Z","level":"info","event":"\tat org.apache.spark.scheduler.DAGScheduler.abortStage(DAGScheduler.scala:3114)","logger":"airflow.task.hooks.airflow.providers.standard.hooks.subprocess.SubprocessHook","filename":"subprocess.py","lineno":99}
{"timestamp":"2026-01-14T08:28:10.357449Z","level":"info","event":"\tat org.apache.spark.scheduler.DAGScheduler.$anonfun$handleTaskSetFailed$1(DAGScheduler.scala:1303)","logger":"airflow.task.hooks.airflow.providers.standard.hooks.subprocess.SubprocessHook","filename":"subprocess.py","lineno":99}
{"timestamp":"2026-01-14T08:28:10.357458Z","level":"info","event":"\tat org.apache.spark.scheduler.DAGScheduler.$anonfun$handleTaskSetFailed$1$adapted(DAGScheduler.scala:1303)","logger":"airflow.task.hooks.airflow.providers.standard.hooks.subprocess.SubprocessHook","filename":"subprocess.py","lineno":99}
{"timestamp":"2026-01-14T08:28:10.357467Z","level":"info","event":"\tat scala.Option.foreach(Option.scala:437)","logger":"airflow.task.hooks.airflow.providers.standard.hooks.subprocess.SubprocessHook","filename":"subprocess.py","lineno":99}
{"timestamp":"2026-01-14T08:28:10.357475Z","level":"info","event":"\tat org.apache.spark.scheduler.DAGScheduler.handleTaskSetFailed(DAGScheduler.scala:1303)","logger":"airflow.task.hooks.airflow.providers.standard.hooks.subprocess.SubprocessHook","filename":"subprocess.py","lineno":99}
{"timestamp":"2026-01-14T08:28:10.357484Z","level":"info","event":"\tat org.apache.spark.scheduler.DAGSchedulerEventProcessLoop.doOnReceive(DAGScheduler.scala:3397)","logger":"airflow.task.hooks.airflow.providers.standard.hooks.subprocess.SubprocessHook","filename":"subprocess.py","lineno":99}
{"timestamp":"2026-01-14T08:28:10.357493Z","level":"info","event":"\tat org.apache.spark.scheduler.DAGSchedulerEventProcessLoop.onReceive(DAGScheduler.scala:3328)","logger":"airflow.task.hooks.airflow.providers.standard.hooks.subprocess.SubprocessHook","filename":"subprocess.py","lineno":99}
{"timestamp":"2026-01-14T08:28:10.357501Z","level":"info","event":"\tat org.apache.spark.scheduler.DAGSchedulerEventProcessLoop.onReceive(DAGScheduler.scala:3317)","logger":"airflow.task.hooks.airflow.providers.standard.hooks.subprocess.SubprocessHook","filename":"subprocess.py","lineno":99}
{"timestamp":"2026-01-14T08:28:10.357510Z","level":"info","event":"\tat org.apache.spark.util.EventLoop$$anon$1.run(EventLoop.scala:50)","logger":"airflow.task.hooks.airflow.providers.standard.hooks.subprocess.SubprocessHook","filename":"subprocess.py","lineno":99}
{"timestamp":"2026-01-14T08:28:10.357518Z","level":"info","event":"\tat org.apache.spark.scheduler.DAGScheduler.runJob(DAGScheduler.scala:1017)","logger":"airflow.task.hooks.airflow.providers.standard.hooks.subprocess.SubprocessHook","filename":"subprocess.py","lineno":99}
{"timestamp":"2026-01-14T08:28:10.357527Z","level":"info","event":"\tat org.apache.spark.SparkContext.runJob(SparkContext.scala:2496)","logger":"airflow.task.hooks.airflow.providers.standard.hooks.subprocess.SubprocessHook","filename":"subprocess.py","lineno":99}
{"timestamp":"2026-01-14T08:28:10.357536Z","level":"info","event":"\tat org.apache.spark.SparkContext.runJob(SparkContext.scala:2517)","logger":"airflow.task.hooks.airflow.providers.standard.hooks.subprocess.SubprocessHook","filename":"subprocess.py","lineno":99}
{"timestamp":"2026-01-14T08:28:10.357544Z","level":"info","event":"\tat org.apache.spark.SparkContext.runJob(SparkContext.scala:2536)","logger":"airflow.task.hooks.airflow.providers.standard.hooks.subprocess.SubprocessHook","filename":"subprocess.py","lineno":99}
{"timestamp":"2026-01-14T08:28:10.357553Z","level":"info","event":"\tat org.apache.spark.sql.execution.SparkPlan.executeTake(SparkPlan.scala:544)","logger":"airflow.task.hooks.airflow.providers.standard.hooks.subprocess.SubprocessHook","filename":"subprocess.py","lineno":99}
{"timestamp":"2026-01-14T08:28:10.357562Z","level":"info","event":"\tat org.apache.spark.sql.execution.SparkPlan.executeTake(SparkPlan.scala:497)","logger":"airflow.task.hooks.airflow.providers.standard.hooks.subprocess.SubprocessHook","filename":"subprocess.py","lineno":99}
{"timestamp":"2026-01-14T08:28:10.357570Z","level":"info","event":"\tat org.apache.spark.sql.execution.CollectLimitExec.executeCollect(limit.scala:58)","logger":"airflow.task.hooks.airflow.providers.standard.hooks.subprocess.SubprocessHook","filename":"subprocess.py","lineno":99}
{"timestamp":"2026-01-14T08:28:10.357579Z","level":"info","event":"\tat org.apache.spark.sql.classic.Dataset.collectFromPlan(Dataset.scala:2275)","logger":"airflow.task.hooks.airflow.providers.standard.hooks.subprocess.SubprocessHook","filename":"subprocess.py","lineno":99}
{"timestamp":"2026-01-14T08:28:10.357588Z","level":"info","event":"\tat org.apache.spark.sql.classic.Dataset.$anonfun$head$1(Dataset.scala:1401)","logger":"airflow.task.hooks.airflow.providers.standard.hooks.subprocess.SubprocessHook","filename":"subprocess.py","lineno":99}
{"timestamp":"2026-01-14T08:28:10.357596Z","level":"info","event":"\tat org.apache.spark.sql.classic.Dataset.$anonfun$withAction$2(Dataset.scala:2265)","logger":"airflow.task.hooks.airflow.providers.standard.hooks.subprocess.SubprocessHook","filename":"subprocess.py","lineno":99}
{"timestamp":"2026-01-14T08:28:10.357605Z","level":"info","event":"\tat org.apache.spark.sql.execution.QueryExecution$.withInternalError(QueryExecution.scala:717)","logger":"airflow.task.hooks.airflow.providers.standard.hooks.subprocess.SubprocessHook","filename":"subprocess.py","lineno":99}
{"timestamp":"2026-01-14T08:28:10.357614Z","level":"info","event":"\tat org.apache.spark.sql.classic.Dataset.$anonfun$withAction$1(Dataset.scala:2263)","logger":"airflow.task.hooks.airflow.providers.standard.hooks.subprocess.SubprocessHook","filename":"subprocess.py","lineno":99}
{"timestamp":"2026-01-14T08:28:10.357622Z","level":"info","event":"\tat org.apache.spark.sql.execution.SQLExecution$.$anonfun$withNewExecutionId0$8(SQLExecution.scala:177)","logger":"airflow.task.hooks.airflow.providers.standard.hooks.subprocess.SubprocessHook","filename":"subprocess.py","lineno":99}
{"timestamp":"2026-01-14T08:28:10.357631Z","level":"info","event":"\tat org.apache.spark.sql.execution.SQLExecution$.withSessionTagsApplied(SQLExecution.scala:285)","logger":"airflow.task.hooks.airflow.providers.standard.hooks.subprocess.SubprocessHook","filename":"subprocess.py","lineno":99}
{"timestamp":"2026-01-14T08:28:10.357639Z","level":"info","event":"\tat org.apache.spark.sql.execution.SQLExecution$.$anonfun$withNewExecutionId0$7(SQLExecution.scala:139)","logger":"airflow.task.hooks.airflow.providers.standard.hooks.subprocess.SubprocessHook","filename":"subprocess.py","lineno":99}
{"timestamp":"2026-01-14T08:28:10.357648Z","level":"info","event":"\tat org.apache.spark.JobArtifactSet$.withActiveJobArtifactState(JobArtifactSet.scala:94)","logger":"airflow.task.hooks.airflow.providers.standard.hooks.subprocess.SubprocessHook","filename":"subprocess.py","lineno":99}
{"timestamp":"2026-01-14T08:28:10.357657Z","level":"info","event":"\tat org.apache.spark.sql.artifact.ArtifactManager.$anonfun$withResources$1(ArtifactManager.scala:112)","logger":"airflow.task.hooks.airflow.providers.standard.hooks.subprocess.SubprocessHook","filename":"subprocess.py","lineno":99}
{"timestamp":"2026-01-14T08:28:10.357665Z","level":"info","event":"\tat org.apache.spark.sql.artifact.ArtifactManager.withClassLoaderIfNeeded(ArtifactManager.scala:106)","logger":"airflow.task.hooks.airflow.providers.standard.hooks.subprocess.SubprocessHook","filename":"subprocess.py","lineno":99}
{"timestamp":"2026-01-14T08:28:10.357674Z","level":"info","event":"\tat org.apache.spark.sql.artifact.ArtifactManager.withResources(ArtifactManager.scala:111)","logger":"airflow.task.hooks.airflow.providers.standard.hooks.subprocess.SubprocessHook","filename":"subprocess.py","lineno":99}
{"timestamp":"2026-01-14T08:28:10.357683Z","level":"info","event":"\tat org.apache.spark.sql.execution.SQLExecution$.$anonfun$withNewExecutionId0$6(SQLExecution.scala:139)","logger":"airflow.task.hooks.airflow.providers.standard.hooks.subprocess.SubprocessHook","filename":"subprocess.py","lineno":99}
{"timestamp":"2026-01-14T08:28:10.357691Z","level":"info","event":"\tat org.apache.spark.sql.execution.SQLExecution$.withSQLConfPropagated(SQLExecution.scala:308)","logger":"airflow.task.hooks.airflow.providers.standard.hooks.subprocess.SubprocessHook","filename":"subprocess.py","lineno":99}
{"timestamp":"2026-01-14T08:28:10.357701Z","level":"info","event":"\tat org.apache.spark.sql.execution.SQLExecution$.$anonfun$withNewExecutionId0$1(SQLExecution.scala:138)","logger":"airflow.task.hooks.airflow.providers.standard.hooks.subprocess.SubprocessHook","filename":"subprocess.py","lineno":99}
{"timestamp":"2026-01-14T08:28:10.357710Z","level":"info","event":"\tat org.apache.spark.sql.SparkSession.withActive(SparkSession.scala:804)","logger":"airflow.task.hooks.airflow.providers.standard.hooks.subprocess.SubprocessHook","filename":"subprocess.py","lineno":99}
{"timestamp":"2026-01-14T08:28:10.357718Z","level":"info","event":"\tat org.apache.spark.sql.execution.SQLExecution$.withNewExecutionId0(SQLExecution.scala:92)","logger":"airflow.task.hooks.airflow.providers.standard.hooks.subprocess.SubprocessHook","filename":"subprocess.py","lineno":99}
{"timestamp":"2026-01-14T08:28:10.357727Z","level":"info","event":"\tat org.apache.spark.sql.execution.SQLExecution$.withNewExecutionId(SQLExecution.scala:250)","logger":"airflow.task.hooks.airflow.providers.standard.hooks.subprocess.SubprocessHook","filename":"subprocess.py","lineno":99}
{"timestamp":"2026-01-14T08:28:10.357736Z","level":"info","event":"\tat org.apache.spark.sql.classic.Dataset.withAction(Dataset.scala:2263)","logger":"airflow.task.hooks.airflow.providers.standard.hooks.subprocess.SubprocessHook","filename":"subprocess.py","lineno":99}
{"timestamp":"2026-01-14T08:28:10.357746Z","level":"info","event":"\tat org.apache.spark.sql.classic.Dataset.head(Dataset.scala:1401)","logger":"airflow.task.hooks.airflow.providers.standard.hooks.subprocess.SubprocessHook","filename":"subprocess.py","lineno":99}
{"timestamp":"2026-01-14T08:28:10.357756Z","level":"info","event":"\tat org.apache.spark.sql.Dataset.take(Dataset.scala:2814)","logger":"airflow.task.hooks.airflow.providers.standard.hooks.subprocess.SubprocessHook","filename":"subprocess.py","lineno":99}
{"timestamp":"2026-01-14T08:28:10.357764Z","level":"info","event":"\tat org.apache.spark.sql.classic.Dataset.getRows(Dataset.scala:338)","logger":"airflow.task.hooks.airflow.providers.standard.hooks.subprocess.SubprocessHook","filename":"subprocess.py","lineno":99}
{"timestamp":"2026-01-14T08:28:10.357773Z","level":"info","event":"\tat org.apache.spark.sql.classic.Dataset.showString(Dataset.scala:374)","logger":"airflow.task.hooks.airflow.providers.standard.hooks.subprocess.SubprocessHook","filename":"subprocess.py","lineno":99}
{"timestamp":"2026-01-14T08:28:10.357781Z","level":"info","event":"\tat java.base/jdk.internal.reflect.NativeMethodAccessorImpl.invoke0(Native Method)","logger":"airflow.task.hooks.airflow.providers.standard.hooks.subprocess.SubprocessHook","filename":"subprocess.py","lineno":99}
{"timestamp":"2026-01-14T08:28:10.357790Z","level":"info","event":"\tat java.base/jdk.internal.reflect.NativeMethodAccessorImpl.invoke(NativeMethodAccessorImpl.java:77)","logger":"airflow.task.hooks.airflow.providers.standard.hooks.subprocess.SubprocessHook","filename":"subprocess.py","lineno":99}
{"timestamp":"2026-01-14T08:28:10.357798Z","level":"info","event":"\tat java.base/jdk.internal.reflect.DelegatingMethodAccessorImpl.invoke(DelegatingMethodAccessorImpl.java:43)","logger":"airflow.task.hooks.airflow.providers.standard.hooks.subprocess.SubprocessHook","filename":"subprocess.py","lineno":99}
{"timestamp":"2026-01-14T08:28:10.357807Z","level":"info","event":"\tat java.base/java.lang.reflect.Method.invoke(Method.java:569)","logger":"airflow.task.hooks.airflow.providers.standard.hooks.subprocess.SubprocessHook","filename":"subprocess.py","lineno":99}
{"timestamp":"2026-01-14T08:28:10.357815Z","level":"info","event":"\tat py4j.reflection.MethodInvoker.invoke(MethodInvoker.java:244)","logger":"airflow.task.hooks.airflow.providers.standard.hooks.subprocess.SubprocessHook","filename":"subprocess.py","lineno":99}
{"timestamp":"2026-01-14T08:28:10.357824Z","level":"info","event":"\tat py4j.reflection.ReflectionEngine.invoke(ReflectionEngine.java:374)","logger":"airflow.task.hooks.airflow.providers.standard.hooks.subprocess.SubprocessHook","filename":"subprocess.py","lineno":99}
{"timestamp":"2026-01-14T08:28:10.357832Z","level":"info","event":"\tat py4j.Gateway.invoke(Gateway.java:282)","logger":"airflow.task.hooks.airflow.providers.standard.hooks.subprocess.SubprocessHook","filename":"subprocess.py","lineno":99}
{"timestamp":"2026-01-14T08:28:10.357840Z","level":"info","event":"\tat py4j.commands.AbstractCommand.invokeMethod(AbstractCommand.java:132)","logger":"airflow.task.hooks.airflow.providers.standard.hooks.subprocess.SubprocessHook","filename":"subprocess.py","lineno":99}
{"timestamp":"2026-01-14T08:28:10.357849Z","level":"info","event":"\tat py4j.commands.CallCommand.execute(CallCommand.java:79)","logger":"airflow.task.hooks.airflow.providers.standard.hooks.subprocess.SubprocessHook","filename":"subprocess.py","lineno":99}
{"timestamp":"2026-01-14T08:28:10.357857Z","level":"info","event":"\tat py4j.ClientServerConnection.waitForCommands(ClientServerConnection.java:184)","logger":"airflow.task.hooks.airflow.providers.standard.hooks.subprocess.SubprocessHook","filename":"subprocess.py","lineno":99}
{"timestamp":"2026-01-14T08:28:10.357873Z","level":"info","event":"\tat py4j.ClientServerConnection.run(ClientServerConnection.java:108)","logger":"airflow.task.hooks.airflow.providers.standard.hooks.subprocess.SubprocessHook","filename":"subprocess.py","lineno":99}
{"timestamp":"2026-01-14T08:28:10.357882Z","level":"info","event":"\tat java.base/java.lang.Thread.run(Thread.java:840)","logger":"airflow.task.hooks.airflow.providers.standard.hooks.subprocess.SubprocessHook","filename":"subprocess.py","lineno":99}
{"timestamp":"2026-01-14T08:28:10.357891Z","level":"info","event":"Caused by: org.apache.spark.api.python.PythonException: Traceback (most recent call last):","logger":"airflow.task.hooks.airflow.providers.standard.hooks.subprocess.SubprocessHook","filename":"subprocess.py","lineno":99}
{"timestamp":"2026-01-14T08:28:10.357900Z","level":"info","event":"  File \"/opt/spark/python/lib/pyspark.zip/pyspark/worker.py\", line 3305, in main","logger":"airflow.task.hooks.airflow.providers.standard.hooks.subprocess.SubprocessHook","filename":"subprocess.py","lineno":99}
{"timestamp":"2026-01-14T08:28:10.357908Z","level":"info","event":"    check_python_version(infile)","logger":"airflow.task.hooks.airflow.providers.standard.hooks.subprocess.SubprocessHook","filename":"subprocess.py","lineno":99}
{"timestamp":"2026-01-14T08:28:10.357917Z","level":"info","event":"  File \"/opt/spark/python/lib/pyspark.zip/pyspark/worker_util.py\", line 77, in check_python_version","logger":"airflow.task.hooks.airflow.providers.standard.hooks.subprocess.SubprocessHook","filename":"subprocess.py","lineno":99}
{"timestamp":"2026-01-14T08:28:10.357925Z","level":"info","event":"    raise PySparkRuntimeError(","logger":"airflow.task.hooks.airflow.providers.standard.hooks.subprocess.SubprocessHook","filename":"subprocess.py","lineno":99}
{"timestamp":"2026-01-14T08:28:10.357935Z","level":"info","event":"pyspark.errors.exceptions.base.PySparkRuntimeError: [PYTHON_VERSION_MISMATCH] Python in worker has different version: 3.10 than that in driver: 3.12, PySpark cannot run with different minor versions.","logger":"airflow.task.hooks.airflow.providers.standard.hooks.subprocess.SubprocessHook","filename":"subprocess.py","lineno":99}
{"timestamp":"2026-01-14T08:28:10.357944Z","level":"info","event":"Please check environment variables PYSPARK_PYTHON and PYSPARK_DRIVER_PYTHON are correctly set.","logger":"airflow.task.hooks.airflow.providers.standard.hooks.subprocess.SubprocessHook","filename":"subprocess.py","lineno":99}
{"timestamp":"2026-01-14T08:28:10.357953Z","level":"info","event":"","logger":"airflow.task.hooks.airflow.providers.standard.hooks.subprocess.SubprocessHook","filename":"subprocess.py","lineno":99}
{"timestamp":"2026-01-14T08:28:10.362446Z","level":"info","event":"\tat org.apache.spark.api.python.BasePythonRunner$ReaderIterator.handlePythonException(PythonRunner.scala:645)","logger":"airflow.task.hooks.airflow.providers.standard.hooks.subprocess.SubprocessHook","filename":"subprocess.py","lineno":99}
{"timestamp":"2026-01-14T08:28:10.362469Z","level":"info","event":"\tat org.apache.spark.api.python.PythonRunner$$anon$3.read(PythonRunner.scala:1029)","logger":"airflow.task.hooks.airflow.providers.standard.hooks.subprocess.SubprocessHook","filename":"subprocess.py","lineno":99}
{"timestamp":"2026-01-14T08:28:10.362482Z","level":"info","event":"\tat org.apache.spark.api.python.PythonRunner$$anon$3.read(PythonRunner.scala:1014)","logger":"airflow.task.hooks.airflow.providers.standard.hooks.subprocess.SubprocessHook","filename":"subprocess.py","lineno":99}
{"timestamp":"2026-01-14T08:28:10.362495Z","level":"info","event":"\tat org.apache.spark.api.python.BasePythonRunner$ReaderIterator.hasNext(PythonRunner.scala:596)","logger":"airflow.task.hooks.airflow.providers.standard.hooks.subprocess.SubprocessHook","filename":"subprocess.py","lineno":99}
{"timestamp":"2026-01-14T08:28:10.362504Z","level":"info","event":"\tat org.apache.spark.InterruptibleIterator.hasNext(InterruptibleIterator.scala:37)","logger":"airflow.task.hooks.airflow.providers.standard.hooks.subprocess.SubprocessHook","filename":"subprocess.py","lineno":99}
{"timestamp":"2026-01-14T08:28:10.362513Z","level":"info","event":"\tat scala.collection.Iterator$$anon$10.hasNext(Iterator.scala:611)","logger":"airflow.task.hooks.airflow.providers.standard.hooks.subprocess.SubprocessHook","filename":"subprocess.py","lineno":99}
{"timestamp":"2026-01-14T08:28:10.362523Z","level":"info","event":"\tat scala.collection.Iterator$$anon$9.hasNext(Iterator.scala:593)","logger":"airflow.task.hooks.airflow.providers.standard.hooks.subprocess.SubprocessHook","filename":"subprocess.py","lineno":99}
{"timestamp":"2026-01-14T08:28:10.362534Z","level":"info","event":"\tat scala.collection.Iterator$$anon$9.hasNext(Iterator.scala:593)","logger":"airflow.task.hooks.airflow.providers.standard.hooks.subprocess.SubprocessHook","filename":"subprocess.py","lineno":99}
{"timestamp":"2026-01-14T08:28:10.362544Z","level":"info","event":"\tat org.apache.spark.sql.catalyst.expressions.GeneratedClass$GeneratedIteratorForCodegenStage1.processNext(Unknown Source)","logger":"airflow.task.hooks.airflow.providers.standard.hooks.subprocess.SubprocessHook","filename":"subprocess.py","lineno":99}
{"timestamp":"2026-01-14T08:28:10.362553Z","level":"info","event":"\tat org.apache.spark.sql.execution.BufferedRowIterator.hasNext(BufferedRowIterator.java:43)","logger":"airflow.task.hooks.airflow.providers.standard.hooks.subprocess.SubprocessHook","filename":"subprocess.py","lineno":99}
{"timestamp":"2026-01-14T08:28:10.362562Z","level":"info","event":"\tat org.apache.spark.sql.execution.WholeStageCodegenEvaluatorFactory$WholeStageCodegenPartitionEvaluator$$anon$1.hasNext(WholeStageCodegenEvaluatorFactory.scala:50)","logger":"airflow.task.hooks.airflow.providers.standard.hooks.subprocess.SubprocessHook","filename":"subprocess.py","lineno":99}
{"timestamp":"2026-01-14T08:28:10.362573Z","level":"info","event":"\tat org.apache.spark.sql.execution.SparkPlan.$anonfun$getByteArrayRdd$1(SparkPlan.scala:402)","logger":"airflow.task.hooks.airflow.providers.standard.hooks.subprocess.SubprocessHook","filename":"subprocess.py","lineno":99}
{"timestamp":"2026-01-14T08:28:10.362583Z","level":"info","event":"\tat org.apache.spark.rdd.RDD.$anonfun$mapPartitionsInternal$2(RDD.scala:901)","logger":"airflow.task.hooks.airflow.providers.standard.hooks.subprocess.SubprocessHook","filename":"subprocess.py","lineno":99}
{"timestamp":"2026-01-14T08:28:10.362592Z","level":"info","event":"\tat org.apache.spark.rdd.RDD.$anonfun$mapPartitionsInternal$2$adapted(RDD.scala:901)","logger":"airflow.task.hooks.airflow.providers.standard.hooks.subprocess.SubprocessHook","filename":"subprocess.py","lineno":99}
{"timestamp":"2026-01-14T08:28:10.362601Z","level":"info","event":"\tat org.apache.spark.rdd.MapPartitionsRDD.compute(MapPartitionsRDD.scala:52)","logger":"airflow.task.hooks.airflow.providers.standard.hooks.subprocess.SubprocessHook","filename":"subprocess.py","lineno":99}
{"timestamp":"2026-01-14T08:28:10.362610Z","level":"info","event":"\tat org.apache.spark.rdd.RDD.computeOrReadCheckpoint(RDD.scala:374)","logger":"airflow.task.hooks.airflow.providers.standard.hooks.subprocess.SubprocessHook","filename":"subprocess.py","lineno":99}
{"timestamp":"2026-01-14T08:28:10.362621Z","level":"info","event":"\tat org.apache.spark.rdd.RDD.iterator(RDD.scala:338)","logger":"airflow.task.hooks.airflow.providers.standard.hooks.subprocess.SubprocessHook","filename":"subprocess.py","lineno":99}
{"timestamp":"2026-01-14T08:28:10.362630Z","level":"info","event":"\tat org.apache.spark.scheduler.ResultTask.runTask(ResultTask.scala:93)","logger":"airflow.task.hooks.airflow.providers.standard.hooks.subprocess.SubprocessHook","filename":"subprocess.py","lineno":99}
{"timestamp":"2026-01-14T08:28:10.362639Z","level":"info","event":"\tat org.apache.spark.TaskContext.runTaskWithListeners(TaskContext.scala:180)","logger":"airflow.task.hooks.airflow.providers.standard.hooks.subprocess.SubprocessHook","filename":"subprocess.py","lineno":99}
{"timestamp":"2026-01-14T08:28:10.362648Z","level":"info","event":"\tat org.apache.spark.scheduler.Task.run(Task.scala:147)","logger":"airflow.task.hooks.airflow.providers.standard.hooks.subprocess.SubprocessHook","filename":"subprocess.py","lineno":99}
{"timestamp":"2026-01-14T08:28:10.362657Z","level":"info","event":"\tat org.apache.spark.executor.Executor$TaskRunner.$anonfun$run$5(Executor.scala:716)","logger":"airflow.task.hooks.airflow.providers.standard.hooks.subprocess.SubprocessHook","filename":"subprocess.py","lineno":99}
{"timestamp":"2026-01-14T08:28:10.362668Z","level":"info","event":"\tat org.apache.spark.util.SparkErrorUtils.tryWithSafeFinally(SparkErrorUtils.scala:86)","logger":"airflow.task.hooks.airflow.providers.standard.hooks.subprocess.SubprocessHook","filename":"subprocess.py","lineno":99}
{"timestamp":"2026-01-14T08:28:10.362677Z","level":"info","event":"\tat org.apache.spark.util.SparkErrorUtils.tryWithSafeFinally$(SparkErrorUtils.scala:83)","logger":"airflow.task.hooks.airflow.providers.standard.hooks.subprocess.SubprocessHook","filename":"subprocess.py","lineno":99}
{"timestamp":"2026-01-14T08:28:10.362686Z","level":"info","event":"\tat org.apache.spark.util.Utils$.tryWithSafeFinally(Utils.scala:97)","logger":"airflow.task.hooks.airflow.providers.standard.hooks.subprocess.SubprocessHook","filename":"subprocess.py","lineno":99}
{"timestamp":"2026-01-14T08:28:10.362694Z","level":"info","event":"\tat org.apache.spark.executor.Executor$TaskRunner.run(Executor.scala:719)","logger":"airflow.task.hooks.airflow.providers.standard.hooks.subprocess.SubprocessHook","filename":"subprocess.py","lineno":99}
{"timestamp":"2026-01-14T08:28:10.362704Z","level":"info","event":"\tat java.base/java.util.concurrent.ThreadPoolExecutor.runWorker(ThreadPoolExecutor.java:1144)","logger":"airflow.task.hooks.airflow.providers.standard.hooks.subprocess.SubprocessHook","filename":"subprocess.py","lineno":99}
{"timestamp":"2026-01-14T08:28:10.362714Z","level":"info","event":"\tat java.base/java.util.concurrent.ThreadPoolExecutor$Worker.run(ThreadPoolExecutor.java:642)","logger":"airflow.task.hooks.airflow.providers.standard.hooks.subprocess.SubprocessHook","filename":"subprocess.py","lineno":99}
{"timestamp":"2026-01-14T08:28:10.362723Z","level":"info","event":"\tat java.base/java.lang.Thread.run(Thread.java:1583)","logger":"airflow.task.hooks.airflow.providers.standard.hooks.subprocess.SubprocessHook","filename":"subprocess.py","lineno":99}
{"timestamp":"2026-01-14T08:28:10.362732Z","level":"info","event":"","logger":"airflow.task.hooks.airflow.providers.standard.hooks.subprocess.SubprocessHook","filename":"subprocess.py","lineno":99}
{"timestamp":"2026-01-14T08:28:10.362743Z","level":"info","event":"------------------------------------------","logger":"airflow.task.hooks.airflow.providers.standard.hooks.subprocess.SubprocessHook","filename":"subprocess.py","lineno":99}
{"timestamp":"2026-01-14T08:28:10.362754Z","level":"info","event":"::set-output name=spark_app_id::","logger":"airflow.task.hooks.airflow.providers.standard.hooks.subprocess.SubprocessHook","filename":"subprocess.py","lineno":99}
{"timestamp":"2026-01-14T08:28:10.362764Z","level":"info","event":"Spark appId:","logger":"airflow.task.hooks.airflow.providers.standard.hooks.subprocess.SubprocessHook","filename":"subprocess.py","lineno":99}
{"timestamp":"2026-01-14T08:28:10.362816Z","level":"info","event":"Command exited with return code 1","logger":"airflow.task.hooks.airflow.providers.standard.hooks.subprocess.SubprocessHook","filename":"subprocess.py","lineno":103}
{"timestamp":"2026-01-14T08:28:10.363319Z","level":"error","event":"Task failed with exception","logger":"task","filename":"task_runner.py","lineno":986,"error_detail":[{"exc_type":"AirflowException","exc_value":"Bash command failed. The command returned a non-zero exit code 1.","exc_notes":[],"syntax_error":null,"is_cause":false,"frames":[{"filename":"/opt/airflow/venv/lib/python3.12/site-packages/airflow/sdk/execution_time/task_runner.py","lineno":934,"name":"run"},{"filename":"/opt/airflow/venv/lib/python3.12/site-packages/airflow/sdk/execution_time/task_runner.py","lineno":1325,"name":"_execute_task"},{"filename":"/opt/airflow/venv/lib/python3.12/site-packages/airflow/sdk/bases/operator.py","lineno":417,"name":"wrapper"},{"filename":"/opt/airflow/venv/lib/python3.12/site-packages/airflow/providers/standard/operators/bash.py","lineno":227,"name":"execute"}],"is_group":false,"exceptions":[]}]}
