{"timestamp":"2026-01-14T09:25:36.535726Z","level":"info","event":"DAG bundles loaded: dags-folder","logger":"airflow.dag_processing.bundles.manager.DagBundlesManager","filename":"manager.py","lineno":179}
{"timestamp":"2026-01-14T09:25:36.536152Z","level":"info","event":"Filling up the DagBag from /opt/airflow/dags/spark_hello_world.py","logger":"airflow.models.dagbag.DagBag","filename":"dagbag.py","lineno":593}
{"timestamp":"2026-01-14T09:25:37.344490Z","level":"warning","event":"The `airflow.operators.bash.BashOperator` attribute is deprecated. Please use `'airflow.providers.standard.operators.bash.BashOperator'`.","category":"DeprecatedImportWarning","filename":"/opt/airflow/dags/spark_hello_world.py","lineno":4,"logger":"py.warnings"}
{"timestamp":"2026-01-14T09:25:37.366381Z","level":"info","event":"Tmp dir root location: /tmp","logger":"airflow.task.hooks.airflow.providers.standard.hooks.subprocess.SubprocessHook","filename":"subprocess.py","lineno":78}
{"timestamp":"2026-01-14T09:25:37.366976Z","level":"info","event":"Running command: ['/usr/bin/bash', '-c', '\\n        /opt/spark/spark_submit_wrapper.sh         --master spark://spark-master:7077         --deploy-mode client         /opt/spark/jobs/hello_world.py\\n        ']","logger":"airflow.task.hooks.airflow.providers.standard.hooks.subprocess.SubprocessHook","filename":"subprocess.py","lineno":80}
{"timestamp":"2026-01-14T09:25:37.367469Z","level":"info","event":"Output:","logger":"airflow.task.hooks.airflow.providers.standard.hooks.subprocess.SubprocessHook","filename":"subprocess.py","lineno":92}
{"timestamp":"2026-01-14T09:25:37.374353Z","level":"info","event":"========== Spark submit started ==========","logger":"airflow.task.hooks.airflow.providers.standard.hooks.subprocess.SubprocessHook","filename":"subprocess.py","lineno":99}
{"timestamp":"2026-01-14T09:25:37.374423Z","level":"info","event":"Job name   : hello_world","logger":"airflow.task.hooks.airflow.providers.standard.hooks.subprocess.SubprocessHook","filename":"subprocess.py","lineno":99}
{"timestamp":"2026-01-14T09:25:37.374446Z","level":"info","event":"Log file   : /tmp/hello_world_20260114_092537.log","logger":"airflow.task.hooks.airflow.providers.standard.hooks.subprocess.SubprocessHook","filename":"subprocess.py","lineno":99}
{"timestamp":"2026-01-14T09:25:37.374476Z","level":"info","event":"Command    : spark-submit --master spark://spark-master:7077 --deploy-mode client /opt/spark/jobs/hello_world.py","logger":"airflow.task.hooks.airflow.providers.standard.hooks.subprocess.SubprocessHook","filename":"subprocess.py","lineno":99}
{"timestamp":"2026-01-14T09:25:37.374496Z","level":"info","event":"==========================================","logger":"airflow.task.hooks.airflow.providers.standard.hooks.subprocess.SubprocessHook","filename":"subprocess.py","lineno":99}
{"timestamp":"2026-01-14T09:25:45.110595Z","level":"info","event":"Spark job FAILED (exit code=1)","logger":"airflow.task.hooks.airflow.providers.standard.hooks.subprocess.SubprocessHook","filename":"subprocess.py","lineno":99}
{"timestamp":"2026-01-14T09:25:45.110819Z","level":"info","event":"---------- Last 200 lines of log ----------","logger":"airflow.task.hooks.airflow.providers.standard.hooks.subprocess.SubprocessHook","filename":"subprocess.py","lineno":99}
{"timestamp":"2026-01-14T09:25:45.111717Z","level":"info","event":"WARNING: Using incubator modules: jdk.incubator.vector","logger":"airflow.task.hooks.airflow.providers.standard.hooks.subprocess.SubprocessHook","filename":"subprocess.py","lineno":99}
{"timestamp":"2026-01-14T09:25:45.111757Z","level":"info","event":"Using Spark's default log4j profile: org/apache/spark/log4j2-defaults.properties","logger":"airflow.task.hooks.airflow.providers.standard.hooks.subprocess.SubprocessHook","filename":"subprocess.py","lineno":99}
{"timestamp":"2026-01-14T09:25:45.111775Z","level":"info","event":"26/01/14 09:25:39 INFO SparkContext: Running Spark version 4.1.1","logger":"airflow.task.hooks.airflow.providers.standard.hooks.subprocess.SubprocessHook","filename":"subprocess.py","lineno":99}
{"timestamp":"2026-01-14T09:25:45.111789Z","level":"info","event":"26/01/14 09:25:39 INFO SparkContext: OS info Linux, 6.12.54-linuxkit, aarch64","logger":"airflow.task.hooks.airflow.providers.standard.hooks.subprocess.SubprocessHook","filename":"subprocess.py","lineno":99}
{"timestamp":"2026-01-14T09:25:45.111811Z","level":"info","event":"26/01/14 09:25:39 INFO SparkContext: Java version 17.0.17+10-Debian-1deb12u1","logger":"airflow.task.hooks.airflow.providers.standard.hooks.subprocess.SubprocessHook","filename":"subprocess.py","lineno":99}
{"timestamp":"2026-01-14T09:25:45.111829Z","level":"info","event":"26/01/14 09:25:39 WARN NativeCodeLoader: Unable to load native-hadoop library for your platform... using builtin-java classes where applicable","logger":"airflow.task.hooks.airflow.providers.standard.hooks.subprocess.SubprocessHook","filename":"subprocess.py","lineno":99}
{"timestamp":"2026-01-14T09:25:45.111845Z","level":"info","event":"26/01/14 09:25:39 INFO ResourceUtils: ==============================================================","logger":"airflow.task.hooks.airflow.providers.standard.hooks.subprocess.SubprocessHook","filename":"subprocess.py","lineno":99}
{"timestamp":"2026-01-14T09:25:45.111874Z","level":"info","event":"26/01/14 09:25:39 INFO ResourceUtils: No custom resources configured for spark.driver.","logger":"airflow.task.hooks.airflow.providers.standard.hooks.subprocess.SubprocessHook","filename":"subprocess.py","lineno":99}
{"timestamp":"2026-01-14T09:25:45.111886Z","level":"info","event":"26/01/14 09:25:39 INFO ResourceUtils: ==============================================================","logger":"airflow.task.hooks.airflow.providers.standard.hooks.subprocess.SubprocessHook","filename":"subprocess.py","lineno":99}
{"timestamp":"2026-01-14T09:25:45.111898Z","level":"info","event":"26/01/14 09:25:39 INFO SparkContext: Submitted application: HelloWorld","logger":"airflow.task.hooks.airflow.providers.standard.hooks.subprocess.SubprocessHook","filename":"subprocess.py","lineno":99}
{"timestamp":"2026-01-14T09:25:45.111910Z","level":"info","event":"26/01/14 09:25:39 INFO SecurityManager: Changing view acls to: airflow","logger":"airflow.task.hooks.airflow.providers.standard.hooks.subprocess.SubprocessHook","filename":"subprocess.py","lineno":99}
{"timestamp":"2026-01-14T09:25:45.111922Z","level":"info","event":"26/01/14 09:25:39 INFO SecurityManager: Changing modify acls to: airflow","logger":"airflow.task.hooks.airflow.providers.standard.hooks.subprocess.SubprocessHook","filename":"subprocess.py","lineno":99}
{"timestamp":"2026-01-14T09:25:45.111951Z","level":"info","event":"26/01/14 09:25:39 INFO SecurityManager: Changing view acls groups to: airflow","logger":"airflow.task.hooks.airflow.providers.standard.hooks.subprocess.SubprocessHook","filename":"subprocess.py","lineno":99}
{"timestamp":"2026-01-14T09:25:45.111974Z","level":"info","event":"26/01/14 09:25:39 INFO SecurityManager: Changing modify acls groups to: airflow","logger":"airflow.task.hooks.airflow.providers.standard.hooks.subprocess.SubprocessHook","filename":"subprocess.py","lineno":99}
{"timestamp":"2026-01-14T09:25:45.111986Z","level":"info","event":"26/01/14 09:25:39 INFO SecurityManager: SecurityManager: authentication disabled; ui acls disabled; users with view permissions: airflow groups with view permissions: EMPTY; users with modify permissions: airflow; groups with modify permissions: EMPTY; RPC SSL disabled","logger":"airflow.task.hooks.airflow.providers.standard.hooks.subprocess.SubprocessHook","filename":"subprocess.py","lineno":99}
{"timestamp":"2026-01-14T09:25:45.112022Z","level":"info","event":"26/01/14 09:25:39 INFO Utils: Successfully started service 'sparkDriver' on port 39979.","logger":"airflow.task.hooks.airflow.providers.standard.hooks.subprocess.SubprocessHook","filename":"subprocess.py","lineno":99}
{"timestamp":"2026-01-14T09:25:45.112039Z","level":"info","event":"26/01/14 09:25:39 INFO SparkEnv: Registering MapOutputTracker","logger":"airflow.task.hooks.airflow.providers.standard.hooks.subprocess.SubprocessHook","filename":"subprocess.py","lineno":99}
{"timestamp":"2026-01-14T09:25:45.112051Z","level":"info","event":"26/01/14 09:25:39 INFO SparkEnv: Registering BlockManagerMaster","logger":"airflow.task.hooks.airflow.providers.standard.hooks.subprocess.SubprocessHook","filename":"subprocess.py","lineno":99}
{"timestamp":"2026-01-14T09:25:45.112062Z","level":"info","event":"26/01/14 09:25:39 INFO BlockManagerMasterEndpoint: Using org.apache.spark.storage.DefaultTopologyMapper for getting topology information","logger":"airflow.task.hooks.airflow.providers.standard.hooks.subprocess.SubprocessHook","filename":"subprocess.py","lineno":99}
{"timestamp":"2026-01-14T09:25:45.112083Z","level":"info","event":"26/01/14 09:25:39 INFO BlockManagerMasterEndpoint: BlockManagerMasterEndpoint up","logger":"airflow.task.hooks.airflow.providers.standard.hooks.subprocess.SubprocessHook","filename":"subprocess.py","lineno":99}
{"timestamp":"2026-01-14T09:25:45.112099Z","level":"info","event":"26/01/14 09:25:39 INFO SparkEnv: Registering BlockManagerMasterHeartbeat","logger":"airflow.task.hooks.airflow.providers.standard.hooks.subprocess.SubprocessHook","filename":"subprocess.py","lineno":99}
{"timestamp":"2026-01-14T09:25:45.112112Z","level":"info","event":"26/01/14 09:25:39 INFO DiskBlockManager: Created local directory at /tmp/blockmgr-2b34ffe3-c08b-4b84-99b2-77e8ce8fdce5","logger":"airflow.task.hooks.airflow.providers.standard.hooks.subprocess.SubprocessHook","filename":"subprocess.py","lineno":99}
{"timestamp":"2026-01-14T09:25:45.112125Z","level":"info","event":"26/01/14 09:25:39 INFO SparkEnv: Registering OutputCommitCoordinator","logger":"airflow.task.hooks.airflow.providers.standard.hooks.subprocess.SubprocessHook","filename":"subprocess.py","lineno":99}
{"timestamp":"2026-01-14T09:25:45.112136Z","level":"info","event":"26/01/14 09:25:39 INFO JettyUtils: Start Jetty 0.0.0.0:4040 for SparkUI","logger":"airflow.task.hooks.airflow.providers.standard.hooks.subprocess.SubprocessHook","filename":"subprocess.py","lineno":99}
{"timestamp":"2026-01-14T09:25:45.112148Z","level":"info","event":"26/01/14 09:25:39 INFO Utils: Successfully started service 'SparkUI' on port 4040.","logger":"airflow.task.hooks.airflow.providers.standard.hooks.subprocess.SubprocessHook","filename":"subprocess.py","lineno":99}
{"timestamp":"2026-01-14T09:25:45.112160Z","level":"info","event":"26/01/14 09:25:39 INFO ResourceProfile: Default ResourceProfile created, executor resources: Map(memory -> name: memory, amount: 1024, script: , vendor: , offHeap -> name: offHeap, amount: 0, script: , vendor: ), task resources: Map(cpus -> name: cpus, amount: 1.0)","logger":"airflow.task.hooks.airflow.providers.standard.hooks.subprocess.SubprocessHook","filename":"subprocess.py","lineno":99}
{"timestamp":"2026-01-14T09:25:45.112172Z","level":"info","event":"26/01/14 09:25:39 INFO ResourceProfile: Limiting resource is cpu","logger":"airflow.task.hooks.airflow.providers.standard.hooks.subprocess.SubprocessHook","filename":"subprocess.py","lineno":99}
{"timestamp":"2026-01-14T09:25:45.112183Z","level":"info","event":"26/01/14 09:25:39 INFO ResourceProfileManager: Added ResourceProfile id: 0","logger":"airflow.task.hooks.airflow.providers.standard.hooks.subprocess.SubprocessHook","filename":"subprocess.py","lineno":99}
{"timestamp":"2026-01-14T09:25:45.112195Z","level":"info","event":"26/01/14 09:25:39 INFO SecurityManager: Changing view acls to: airflow","logger":"airflow.task.hooks.airflow.providers.standard.hooks.subprocess.SubprocessHook","filename":"subprocess.py","lineno":99}
{"timestamp":"2026-01-14T09:25:45.112221Z","level":"info","event":"26/01/14 09:25:39 INFO SecurityManager: Changing modify acls to: airflow","logger":"airflow.task.hooks.airflow.providers.standard.hooks.subprocess.SubprocessHook","filename":"subprocess.py","lineno":99}
{"timestamp":"2026-01-14T09:25:45.112233Z","level":"info","event":"26/01/14 09:25:39 INFO SecurityManager: Changing view acls groups to: airflow","logger":"airflow.task.hooks.airflow.providers.standard.hooks.subprocess.SubprocessHook","filename":"subprocess.py","lineno":99}
{"timestamp":"2026-01-14T09:25:45.112245Z","level":"info","event":"26/01/14 09:25:39 INFO SecurityManager: Changing modify acls groups to: airflow","logger":"airflow.task.hooks.airflow.providers.standard.hooks.subprocess.SubprocessHook","filename":"subprocess.py","lineno":99}
{"timestamp":"2026-01-14T09:25:45.112256Z","level":"info","event":"26/01/14 09:25:39 INFO SecurityManager: SecurityManager: authentication disabled; ui acls disabled; users with view permissions: airflow groups with view permissions: EMPTY; users with modify permissions: airflow; groups with modify permissions: EMPTY; RPC SSL disabled","logger":"airflow.task.hooks.airflow.providers.standard.hooks.subprocess.SubprocessHook","filename":"subprocess.py","lineno":99}
{"timestamp":"2026-01-14T09:25:45.112269Z","level":"info","event":"26/01/14 09:25:39 INFO StandaloneAppClient$ClientEndpoint: Connecting to master spark://spark-master:7077...","logger":"airflow.task.hooks.airflow.providers.standard.hooks.subprocess.SubprocessHook","filename":"subprocess.py","lineno":99}
{"timestamp":"2026-01-14T09:25:45.112281Z","level":"info","event":"26/01/14 09:25:39 INFO TransportClientFactory: Successfully created connection to spark-master/172.18.0.2:7077 after 9 ms (0 ms spent in bootstraps)","logger":"airflow.task.hooks.airflow.providers.standard.hooks.subprocess.SubprocessHook","filename":"subprocess.py","lineno":99}
{"timestamp":"2026-01-14T09:25:45.112293Z","level":"info","event":"26/01/14 09:25:39 INFO StandaloneSchedulerBackend: Connected to Spark cluster with app ID app-20260114092539-0000","logger":"airflow.task.hooks.airflow.providers.standard.hooks.subprocess.SubprocessHook","filename":"subprocess.py","lineno":99}
{"timestamp":"2026-01-14T09:25:45.112306Z","level":"info","event":"26/01/14 09:25:39 INFO Utils: Successfully started service 'org.apache.spark.network.netty.NettyBlockTransferService' on port 43159.","logger":"airflow.task.hooks.airflow.providers.standard.hooks.subprocess.SubprocessHook","filename":"subprocess.py","lineno":99}
{"timestamp":"2026-01-14T09:25:45.112317Z","level":"info","event":"26/01/14 09:25:39 INFO NettyBlockTransferService: Server created on f1589074dbba:43159","logger":"airflow.task.hooks.airflow.providers.standard.hooks.subprocess.SubprocessHook","filename":"subprocess.py","lineno":99}
{"timestamp":"2026-01-14T09:25:45.112329Z","level":"info","event":"26/01/14 09:25:39 INFO BlockManager: Using org.apache.spark.storage.RandomBlockReplicationPolicy for block replication policy","logger":"airflow.task.hooks.airflow.providers.standard.hooks.subprocess.SubprocessHook","filename":"subprocess.py","lineno":99}
{"timestamp":"2026-01-14T09:25:45.112344Z","level":"info","event":"26/01/14 09:25:39 INFO StandaloneAppClient$ClientEndpoint: Executor added: app-20260114092539-0000/0 on worker-20260114092255-172.18.0.9-41893 (172.18.0.9:41893) with 2 core(s)","logger":"airflow.task.hooks.airflow.providers.standard.hooks.subprocess.SubprocessHook","filename":"subprocess.py","lineno":99}
{"timestamp":"2026-01-14T09:25:45.112367Z","level":"info","event":"26/01/14 09:25:39 INFO BlockManagerMaster: Registering BlockManager BlockManagerId(driver, f1589074dbba, 43159, None)","logger":"airflow.task.hooks.airflow.providers.standard.hooks.subprocess.SubprocessHook","filename":"subprocess.py","lineno":99}
{"timestamp":"2026-01-14T09:25:45.112391Z","level":"info","event":"26/01/14 09:25:39 INFO StandaloneSchedulerBackend: Granted executor ID app-20260114092539-0000/0 on hostPort 172.18.0.9:41893 with 2 core(s), 1024.0 MiB RAM","logger":"airflow.task.hooks.airflow.providers.standard.hooks.subprocess.SubprocessHook","filename":"subprocess.py","lineno":99}
{"timestamp":"2026-01-14T09:25:45.112415Z","level":"info","event":"26/01/14 09:25:39 INFO StandaloneAppClient$ClientEndpoint: Executor added: app-20260114092539-0000/1 on worker-20260114092255-172.18.0.8-34665 (172.18.0.8:34665) with 2 core(s)","logger":"airflow.task.hooks.airflow.providers.standard.hooks.subprocess.SubprocessHook","filename":"subprocess.py","lineno":99}
{"timestamp":"2026-01-14T09:25:45.112431Z","level":"info","event":"26/01/14 09:25:39 INFO StandaloneSchedulerBackend: Granted executor ID app-20260114092539-0000/1 on hostPort 172.18.0.8:34665 with 2 core(s), 1024.0 MiB RAM","logger":"airflow.task.hooks.airflow.providers.standard.hooks.subprocess.SubprocessHook","filename":"subprocess.py","lineno":99}
{"timestamp":"2026-01-14T09:25:45.112442Z","level":"info","event":"26/01/14 09:25:39 INFO BlockManagerMasterEndpoint: Registering block manager f1589074dbba:43159 with 434.4 MiB RAM, BlockManagerId(driver, f1589074dbba, 43159, None)","logger":"airflow.task.hooks.airflow.providers.standard.hooks.subprocess.SubprocessHook","filename":"subprocess.py","lineno":99}
{"timestamp":"2026-01-14T09:25:45.112452Z","level":"info","event":"26/01/14 09:25:39 INFO BlockManagerMaster: Registered BlockManager BlockManagerId(driver, f1589074dbba, 43159, None)","logger":"airflow.task.hooks.airflow.providers.standard.hooks.subprocess.SubprocessHook","filename":"subprocess.py","lineno":99}
{"timestamp":"2026-01-14T09:25:45.112482Z","level":"info","event":"26/01/14 09:25:39 INFO BlockManager: Initialized BlockManager: BlockManagerId(driver, f1589074dbba, 43159, None)","logger":"airflow.task.hooks.airflow.providers.standard.hooks.subprocess.SubprocessHook","filename":"subprocess.py","lineno":99}
{"timestamp":"2026-01-14T09:25:45.112498Z","level":"info","event":"26/01/14 09:25:39 INFO StandaloneSchedulerBackend: SchedulerBackend is ready for scheduling beginning after reached minRegisteredResourcesRatio: 0.0","logger":"airflow.task.hooks.airflow.providers.standard.hooks.subprocess.SubprocessHook","filename":"subprocess.py","lineno":99}
{"timestamp":"2026-01-14T09:25:45.112519Z","level":"info","event":"26/01/14 09:25:39 INFO StandaloneAppClient$ClientEndpoint: Executor updated: app-20260114092539-0000/0 is now RUNNING","logger":"airflow.task.hooks.airflow.providers.standard.hooks.subprocess.SubprocessHook","filename":"subprocess.py","lineno":99}
{"timestamp":"2026-01-14T09:25:45.112539Z","level":"info","event":"26/01/14 09:25:39 INFO StandaloneAppClient$ClientEndpoint: Executor updated: app-20260114092539-0000/1 is now RUNNING","logger":"airflow.task.hooks.airflow.providers.standard.hooks.subprocess.SubprocessHook","filename":"subprocess.py","lineno":99}
{"timestamp":"2026-01-14T09:25:45.112554Z","level":"info","event":"26/01/14 09:25:41 INFO StandaloneSchedulerBackend$StandaloneDriverEndpoint: Registered executor NettyRpcEndpointRef(spark-client://Executor) (172.18.0.9:55112) with ID 0, ResourceProfileId 0","logger":"airflow.task.hooks.airflow.providers.standard.hooks.subprocess.SubprocessHook","filename":"subprocess.py","lineno":99}
{"timestamp":"2026-01-14T09:25:45.112566Z","level":"info","event":"26/01/14 09:25:41 INFO StandaloneSchedulerBackend$StandaloneDriverEndpoint: Registered executor NettyRpcEndpointRef(spark-client://Executor) (172.18.0.8:41114) with ID 1, ResourceProfileId 0","logger":"airflow.task.hooks.airflow.providers.standard.hooks.subprocess.SubprocessHook","filename":"subprocess.py","lineno":99}
{"timestamp":"2026-01-14T09:25:45.112578Z","level":"info","event":"26/01/14 09:25:41 INFO BlockManagerMasterEndpoint: Registering block manager 172.18.0.9:34125 with 434.4 MiB RAM, BlockManagerId(0, 172.18.0.9, 34125, None)","logger":"airflow.task.hooks.airflow.providers.standard.hooks.subprocess.SubprocessHook","filename":"subprocess.py","lineno":99}
{"timestamp":"2026-01-14T09:25:45.112591Z","level":"info","event":"26/01/14 09:25:41 INFO BlockManagerMasterEndpoint: Registering block manager 172.18.0.8:39321 with 434.4 MiB RAM, BlockManagerId(1, 172.18.0.8, 39321, None)","logger":"airflow.task.hooks.airflow.providers.standard.hooks.subprocess.SubprocessHook","filename":"subprocess.py","lineno":99}
{"timestamp":"2026-01-14T09:25:45.112602Z","level":"info","event":"26/01/14 09:25:41 INFO SharedState: Setting hive.metastore.warehouse.dir ('null') to the value of spark.sql.warehouse.dir.","logger":"airflow.task.hooks.airflow.providers.standard.hooks.subprocess.SubprocessHook","filename":"subprocess.py","lineno":99}
{"timestamp":"2026-01-14T09:25:45.112614Z","level":"info","event":"26/01/14 09:25:41 INFO SharedState: Warehouse path is 'file:/tmp/airflowtmpcqea8tnx/spark-warehouse'.","logger":"airflow.task.hooks.airflow.providers.standard.hooks.subprocess.SubprocessHook","filename":"subprocess.py","lineno":99}
{"timestamp":"2026-01-14T09:25:45.112625Z","level":"info","event":"26/01/14 09:25:42 INFO CodeGenerator: Code generated in 66.296833 ms","logger":"airflow.task.hooks.airflow.providers.standard.hooks.subprocess.SubprocessHook","filename":"subprocess.py","lineno":99}
{"timestamp":"2026-01-14T09:25:45.112637Z","level":"info","event":"26/01/14 09:25:42 INFO SparkContext: Starting job: showString at NativeMethodAccessorImpl.java:0","logger":"airflow.task.hooks.airflow.providers.standard.hooks.subprocess.SubprocessHook","filename":"subprocess.py","lineno":99}
{"timestamp":"2026-01-14T09:25:45.112648Z","level":"info","event":"26/01/14 09:25:42 INFO DAGScheduler: Got job 0 (showString at NativeMethodAccessorImpl.java:0) with 1 output partitions","logger":"airflow.task.hooks.airflow.providers.standard.hooks.subprocess.SubprocessHook","filename":"subprocess.py","lineno":99}
{"timestamp":"2026-01-14T09:25:45.112659Z","level":"info","event":"26/01/14 09:25:42 INFO DAGScheduler: Final stage: ResultStage 0 (showString at NativeMethodAccessorImpl.java:0)","logger":"airflow.task.hooks.airflow.providers.standard.hooks.subprocess.SubprocessHook","filename":"subprocess.py","lineno":99}
{"timestamp":"2026-01-14T09:25:45.112679Z","level":"info","event":"26/01/14 09:25:42 INFO DAGScheduler: Parents of final stage: List()","logger":"airflow.task.hooks.airflow.providers.standard.hooks.subprocess.SubprocessHook","filename":"subprocess.py","lineno":99}
{"timestamp":"2026-01-14T09:25:45.112691Z","level":"info","event":"26/01/14 09:25:42 INFO DAGScheduler: Missing parents: List()","logger":"airflow.task.hooks.airflow.providers.standard.hooks.subprocess.SubprocessHook","filename":"subprocess.py","lineno":99}
{"timestamp":"2026-01-14T09:25:45.112702Z","level":"info","event":"26/01/14 09:25:42 INFO DAGScheduler: Missing parents found for ResultStage 0: List()","logger":"airflow.task.hooks.airflow.providers.standard.hooks.subprocess.SubprocessHook","filename":"subprocess.py","lineno":99}
{"timestamp":"2026-01-14T09:25:45.112714Z","level":"info","event":"26/01/14 09:25:42 INFO DAGScheduler: Submitting ResultStage 0 (MapPartitionsRDD[6] at showString at NativeMethodAccessorImpl.java:0), which has no missing parents","logger":"airflow.task.hooks.airflow.providers.standard.hooks.subprocess.SubprocessHook","filename":"subprocess.py","lineno":99}
{"timestamp":"2026-01-14T09:25:45.112726Z","level":"info","event":"26/01/14 09:25:42 INFO MemoryStore: MemoryStore started with capacity 434.4 MiB","logger":"airflow.task.hooks.airflow.providers.standard.hooks.subprocess.SubprocessHook","filename":"subprocess.py","lineno":99}
{"timestamp":"2026-01-14T09:25:45.112737Z","level":"info","event":"26/01/14 09:25:42 INFO MemoryStore: Block broadcast_0 stored as values in memory (estimated size 13.6 KiB, free 434.4 MiB)","logger":"airflow.task.hooks.airflow.providers.standard.hooks.subprocess.SubprocessHook","filename":"subprocess.py","lineno":99}
{"timestamp":"2026-01-14T09:25:45.112748Z","level":"info","event":"26/01/14 09:25:42 INFO MemoryStore: Block broadcast_0_piece0 stored as bytes in memory (estimated size 7.0 KiB, free 434.4 MiB)","logger":"airflow.task.hooks.airflow.providers.standard.hooks.subprocess.SubprocessHook","filename":"subprocess.py","lineno":99}
{"timestamp":"2026-01-14T09:25:45.112760Z","level":"info","event":"26/01/14 09:25:42 INFO SparkContext: Created broadcast 0 from broadcast at DAGScheduler.scala:1686","logger":"airflow.task.hooks.airflow.providers.standard.hooks.subprocess.SubprocessHook","filename":"subprocess.py","lineno":99}
{"timestamp":"2026-01-14T09:25:45.112771Z","level":"info","event":"26/01/14 09:25:42 INFO DAGScheduler: Submitting 1 missing tasks from ResultStage 0 (MapPartitionsRDD[6] at showString at NativeMethodAccessorImpl.java:0) (first 15 tasks are for partitions Vector(0))","logger":"airflow.task.hooks.airflow.providers.standard.hooks.subprocess.SubprocessHook","filename":"subprocess.py","lineno":99}
{"timestamp":"2026-01-14T09:25:45.112797Z","level":"info","event":"26/01/14 09:25:42 INFO TaskSchedulerImpl: Adding task set 0.0 with 1 tasks resource profile 0","logger":"airflow.task.hooks.airflow.providers.standard.hooks.subprocess.SubprocessHook","filename":"subprocess.py","lineno":99}
{"timestamp":"2026-01-14T09:25:45.112814Z","level":"info","event":"26/01/14 09:25:42 INFO TaskSetManager: Starting task 0.0 in stage 0.0 (TID 0) (172.18.0.8,executor 1, partition 0, PROCESS_LOCAL, 9679 bytes)","logger":"airflow.task.hooks.airflow.providers.standard.hooks.subprocess.SubprocessHook","filename":"subprocess.py","lineno":99}
{"timestamp":"2026-01-14T09:25:45.112828Z","level":"info","event":"26/01/14 09:25:43 INFO TaskSetManager: Finished task 0.0 in stage 0.0 (TID 0) in 847 ms on 172.18.0.8 (executor 1) (1/1)","logger":"airflow.task.hooks.airflow.providers.standard.hooks.subprocess.SubprocessHook","filename":"subprocess.py","lineno":99}
{"timestamp":"2026-01-14T09:25:45.112840Z","level":"info","event":"26/01/14 09:25:43 INFO TaskSchedulerImpl: Removed TaskSet 0.0 whose tasks have all completed, from pool","logger":"airflow.task.hooks.airflow.providers.standard.hooks.subprocess.SubprocessHook","filename":"subprocess.py","lineno":99}
{"timestamp":"2026-01-14T09:25:45.112851Z","level":"info","event":"26/01/14 09:25:43 INFO PythonAccumulatorV2: Connected to AccumulatorServer at host: 127.0.0.1 port: 48453","logger":"airflow.task.hooks.airflow.providers.standard.hooks.subprocess.SubprocessHook","filename":"subprocess.py","lineno":99}
{"timestamp":"2026-01-14T09:25:45.112862Z","level":"info","event":"26/01/14 09:25:43 INFO DAGScheduler: ResultStage 0 (showString at NativeMethodAccessorImpl.java:0) finished in 903 ms","logger":"airflow.task.hooks.airflow.providers.standard.hooks.subprocess.SubprocessHook","filename":"subprocess.py","lineno":99}
{"timestamp":"2026-01-14T09:25:45.112874Z","level":"info","event":"26/01/14 09:25:43 INFO DAGScheduler: Job 0 is finished. Cancelling potential speculative or zombie tasks for this job","logger":"airflow.task.hooks.airflow.providers.standard.hooks.subprocess.SubprocessHook","filename":"subprocess.py","lineno":99}
{"timestamp":"2026-01-14T09:25:45.112885Z","level":"info","event":"26/01/14 09:25:43 INFO TaskSchedulerImpl: Canceling stage 0","logger":"airflow.task.hooks.airflow.providers.standard.hooks.subprocess.SubprocessHook","filename":"subprocess.py","lineno":99}
{"timestamp":"2026-01-14T09:25:45.112896Z","level":"info","event":"26/01/14 09:25:43 INFO TaskSchedulerImpl: Killing all running tasks in stage 0: Stage finished","logger":"airflow.task.hooks.airflow.providers.standard.hooks.subprocess.SubprocessHook","filename":"subprocess.py","lineno":99}
{"timestamp":"2026-01-14T09:25:45.112908Z","level":"info","event":"26/01/14 09:25:43 INFO DAGScheduler: Job 0 finished: showString at NativeMethodAccessorImpl.java:0, took 914.8635 ms","logger":"airflow.task.hooks.airflow.providers.standard.hooks.subprocess.SubprocessHook","filename":"subprocess.py","lineno":99}
{"timestamp":"2026-01-14T09:25:45.112919Z","level":"info","event":"26/01/14 09:25:43 INFO SparkContext: Starting job: showString at NativeMethodAccessorImpl.java:0","logger":"airflow.task.hooks.airflow.providers.standard.hooks.subprocess.SubprocessHook","filename":"subprocess.py","lineno":99}
{"timestamp":"2026-01-14T09:25:45.112930Z","level":"info","event":"26/01/14 09:25:43 INFO DAGScheduler: Got job 1 (showString at NativeMethodAccessorImpl.java:0) with 3 output partitions","logger":"airflow.task.hooks.airflow.providers.standard.hooks.subprocess.SubprocessHook","filename":"subprocess.py","lineno":99}
{"timestamp":"2026-01-14T09:25:45.112941Z","level":"info","event":"26/01/14 09:25:43 INFO DAGScheduler: Final stage: ResultStage 1 (showString at NativeMethodAccessorImpl.java:0)","logger":"airflow.task.hooks.airflow.providers.standard.hooks.subprocess.SubprocessHook","filename":"subprocess.py","lineno":99}
{"timestamp":"2026-01-14T09:25:45.112953Z","level":"info","event":"26/01/14 09:25:43 INFO DAGScheduler: Parents of final stage: List()","logger":"airflow.task.hooks.airflow.providers.standard.hooks.subprocess.SubprocessHook","filename":"subprocess.py","lineno":99}
{"timestamp":"2026-01-14T09:25:45.112978Z","level":"info","event":"26/01/14 09:25:43 INFO DAGScheduler: Missing parents: List()","logger":"airflow.task.hooks.airflow.providers.standard.hooks.subprocess.SubprocessHook","filename":"subprocess.py","lineno":99}
{"timestamp":"2026-01-14T09:25:45.112995Z","level":"info","event":"26/01/14 09:25:43 INFO DAGScheduler: Missing parents found for ResultStage 1: List()","logger":"airflow.task.hooks.airflow.providers.standard.hooks.subprocess.SubprocessHook","filename":"subprocess.py","lineno":99}
{"timestamp":"2026-01-14T09:25:45.113007Z","level":"info","event":"26/01/14 09:25:43 INFO DAGScheduler: Submitting ResultStage 1 (MapPartitionsRDD[6] at showString at NativeMethodAccessorImpl.java:0), which has no missing parents","logger":"airflow.task.hooks.airflow.providers.standard.hooks.subprocess.SubprocessHook","filename":"subprocess.py","lineno":99}
{"timestamp":"2026-01-14T09:25:45.113019Z","level":"info","event":"26/01/14 09:25:43 INFO MemoryStore: Block broadcast_1 stored as values in memory (estimated size 13.6 KiB, free 434.4 MiB)","logger":"airflow.task.hooks.airflow.providers.standard.hooks.subprocess.SubprocessHook","filename":"subprocess.py","lineno":99}
{"timestamp":"2026-01-14T09:25:45.113030Z","level":"info","event":"26/01/14 09:25:43 INFO MemoryStore: Block broadcast_1_piece0 stored as bytes in memory (estimated size 7.0 KiB, free 434.4 MiB)","logger":"airflow.task.hooks.airflow.providers.standard.hooks.subprocess.SubprocessHook","filename":"subprocess.py","lineno":99}
{"timestamp":"2026-01-14T09:25:45.113041Z","level":"info","event":"26/01/14 09:25:43 INFO SparkContext: Created broadcast 1 from broadcast at DAGScheduler.scala:1686","logger":"airflow.task.hooks.airflow.providers.standard.hooks.subprocess.SubprocessHook","filename":"subprocess.py","lineno":99}
{"timestamp":"2026-01-14T09:25:45.113052Z","level":"info","event":"26/01/14 09:25:43 INFO DAGScheduler: Submitting 3 missing tasks from ResultStage 1 (MapPartitionsRDD[6] at showString at NativeMethodAccessorImpl.java:0) (first 15 tasks are for partitions Vector(1, 2, 3))","logger":"airflow.task.hooks.airflow.providers.standard.hooks.subprocess.SubprocessHook","filename":"subprocess.py","lineno":99}
{"timestamp":"2026-01-14T09:25:45.113062Z","level":"info","event":"26/01/14 09:25:43 INFO TaskSchedulerImpl: Adding task set 1.0 with 3 tasks resource profile 0","logger":"airflow.task.hooks.airflow.providers.standard.hooks.subprocess.SubprocessHook","filename":"subprocess.py","lineno":99}
{"timestamp":"2026-01-14T09:25:45.113072Z","level":"info","event":"26/01/14 09:25:43 INFO TaskSetManager: Starting task 0.0 in stage 1.0 (TID 1) (172.18.0.8,executor 1, partition 1, PROCESS_LOCAL, 9679 bytes)","logger":"airflow.task.hooks.airflow.providers.standard.hooks.subprocess.SubprocessHook","filename":"subprocess.py","lineno":99}
{"timestamp":"2026-01-14T09:25:45.113082Z","level":"info","event":"26/01/14 09:25:43 INFO TaskSetManager: Starting task 1.0 in stage 1.0 (TID 2) (172.18.0.9,executor 0, partition 2, PROCESS_LOCAL, 9679 bytes)","logger":"airflow.task.hooks.airflow.providers.standard.hooks.subprocess.SubprocessHook","filename":"subprocess.py","lineno":99}
{"timestamp":"2026-01-14T09:25:45.113092Z","level":"info","event":"26/01/14 09:25:43 INFO TaskSetManager: Starting task 2.0 in stage 1.0 (TID 3) (172.18.0.8,executor 1, partition 3, PROCESS_LOCAL, 9722 bytes)","logger":"airflow.task.hooks.airflow.providers.standard.hooks.subprocess.SubprocessHook","filename":"subprocess.py","lineno":99}
{"timestamp":"2026-01-14T09:25:45.113102Z","level":"info","event":"26/01/14 09:25:43 INFO TaskSetManager: Finished task 2.0 in stage 1.0 (TID 3) in 87 ms on 172.18.0.8 (executor 1) (1/3)","logger":"airflow.task.hooks.airflow.providers.standard.hooks.subprocess.SubprocessHook","filename":"subprocess.py","lineno":99}
{"timestamp":"2026-01-14T09:25:45.113112Z","level":"info","event":"26/01/14 09:25:43 INFO TaskSetManager: Finished task 0.0 in stage 1.0 (TID 1) in 98 ms on 172.18.0.8 (executor 1) (2/3)","logger":"airflow.task.hooks.airflow.providers.standard.hooks.subprocess.SubprocessHook","filename":"subprocess.py","lineno":99}
{"timestamp":"2026-01-14T09:25:45.113122Z","level":"info","event":"26/01/14 09:25:44 INFO TaskSetManager: Finished task 1.0 in stage 1.0 (TID 2) in 733 ms on 172.18.0.9 (executor 0) (3/3)","logger":"airflow.task.hooks.airflow.providers.standard.hooks.subprocess.SubprocessHook","filename":"subprocess.py","lineno":99}
{"timestamp":"2026-01-14T09:25:45.113132Z","level":"info","event":"26/01/14 09:25:44 INFO TaskSchedulerImpl: Removed TaskSet 1.0 whose tasks have all completed, from pool","logger":"airflow.task.hooks.airflow.providers.standard.hooks.subprocess.SubprocessHook","filename":"subprocess.py","lineno":99}
{"timestamp":"2026-01-14T09:25:45.113142Z","level":"info","event":"26/01/14 09:25:44 INFO DAGScheduler: ResultStage 1 (showString at NativeMethodAccessorImpl.java:0) finished in 738 ms","logger":"airflow.task.hooks.airflow.providers.standard.hooks.subprocess.SubprocessHook","filename":"subprocess.py","lineno":99}
{"timestamp":"2026-01-14T09:25:45.113152Z","level":"info","event":"26/01/14 09:25:44 INFO DAGScheduler: Job 1 is finished. Cancelling potential speculative or zombie tasks for this job","logger":"airflow.task.hooks.airflow.providers.standard.hooks.subprocess.SubprocessHook","filename":"subprocess.py","lineno":99}
{"timestamp":"2026-01-14T09:25:45.113162Z","level":"info","event":"26/01/14 09:25:44 INFO TaskSchedulerImpl: Canceling stage 1","logger":"airflow.task.hooks.airflow.providers.standard.hooks.subprocess.SubprocessHook","filename":"subprocess.py","lineno":99}
{"timestamp":"2026-01-14T09:25:45.113172Z","level":"info","event":"26/01/14 09:25:44 INFO TaskSchedulerImpl: Killing all running tasks in stage 1: Stage finished","logger":"airflow.task.hooks.airflow.providers.standard.hooks.subprocess.SubprocessHook","filename":"subprocess.py","lineno":99}
{"timestamp":"2026-01-14T09:25:45.113181Z","level":"info","event":"26/01/14 09:25:44 INFO DAGScheduler: Job 1 finished: showString at NativeMethodAccessorImpl.java:0, took 740.727417 ms","logger":"airflow.task.hooks.airflow.providers.standard.hooks.subprocess.SubprocessHook","filename":"subprocess.py","lineno":99}
{"timestamp":"2026-01-14T09:25:45.113191Z","level":"info","event":"26/01/14 09:25:44 INFO CodeGenerator: Code generated in 7.2245 ms","logger":"airflow.task.hooks.airflow.providers.standard.hooks.subprocess.SubprocessHook","filename":"subprocess.py","lineno":99}
{"timestamp":"2026-01-14T09:25:45.113201Z","level":"info","event":"+-----+-----+","logger":"airflow.task.hooks.airflow.providers.standard.hooks.subprocess.SubprocessHook","filename":"subprocess.py","lineno":99}
{"timestamp":"2026-01-14T09:25:45.113211Z","level":"info","event":"| col1| col2|","logger":"airflow.task.hooks.airflow.providers.standard.hooks.subprocess.SubprocessHook","filename":"subprocess.py","lineno":99}
{"timestamp":"2026-01-14T09:25:45.113221Z","level":"info","event":"+-----+-----+","logger":"airflow.task.hooks.airflow.providers.standard.hooks.subprocess.SubprocessHook","filename":"subprocess.py","lineno":99}
{"timestamp":"2026-01-14T09:25:45.113231Z","level":"info","event":"|Hello|World|","logger":"airflow.task.hooks.airflow.providers.standard.hooks.subprocess.SubprocessHook","filename":"subprocess.py","lineno":99}
{"timestamp":"2026-01-14T09:25:45.113241Z","level":"info","event":"+-----+-----+","logger":"airflow.task.hooks.airflow.providers.standard.hooks.subprocess.SubprocessHook","filename":"subprocess.py","lineno":99}
{"timestamp":"2026-01-14T09:25:45.113251Z","level":"info","event":"","logger":"airflow.task.hooks.airflow.providers.standard.hooks.subprocess.SubprocessHook","filename":"subprocess.py","lineno":99}
{"timestamp":"2026-01-14T09:25:45.113261Z","level":"info","event":"===SPARK_JOB_SUCCESS===","logger":"airflow.task.hooks.airflow.providers.standard.hooks.subprocess.SubprocessHook","filename":"subprocess.py","lineno":99}
{"timestamp":"2026-01-14T09:25:45.113271Z","level":"info","event":"26/01/14 09:25:44 INFO SparkContext: SparkContext is stopping with exitCode 0 from stop at NativeMethodAccessorImpl.java:0.","logger":"airflow.task.hooks.airflow.providers.standard.hooks.subprocess.SubprocessHook","filename":"subprocess.py","lineno":99}
{"timestamp":"2026-01-14T09:25:45.113281Z","level":"info","event":"26/01/14 09:25:44 INFO SparkUI: Stopped Spark web UI at http://f1589074dbba:4040","logger":"airflow.task.hooks.airflow.providers.standard.hooks.subprocess.SubprocessHook","filename":"subprocess.py","lineno":99}
{"timestamp":"2026-01-14T09:25:45.113290Z","level":"info","event":"26/01/14 09:25:44 INFO StandaloneSchedulerBackend: Shutting down all executors","logger":"airflow.task.hooks.airflow.providers.standard.hooks.subprocess.SubprocessHook","filename":"subprocess.py","lineno":99}
{"timestamp":"2026-01-14T09:25:45.113301Z","level":"info","event":"26/01/14 09:25:44 INFO StandaloneSchedulerBackend$StandaloneDriverEndpoint: Asking each executor to shut down","logger":"airflow.task.hooks.airflow.providers.standard.hooks.subprocess.SubprocessHook","filename":"subprocess.py","lineno":99}
{"timestamp":"2026-01-14T09:25:45.113315Z","level":"info","event":"26/01/14 09:25:44 INFO MapOutputTrackerMasterEndpoint: MapOutputTrackerMasterEndpoint stopped!","logger":"airflow.task.hooks.airflow.providers.standard.hooks.subprocess.SubprocessHook","filename":"subprocess.py","lineno":99}
{"timestamp":"2026-01-14T09:25:45.113326Z","level":"info","event":"26/01/14 09:25:44 INFO MemoryStore: MemoryStore cleared","logger":"airflow.task.hooks.airflow.providers.standard.hooks.subprocess.SubprocessHook","filename":"subprocess.py","lineno":99}
{"timestamp":"2026-01-14T09:25:45.113336Z","level":"info","event":"26/01/14 09:25:44 INFO BlockManager: BlockManager stopped","logger":"airflow.task.hooks.airflow.providers.standard.hooks.subprocess.SubprocessHook","filename":"subprocess.py","lineno":99}
{"timestamp":"2026-01-14T09:25:45.113346Z","level":"info","event":"26/01/14 09:25:44 INFO BlockManagerMaster: BlockManagerMaster stopped","logger":"airflow.task.hooks.airflow.providers.standard.hooks.subprocess.SubprocessHook","filename":"subprocess.py","lineno":99}
{"timestamp":"2026-01-14T09:25:45.113356Z","level":"info","event":"26/01/14 09:25:44 INFO OutputCommitCoordinator$OutputCommitCoordinatorEndpoint: OutputCommitCoordinator stopped!","logger":"airflow.task.hooks.airflow.providers.standard.hooks.subprocess.SubprocessHook","filename":"subprocess.py","lineno":99}
{"timestamp":"2026-01-14T09:25:45.113366Z","level":"info","event":"26/01/14 09:25:44 INFO SparkContext: Successfully stopped SparkContext (Uptime: 5063 ms)","logger":"airflow.task.hooks.airflow.providers.standard.hooks.subprocess.SubprocessHook","filename":"subprocess.py","lineno":99}
{"timestamp":"2026-01-14T09:25:45.113376Z","level":"info","event":"------------------------------------------","logger":"airflow.task.hooks.airflow.providers.standard.hooks.subprocess.SubprocessHook","filename":"subprocess.py","lineno":99}
{"timestamp":"2026-01-14T09:25:45.113386Z","level":"info","event":"::set-output name=spark_app_id::","logger":"airflow.task.hooks.airflow.providers.standard.hooks.subprocess.SubprocessHook","filename":"subprocess.py","lineno":99}
{"timestamp":"2026-01-14T09:25:45.113396Z","level":"info","event":"Spark appId:","logger":"airflow.task.hooks.airflow.providers.standard.hooks.subprocess.SubprocessHook","filename":"subprocess.py","lineno":99}
{"timestamp":"2026-01-14T09:25:45.113473Z","level":"info","event":"Command exited with return code 1","logger":"airflow.task.hooks.airflow.providers.standard.hooks.subprocess.SubprocessHook","filename":"subprocess.py","lineno":103}
{"timestamp":"2026-01-14T09:25:45.113844Z","level":"error","event":"Task failed with exception","logger":"task","filename":"task_runner.py","lineno":1056,"error_detail":[{"exc_type":"AirflowException","exc_value":"Bash command failed. The command returned a non-zero exit code 1.","exc_notes":[],"syntax_error":null,"is_cause":false,"frames":[{"filename":"/opt/airflow/venv/lib/python3.10/site-packages/airflow/sdk/execution_time/task_runner.py","lineno":1004,"name":"run"},{"filename":"/opt/airflow/venv/lib/python3.10/site-packages/airflow/sdk/execution_time/task_runner.py","lineno":1405,"name":"_execute_task"},{"filename":"/opt/airflow/venv/lib/python3.10/site-packages/airflow/sdk/bases/operator.py","lineno":417,"name":"wrapper"},{"filename":"/opt/airflow/venv/lib/python3.10/site-packages/airflow/providers/standard/operators/bash.py","lineno":227,"name":"execute"}],"is_group":false,"exceptions":[]}]}
